[S1] 2025/11/27 13:07:39.421281 
[At the start of applier] 🗂 S1 | Term=0 | Role=Follower | CommitIndex=0 | LastApplied=0
[S1] 2025/11/27 13:07:39.421322      📜 Log: 
[S1] 2025/11/27 13:07:39.421327         [0:T0] 
[S1] 2025/11/27 13:07:39.421329 
[S1] 2025/11/27 13:07:39.421332 ---------------------------------------------------
[S1] 2025/11/27 13:07:39.943974 
[At the start of AppendEntries] 🗂 S1 | Term=1 | Role=Follower | CommitIndex=0 | LastApplied=0
[S1] 2025/11/27 13:07:39.943988      📜 Log: 
[S1] 2025/11/27 13:07:39.943993         [0:T0] 
[S1] 2025/11/27 13:07:39.943998 
[S1] 2025/11/27 13:07:39.944003 ---------------------------------------------------
[S1] 2025/11/27 13:07:39.944009 
[At the end of AppendEntries] 🗂 S1 | Term=1 | Role=Follower | CommitIndex=0 | LastApplied=0
[S1] 2025/11/27 13:07:39.944016      📜 Log: 
[S1] 2025/11/27 13:07:39.944020         [0:T0] 
[S1] 2025/11/27 13:07:39.944025 
[S1] 2025/11/27 13:07:39.944030 ---------------------------------------------------
[S1] 2025/11/27 13:07:40.051873 
[At the start of AppendEntries] 🗂 S1 | Term=1 | Role=Follower | CommitIndex=0 | LastApplied=0
[S1] 2025/11/27 13:07:40.051919      📜 Log: 
[S1] 2025/11/27 13:07:40.051930         [0:T0] 
[S1] 2025/11/27 13:07:40.051938 
[S1] 2025/11/27 13:07:40.051944 ---------------------------------------------------
[S1] 2025/11/27 13:07:40.051997 
[At the end of AppendEntries] 🗂 S1 | Term=1 | Role=Follower | CommitIndex=0 | LastApplied=0
[S1] 2025/11/27 13:07:40.052005      📜 Log: 
[S1] 2025/11/27 13:07:40.052011         [0:T0] 
[S1] 2025/11/27 13:07:40.052017         [1:T1] 
[S1] 2025/11/27 13:07:40.052023 
[S1] 2025/11/27 13:07:40.052030 ---------------------------------------------------
[S1] 2025/11/27 13:07:40.160955 
[At the start of AppendEntries] 🗂 S1 | Term=1 | Role=Follower | CommitIndex=0 | LastApplied=0
[S1] 2025/11/27 13:07:40.160976      📜 Log: 
[S1] 2025/11/27 13:07:40.160984         [0:T0] 
[S1] 2025/11/27 13:07:40.160992         [1:T1] 
[S1] 2025/11/27 13:07:40.160999 
[S1] 2025/11/27 13:07:40.161006 ---------------------------------------------------
[S1] 2025/11/27 13:07:40.161097 
[At the end of AppendEntries] 🗂 S1 | Term=1 | Role=Follower | CommitIndex=1 | LastApplied=0
[S1] 2025/11/27 13:07:40.161106      📜 Log: 
[S1] 2025/11/27 13:07:40.161113         [0:T0] 
[S1] 2025/11/27 13:07:40.161122         [1:T1] 
[S1] 2025/11/27 13:07:40.161130 
[S1] 2025/11/27 13:07:40.161138 ---------------------------------------------------
