[S0] 2025/11/27 13:07:39.421265 
[At the start of applier] 🗂 S0 | Term=0 | Role=Follower | CommitIndex=0 | LastApplied=0
[S0] 2025/11/27 13:07:39.421306      📜 Log: 
[S0] 2025/11/27 13:07:39.421310         [0:T0] 
[S0] 2025/11/27 13:07:39.421313 
[S0] 2025/11/27 13:07:39.421315 ---------------------------------------------------
[S0] 2025/11/27 13:07:39.944163 
[At the start of AppendEntries] 🗂 S0 | Term=1 | Role=Follower | CommitIndex=0 | LastApplied=0
[S0] 2025/11/27 13:07:39.944271      📜 Log: 
[S0] 2025/11/27 13:07:39.944284         [0:T0] 
[S0] 2025/11/27 13:07:39.944293 
[S0] 2025/11/27 13:07:39.944300 ---------------------------------------------------
[S0] 2025/11/27 13:07:39.944309 
[At the end of AppendEntries] 🗂 S0 | Term=1 | Role=Follower | CommitIndex=0 | LastApplied=0
[S0] 2025/11/27 13:07:39.944318      📜 Log: 
[S0] 2025/11/27 13:07:39.944324         [0:T0] 
[S0] 2025/11/27 13:07:39.944331 
[S0] 2025/11/27 13:07:39.944337 ---------------------------------------------------
[S0] 2025/11/27 13:07:40.051971 
[At the start of AppendEntries] 🗂 S0 | Term=1 | Role=Follower | CommitIndex=0 | LastApplied=0
[S0] 2025/11/27 13:07:40.052053      📜 Log: 
[S0] 2025/11/27 13:07:40.052064         [0:T0] 
[S0] 2025/11/27 13:07:40.052072 
[S0] 2025/11/27 13:07:40.052078 ---------------------------------------------------
[S0] 2025/11/27 13:07:40.052150 
[At the end of AppendEntries] 🗂 S0 | Term=1 | Role=Follower | CommitIndex=0 | LastApplied=0
[S0] 2025/11/27 13:07:40.052159      📜 Log: 
[S0] 2025/11/27 13:07:40.052165         [0:T0] 
[S0] 2025/11/27 13:07:40.052172         [1:T1] 
[S0] 2025/11/27 13:07:40.052178 
[S0] 2025/11/27 13:07:40.052183 ---------------------------------------------------
[S0] 2025/11/27 13:07:40.161095 
[At the start of AppendEntries] 🗂 S0 | Term=1 | Role=Follower | CommitIndex=0 | LastApplied=0
[S0] 2025/11/27 13:07:40.161194      📜 Log: 
[S0] 2025/11/27 13:07:40.161207         [0:T0] 
[S0] 2025/11/27 13:07:40.161216         [1:T1] 
[S0] 2025/11/27 13:07:40.161224 
[S0] 2025/11/27 13:07:40.161231 ---------------------------------------------------
[S0] 2025/11/27 13:07:40.161242 
[At the end of AppendEntries] 🗂 S0 | Term=1 | Role=Follower | CommitIndex=1 | LastApplied=0
[S0] 2025/11/27 13:07:40.161251      📜 Log: 
[S0] 2025/11/27 13:07:40.161259         [0:T0] 
[S0] 2025/11/27 13:07:40.161266         [1:T1] 
[S0] 2025/11/27 13:07:40.161273 
[S0] 2025/11/27 13:07:40.161280 ---------------------------------------------------
