[S2] 2025/11/27 13:07:39.421351 
[At the start of applier] 🗂 S2 | Term=0 | Role=Follower | CommitIndex=0 | LastApplied=0
[S2] 2025/11/27 13:07:39.421373      📜 Log: 
[S2] 2025/11/27 13:07:39.421377         [0:T0] 
[S2] 2025/11/27 13:07:39.421380 
[S2] 2025/11/27 13:07:39.421382 ---------------------------------------------------
[S2] 2025/11/27 13:07:39.942364 
[At the start of startElection] 🗂 S2 | Term=0 | Role=Follower | CommitIndex=0 | LastApplied=0
[S2] 2025/11/27 13:07:39.942515      📜 Log: 
[S2] 2025/11/27 13:07:39.942529         [0:T0] 
[S2] 2025/11/27 13:07:39.942538 
[S2] 2025/11/27 13:07:39.942545 ---------------------------------------------------
[S2] 2025/11/27 13:07:39.942705 
[At the end of startElection] 🗂 S2 | Term=1 | Role=Candidate | CommitIndex=0 | LastApplied=0
[S2] 2025/11/27 13:07:39.942721      📜 Log: 
[S2] 2025/11/27 13:07:39.942729         [0:T0] 
[S2] 2025/11/27 13:07:39.942736 
[S2] 2025/11/27 13:07:39.942742 ---------------------------------------------------
[S2] 2025/11/27 13:07:39.943494 
[At the start of broadcast] 🗂 S2 | Term=1 | Role=Leader | CommitIndex=0 | LastApplied=0
[S2] 2025/11/27 13:07:39.943589      📜 Log: 
[S2] 2025/11/27 13:07:39.943600         [0:T0] 
[S2] 2025/11/27 13:07:39.943607 
[S2] 2025/11/27 13:07:39.943613      📌 nextIndex:  [1 1 1]
[S2] 2025/11/27 13:07:39.943627      📎 matchIndex: [0 0 0]
[S2] 2025/11/27 13:07:39.943634 ---------------------------------------------------
[S2] 2025/11/27 13:07:39.943652 
[At the end of broadcast] 🗂 S2 | Term=1 | Role=Leader | CommitIndex=0 | LastApplied=0
[S2] 2025/11/27 13:07:39.943659      📜 Log: 
[S2] 2025/11/27 13:07:39.943664         [0:T0] 
[S2] 2025/11/27 13:07:39.943669 
[S2] 2025/11/27 13:07:39.943674      📌 nextIndex:  [1 1 1]
[S2] 2025/11/27 13:07:39.943682      📎 matchIndex: [0 0 0]
[S2] 2025/11/27 13:07:39.943688 ---------------------------------------------------
[S2] 2025/11/27 13:07:39.944159 
[At the start of handleAppendEntriesReply] 🗂 S2 | Term=1 | Role=Leader | CommitIndex=0 | LastApplied=0
[S2] 2025/11/27 13:07:39.944170      📜 Log: 
[S2] 2025/11/27 13:07:39.944175         [0:T0] 
[S2] 2025/11/27 13:07:39.944180 
[S2] 2025/11/27 13:07:39.944185      📌 nextIndex:  [1 1 1]
[S2] 2025/11/27 13:07:39.944192      📎 matchIndex: [0 0 0]
[S2] 2025/11/27 13:07:39.944199 ---------------------------------------------------
[S2] 2025/11/27 13:07:39.944205 
[At the end of handleAppendEntriesReply] 🗂 S2 | Term=1 | Role=Leader | CommitIndex=0 | LastApplied=0
[S2] 2025/11/27 13:07:39.944211      📜 Log: 
[S2] 2025/11/27 13:07:39.944216         [0:T0] 
[S2] 2025/11/27 13:07:39.944221 
[S2] 2025/11/27 13:07:39.944226      📌 nextIndex:  [1 1 1]
[S2] 2025/11/27 13:07:39.944232      📎 matchIndex: [0 0 0]
[S2] 2025/11/27 13:07:39.944238 ---------------------------------------------------
[S2] 2025/11/27 13:07:39.944510 
[At the start of handleAppendEntriesReply] 🗂 S2 | Term=1 | Role=Leader | CommitIndex=0 | LastApplied=0
[S2] 2025/11/27 13:07:39.944529      📜 Log: 
[S2] 2025/11/27 13:07:39.944535         [0:T0] 
[S2] 2025/11/27 13:07:39.944542 
[S2] 2025/11/27 13:07:39.944548      📌 nextIndex:  [1 1 1]
[S2] 2025/11/27 13:07:39.944561      📎 matchIndex: [0 0 0]
[S2] 2025/11/27 13:07:39.944569 ---------------------------------------------------
[S2] 2025/11/27 13:07:39.944576 
[At the end of handleAppendEntriesReply] 🗂 S2 | Term=1 | Role=Leader | CommitIndex=0 | LastApplied=0
[S2] 2025/11/27 13:07:39.944583      📜 Log: 
[S2] 2025/11/27 13:07:39.944588         [0:T0] 
[S2] 2025/11/27 13:07:39.944594 
[S2] 2025/11/27 13:07:39.944599      📌 nextIndex:  [1 1 1]
[S2] 2025/11/27 13:07:39.944607      📎 matchIndex: [0 0 0]
[S2] 2025/11/27 13:07:39.944614 ---------------------------------------------------
[S2] 2025/11/27 13:07:40.050887 
[At the start of broadcast] 🗂 S2 | Term=1 | Role=Leader | CommitIndex=0 | LastApplied=0
[S2] 2025/11/27 13:07:40.051089      📜 Log: 
[S2] 2025/11/27 13:07:40.051143         [0:T0] 
[S2] 2025/11/27 13:07:40.051156         [1:T1] 
[S2] 2025/11/27 13:07:40.051206 
[S2] 2025/11/27 13:07:40.051219      📌 nextIndex:  [1 1 1]
[S2] 2025/11/27 13:07:40.051237      📎 matchIndex: [0 0 1]
[S2] 2025/11/27 13:07:40.051245 ---------------------------------------------------
[S2] 2025/11/27 13:07:40.051277 
[At the end of broadcast] 🗂 S2 | Term=1 | Role=Leader | CommitIndex=0 | LastApplied=0
[S2] 2025/11/27 13:07:40.051288      📜 Log: 
[S2] 2025/11/27 13:07:40.051294         [0:T0] 
[S2] 2025/11/27 13:07:40.051300         [1:T1] 
[S2] 2025/11/27 13:07:40.051306 
[S2] 2025/11/27 13:07:40.051312      📌 nextIndex:  [1 1 1]
[S2] 2025/11/27 13:07:40.051320      📎 matchIndex: [0 0 1]
[S2] 2025/11/27 13:07:40.051328 ---------------------------------------------------
[S2] 2025/11/27 13:07:40.052288 
[At the start of handleAppendEntriesReply] 🗂 S2 | Term=1 | Role=Leader | CommitIndex=0 | LastApplied=0
[S2] 2025/11/27 13:07:40.052303      📜 Log: 
[S2] 2025/11/27 13:07:40.052309         [0:T0] 
[S2] 2025/11/27 13:07:40.052316         [1:T1] 
[S2] 2025/11/27 13:07:40.052322 
[S2] 2025/11/27 13:07:40.052328      📌 nextIndex:  [1 1 1]
[S2] 2025/11/27 13:07:40.052336      📎 matchIndex: [0 0 1]
[S2] 2025/11/27 13:07:40.052344 ---------------------------------------------------
[S2] 2025/11/27 13:07:40.052356 
[At the end of handleAppendEntriesReply] 🗂 S2 | Term=1 | Role=Leader | CommitIndex=1 | LastApplied=0
[S2] 2025/11/27 13:07:40.052363      📜 Log: 
[S2] 2025/11/27 13:07:40.052369         [0:T0] 
[S2] 2025/11/27 13:07:40.052375         [1:T1] 
[S2] 2025/11/27 13:07:40.052381 
[S2] 2025/11/27 13:07:40.052387      📌 nextIndex:  [1 2 1]
[S2] 2025/11/27 13:07:40.052394      📎 matchIndex: [0 1 1]
[S2] 2025/11/27 13:07:40.052402 ---------------------------------------------------
[S2] 2025/11/27 13:07:40.052409 
[At the start of handleAppendEntriesReply] 🗂 S2 | Term=1 | Role=Leader | CommitIndex=1 | LastApplied=0
[S2] 2025/11/27 13:07:40.052422      📜 Log: 
[S2] 2025/11/27 13:07:40.052429         [0:T0] 
[S2] 2025/11/27 13:07:40.052435         [1:T1] 
[S2] 2025/11/27 13:07:40.052441 
[S2] 2025/11/27 13:07:40.052447      📌 nextIndex:  [1 2 1]
[S2] 2025/11/27 13:07:40.052462      📎 matchIndex: [0 1 1]
[S2] 2025/11/27 13:07:40.052471 ---------------------------------------------------
[S2] 2025/11/27 13:07:40.052479 
[At the end of handleAppendEntriesReply] 🗂 S2 | Term=1 | Role=Leader | CommitIndex=1 | LastApplied=0
[S2] 2025/11/27 13:07:40.052486      📜 Log: 
[S2] 2025/11/27 13:07:40.052492         [0:T0] 
[S2] 2025/11/27 13:07:40.052498         [1:T1] 
[S2] 2025/11/27 13:07:40.052504 
[S2] 2025/11/27 13:07:40.052509      📌 nextIndex:  [2 2 1]
[S2] 2025/11/27 13:07:40.052517      📎 matchIndex: [1 1 1]
[S2] 2025/11/27 13:07:40.052525 ---------------------------------------------------
[S2] 2025/11/27 13:07:40.158612 
[At the start of broadcast] 🗂 S2 | Term=1 | Role=Leader | CommitIndex=1 | LastApplied=1
[S2] 2025/11/27 13:07:40.158725      📜 Log: 
[S2] 2025/11/27 13:07:40.158740         [0:T0] 
[S2] 2025/11/27 13:07:40.158750         [1:T1] 
[S2] 2025/11/27 13:07:40.158757 
[S2] 2025/11/27 13:07:40.158767      📌 nextIndex:  [2 2 1]
[S2] 2025/11/27 13:07:40.158787      📎 matchIndex: [1 1 1]
[S2] 2025/11/27 13:07:40.158832 ---------------------------------------------------
[S2] 2025/11/27 13:07:40.160333 
[At the end of broadcast] 🗂 S2 | Term=1 | Role=Leader | CommitIndex=1 | LastApplied=1
[S2] 2025/11/27 13:07:40.160347      📜 Log: 
[S2] 2025/11/27 13:07:40.160354         [0:T0] 
[S2] 2025/11/27 13:07:40.160362         [1:T1] 
[S2] 2025/11/27 13:07:40.160369 
[S2] 2025/11/27 13:07:40.160377      📌 nextIndex:  [2 2 1]
[S2] 2025/11/27 13:07:40.160387      📎 matchIndex: [1 1 1]
[S2] 2025/11/27 13:07:40.160396 ---------------------------------------------------
[S2] 2025/11/27 13:07:40.161372 
[At the start of handleAppendEntriesReply] 🗂 S2 | Term=1 | Role=Leader | CommitIndex=1 | LastApplied=1
[S2] 2025/11/27 13:07:40.161389      📜 Log: 
[S2] 2025/11/27 13:07:40.161397         [0:T0] 
[S2] 2025/11/27 13:07:40.161429         [1:T1] 
[S2] 2025/11/27 13:07:40.161437 
[S2] 2025/11/27 13:07:40.161445      📌 nextIndex:  [2 2 1]
[S2] 2025/11/27 13:07:40.161455      📎 matchIndex: [1 1 1]
[S2] 2025/11/27 13:07:40.161464 ---------------------------------------------------
[S2] 2025/11/27 13:07:40.161472 
[At the end of handleAppendEntriesReply] 🗂 S2 | Term=1 | Role=Leader | CommitIndex=1 | LastApplied=1
[S2] 2025/11/27 13:07:40.161480      📜 Log: 
[S2] 2025/11/27 13:07:40.161487         [0:T0] 
[S2] 2025/11/27 13:07:40.161494         [1:T1] 
[S2] 2025/11/27 13:07:40.161501 
[S2] 2025/11/27 13:07:40.161508      📌 nextIndex:  [2 2 1]
[S2] 2025/11/27 13:07:40.161517      📎 matchIndex: [1 1 1]
[S2] 2025/11/27 13:07:40.161526 ---------------------------------------------------
[S2] 2025/11/27 13:07:40.161539 
[At the start of handleAppendEntriesReply] 🗂 S2 | Term=1 | Role=Leader | CommitIndex=1 | LastApplied=1
[S2] 2025/11/27 13:07:40.161553      📜 Log: 
[S2] 2025/11/27 13:07:40.161561         [0:T0] 
[S2] 2025/11/27 13:07:40.161568         [1:T1] 
[S2] 2025/11/27 13:07:40.161576 
[S2] 2025/11/27 13:07:40.161583      📌 nextIndex:  [2 2 1]
[S2] 2025/11/27 13:07:40.161601      📎 matchIndex: [1 1 1]
[S2] 2025/11/27 13:07:40.161610 ---------------------------------------------------
[S2] 2025/11/27 13:07:40.161619 
[At the end of handleAppendEntriesReply] 🗂 S2 | Term=1 | Role=Leader | CommitIndex=1 | LastApplied=1
[S2] 2025/11/27 13:07:40.161627      📜 Log: 
[S2] 2025/11/27 13:07:40.161634         [0:T0] 
[S2] 2025/11/27 13:07:40.161641         [1:T1] 
[S2] 2025/11/27 13:07:40.161648 
[S2] 2025/11/27 13:07:40.161655      📌 nextIndex:  [2 2 1]
[S2] 2025/11/27 13:07:40.161665      📎 matchIndex: [1 1 1]
[S2] 2025/11/27 13:07:40.161674 ---------------------------------------------------
