[S5] 2025/11/27 10:49:10.576174 
[At the start of applier] 🗂 S5 | Term=0 | Role=Follower | CommitIndex=0 | LastApplied=0
[S5] 2025/11/27 10:49:10.576229      📜 Log: 
[S5] 2025/11/27 10:49:10.576236         [0:T0] 
[S5] 2025/11/27 10:49:10.576239 
[S5] 2025/11/27 10:49:10.576242 ---------------------------------------------------
[S5] 2025/11/27 10:49:11.149359 
[At the start of AppendEntries] 🗂 S5 | Term=1 | Role=Follower | CommitIndex=0 | LastApplied=0
[S5] 2025/11/27 10:49:11.149404      📜 Log: 
[S5] 2025/11/27 10:49:11.149415         [0:T0] 
[S5] 2025/11/27 10:49:11.149424 
[S5] 2025/11/27 10:49:11.149431 ---------------------------------------------------
[S5] 2025/11/27 10:49:11.149439 
[At the end of AppendEntries] 🗂 S5 | Term=1 | Role=Follower | CommitIndex=0 | LastApplied=0
[S5] 2025/11/27 10:49:11.149447      📜 Log: 
[S5] 2025/11/27 10:49:11.149453         [0:T0] 
[S5] 2025/11/27 10:49:11.149459 
[S5] 2025/11/27 10:49:11.149465 ---------------------------------------------------
[S5] 2025/11/27 10:49:11.253826 
[At the start of AppendEntries] 🗂 S5 | Term=1 | Role=Follower | CommitIndex=0 | LastApplied=0
[S5] 2025/11/27 10:49:11.253840      📜 Log: 
[S5] 2025/11/27 10:49:11.253844         [0:T0] 
[S5] 2025/11/27 10:49:11.253847 
[S5] 2025/11/27 10:49:11.253849 ---------------------------------------------------
[S5] 2025/11/27 10:49:11.253851 
[At the end of AppendEntries] 🗂 S5 | Term=1 | Role=Follower | CommitIndex=0 | LastApplied=0
[S5] 2025/11/27 10:49:11.253854      📜 Log: 
[S5] 2025/11/27 10:49:11.253857         [0:T0] 
[S5] 2025/11/27 10:49:11.253860 
[S5] 2025/11/27 10:49:11.253862 ---------------------------------------------------
[S5] 2025/11/27 10:49:11.361386 
[At the start of AppendEntries] 🗂 S5 | Term=1 | Role=Follower | CommitIndex=0 | LastApplied=0
[S5] 2025/11/27 10:49:11.361421      📜 Log: 
[S5] 2025/11/27 10:49:11.361430         [0:T0] 
[S5] 2025/11/27 10:49:11.361440 
[S5] 2025/11/27 10:49:11.361449 ---------------------------------------------------
[S5] 2025/11/27 10:49:11.361459 
[At the end of AppendEntries] 🗂 S5 | Term=1 | Role=Follower | CommitIndex=0 | LastApplied=0
[S5] 2025/11/27 10:49:11.361470      📜 Log: 
[S5] 2025/11/27 10:49:11.361479         [0:T0] 
[S5] 2025/11/27 10:49:11.361487 
[S5] 2025/11/27 10:49:11.361495 ---------------------------------------------------
[S5] 2025/11/27 10:49:11.469556 
[At the start of AppendEntries] 🗂 S5 | Term=1 | Role=Follower | CommitIndex=0 | LastApplied=0
[S5] 2025/11/27 10:49:11.469582      📜 Log: 
[S5] 2025/11/27 10:49:11.469590         [0:T0] 
[S5] 2025/11/27 10:49:11.469597 
[S5] 2025/11/27 10:49:11.469605 ---------------------------------------------------
[S5] 2025/11/27 10:49:11.469612 
[At the end of AppendEntries] 🗂 S5 | Term=1 | Role=Follower | CommitIndex=0 | LastApplied=0
[S5] 2025/11/27 10:49:11.469621      📜 Log: 
[S5] 2025/11/27 10:49:11.469653         [0:T0] 
[S5] 2025/11/27 10:49:11.469661 
[S5] 2025/11/27 10:49:11.469666 ---------------------------------------------------
[S5] 2025/11/27 10:49:11.573502 
[At the start of AppendEntries] 🗂 S5 | Term=1 | Role=Follower | CommitIndex=0 | LastApplied=0
[S5] 2025/11/27 10:49:11.573541      📜 Log: 
[S5] 2025/11/27 10:49:11.573555         [0:T0] 
[S5] 2025/11/27 10:49:11.573568 
[S5] 2025/11/27 10:49:11.573580 ---------------------------------------------------
[S5] 2025/11/27 10:49:11.573598 
[At the end of AppendEntries] 🗂 S5 | Term=1 | Role=Follower | CommitIndex=0 | LastApplied=0
[S5] 2025/11/27 10:49:11.573612      📜 Log: 
[S5] 2025/11/27 10:49:11.573651         [0:T0] 
[S5] 2025/11/27 10:49:11.573675 
[S5] 2025/11/27 10:49:11.573685 ---------------------------------------------------
[S5] 2025/11/27 10:49:12.074854 
[At the start of startElection] 🗂 S5 | Term=1 | Role=Follower | CommitIndex=0 | LastApplied=0
[S5] 2025/11/27 10:49:12.074918      📜 Log: 
[S5] 2025/11/27 10:49:12.074925         [0:T0] 
[S5] 2025/11/27 10:49:12.074929 
[S5] 2025/11/27 10:49:12.074933 ---------------------------------------------------
[S5] 2025/11/27 10:49:12.075031 
[At the end of startElection] 🗂 S5 | Term=2 | Role=Candidate | CommitIndex=0 | LastApplied=0
[S5] 2025/11/27 10:49:12.075038      📜 Log: 
[S5] 2025/11/27 10:49:12.075042         [0:T0] 
[S5] 2025/11/27 10:49:12.075046 
[S5] 2025/11/27 10:49:12.075049 ---------------------------------------------------
[S5] 2025/11/27 10:49:12.172781 
[At the start of AppendEntries] 🗂 S5 | Term=2 | Role=Candidate | CommitIndex=0 | LastApplied=0
[S5] 2025/11/27 10:49:12.172797      📜 Log: 
[S5] 2025/11/27 10:49:12.172803         [0:T0] 
[S5] 2025/11/27 10:49:12.172807 
[S5] 2025/11/27 10:49:12.172810 ---------------------------------------------------
[S5] 2025/11/27 10:49:12.172818 
[At the end of AppendEntries] 🗂 S5 | Term=2 | Role=Follower | CommitIndex=0 | LastApplied=0
[S5] 2025/11/27 10:49:12.172823      📜 Log: 
[S5] 2025/11/27 10:49:12.172827         [0:T0] 
[S5] 2025/11/27 10:49:12.172831 
[S5] 2025/11/27 10:49:12.172835 ---------------------------------------------------
[S5] 2025/11/27 10:49:12.277918 
[At the start of AppendEntries] 🗂 S5 | Term=2 | Role=Follower | CommitIndex=0 | LastApplied=0
[S5] 2025/11/27 10:49:12.277939      📜 Log: 
[S5] 2025/11/27 10:49:12.277945         [0:T0] 
[S5] 2025/11/27 10:49:12.277949 
[S5] 2025/11/27 10:49:12.277952 ---------------------------------------------------
[S5] 2025/11/27 10:49:12.277957 
[At the end of AppendEntries] 🗂 S5 | Term=2 | Role=Follower | CommitIndex=0 | LastApplied=0
[S5] 2025/11/27 10:49:12.277961      📜 Log: 
[S5] 2025/11/27 10:49:12.277964         [0:T0] 
[S5] 2025/11/27 10:49:12.277968 
[S5] 2025/11/27 10:49:12.277971 ---------------------------------------------------
[S5] 2025/11/27 10:49:12.382520 
[At the start of AppendEntries] 🗂 S5 | Term=2 | Role=Follower | CommitIndex=0 | LastApplied=0
[S5] 2025/11/27 10:49:12.382601      📜 Log: 
[S5] 2025/11/27 10:49:12.382610         [0:T0] 
[S5] 2025/11/27 10:49:12.382617 
[S5] 2025/11/27 10:49:12.382664 ---------------------------------------------------
[S5] 2025/11/27 10:49:12.382680 
[At the end of AppendEntries] 🗂 S5 | Term=2 | Role=Follower | CommitIndex=0 | LastApplied=0
[S5] 2025/11/27 10:49:12.382691      📜 Log: 
[S5] 2025/11/27 10:49:12.382699         [0:T0] 
[S5] 2025/11/27 10:49:12.382707 
[S5] 2025/11/27 10:49:12.382715 ---------------------------------------------------
[S5] 2025/11/27 10:49:12.433925 
[At the start of AppendEntries] 🗂 S5 | Term=3 | Role=Follower | CommitIndex=0 | LastApplied=0
[S5] 2025/11/27 10:49:12.433928      📜 Log: 
[S5] 2025/11/27 10:49:12.433929         [0:T0] 
[S5] 2025/11/27 10:49:12.433929 
[S5] 2025/11/27 10:49:12.433930 ---------------------------------------------------
[S5] 2025/11/27 10:49:12.433931 
[At the end of AppendEntries] 🗂 S5 | Term=3 | Role=Follower | CommitIndex=0 | LastApplied=0
[S5] 2025/11/27 10:49:12.433932      📜 Log: 
[S5] 2025/11/27 10:49:12.433933         [0:T0] 
[S5] 2025/11/27 10:49:12.433934 
[S5] 2025/11/27 10:49:12.433935 ---------------------------------------------------
[S5] 2025/11/27 10:49:12.540259 
[At the start of AppendEntries] 🗂 S5 | Term=3 | Role=Follower | CommitIndex=0 | LastApplied=0
[S5] 2025/11/27 10:49:12.540329      📜 Log: 
[S5] 2025/11/27 10:49:12.540343         [0:T0] 
[S5] 2025/11/27 10:49:12.540353 
[S5] 2025/11/27 10:49:12.540360 ---------------------------------------------------
[S5] 2025/11/27 10:49:12.540370 
[At the end of AppendEntries] 🗂 S5 | Term=3 | Role=Follower | CommitIndex=0 | LastApplied=0
[S5] 2025/11/27 10:49:12.540380      📜 Log: 
[S5] 2025/11/27 10:49:12.540388         [0:T0] 
[S5] 2025/11/27 10:49:12.540396 
[S5] 2025/11/27 10:49:12.540403 ---------------------------------------------------
[S5] 2025/11/27 10:49:12.644781 
[At the start of AppendEntries] 🗂 S5 | Term=3 | Role=Follower | CommitIndex=0 | LastApplied=0
[S5] 2025/11/27 10:49:12.644848      📜 Log: 
[S5] 2025/11/27 10:49:12.644859         [0:T0] 
[S5] 2025/11/27 10:49:12.644866 
[S5] 2025/11/27 10:49:12.644872 ---------------------------------------------------
[S5] 2025/11/27 10:49:12.644899 
[At the end of AppendEntries] 🗂 S5 | Term=3 | Role=Follower | CommitIndex=0 | LastApplied=0
[S5] 2025/11/27 10:49:12.644906      📜 Log: 
[S5] 2025/11/27 10:49:12.644915         [0:T0] 
[S5] 2025/11/27 10:49:12.644921 
[S5] 2025/11/27 10:49:12.644928 ---------------------------------------------------
[S5] 2025/11/27 10:49:12.752077 
[At the start of AppendEntries] 🗂 S5 | Term=3 | Role=Follower | CommitIndex=0 | LastApplied=0
[S5] 2025/11/27 10:49:12.752135      📜 Log: 
[S5] 2025/11/27 10:49:12.752143         [0:T0] 
[S5] 2025/11/27 10:49:12.752150 
[S5] 2025/11/27 10:49:12.752155 ---------------------------------------------------
[S5] 2025/11/27 10:49:12.752161 
[At the end of AppendEntries] 🗂 S5 | Term=3 | Role=Follower | CommitIndex=0 | LastApplied=0
[S5] 2025/11/27 10:49:12.752167      📜 Log: 
[S5] 2025/11/27 10:49:12.752176         [0:T0] 
[S5] 2025/11/27 10:49:12.752181 
[S5] 2025/11/27 10:49:12.752189 ---------------------------------------------------
[S5] 2025/11/27 10:49:12.854057 
[At the start of AppendEntries] 🗂 S5 | Term=3 | Role=Follower | CommitIndex=0 | LastApplied=0
[S5] 2025/11/27 10:49:12.854061      📜 Log: 
[S5] 2025/11/27 10:49:12.854063         [0:T0] 
[S5] 2025/11/27 10:49:12.854064 
[S5] 2025/11/27 10:49:12.854065 ---------------------------------------------------
[S5] 2025/11/27 10:49:12.854066 
[At the end of AppendEntries] 🗂 S5 | Term=3 | Role=Follower | CommitIndex=0 | LastApplied=0
[S5] 2025/11/27 10:49:12.854068      📜 Log: 
[S5] 2025/11/27 10:49:12.854069         [0:T0] 
[S5] 2025/11/27 10:49:12.854070 
[S5] 2025/11/27 10:49:12.854071 ---------------------------------------------------
[S5] 2025/11/27 10:49:12.958024 
[At the start of AppendEntries] 🗂 S5 | Term=3 | Role=Follower | CommitIndex=0 | LastApplied=0
[S5] 2025/11/27 10:49:12.958063      📜 Log: 
[S5] 2025/11/27 10:49:12.958069         [0:T0] 
[S5] 2025/11/27 10:49:12.958075 
[S5] 2025/11/27 10:49:12.958079 ---------------------------------------------------
[S5] 2025/11/27 10:49:12.958084 
[At the end of AppendEntries] 🗂 S5 | Term=3 | Role=Follower | CommitIndex=0 | LastApplied=0
[S5] 2025/11/27 10:49:12.958089      📜 Log: 
[S5] 2025/11/27 10:49:12.958092         [0:T0] 
[S5] 2025/11/27 10:49:12.958095 
[S5] 2025/11/27 10:49:12.958097 ---------------------------------------------------
[S5] 2025/11/27 10:49:13.061011 
[At the start of AppendEntries] 🗂 S5 | Term=3 | Role=Follower | CommitIndex=0 | LastApplied=0
[S5] 2025/11/27 10:49:13.061576      📜 Log: 
[S5] 2025/11/27 10:49:13.061596         [0:T0] 
[S5] 2025/11/27 10:49:13.061609 
[S5] 2025/11/27 10:49:13.061612 ---------------------------------------------------
[S5] 2025/11/27 10:49:13.061616 
[At the end of AppendEntries] 🗂 S5 | Term=3 | Role=Follower | CommitIndex=0 | LastApplied=0
[S5] 2025/11/27 10:49:13.061622      📜 Log: 
[S5] 2025/11/27 10:49:13.061644         [0:T0] 
[S5] 2025/11/27 10:49:13.061776 
[S5] 2025/11/27 10:49:13.061792 ---------------------------------------------------
[S5] 2025/11/27 10:49:13.154241 
[At the start of AppendEntries] 🗂 S5 | Term=4 | Role=Follower | CommitIndex=0 | LastApplied=0
[S5] 2025/11/27 10:49:13.154248      📜 Log: 
[S5] 2025/11/27 10:49:13.154251         [0:T0] 
[S5] 2025/11/27 10:49:13.154254 
[S5] 2025/11/27 10:49:13.154256 ---------------------------------------------------
[S5] 2025/11/27 10:49:13.154259 
[At the end of AppendEntries] 🗂 S5 | Term=4 | Role=Follower | CommitIndex=0 | LastApplied=0
[S5] 2025/11/27 10:49:13.154262      📜 Log: 
[S5] 2025/11/27 10:49:13.154265         [0:T0] 
[S5] 2025/11/27 10:49:13.154268 
[S5] 2025/11/27 10:49:13.154270 ---------------------------------------------------
[S5] 2025/11/27 10:49:13.257876 
[At the start of AppendEntries] 🗂 S5 | Term=4 | Role=Follower | CommitIndex=0 | LastApplied=0
[S5] 2025/11/27 10:49:13.257929      📜 Log: 
[S5] 2025/11/27 10:49:13.257939         [0:T0] 
[S5] 2025/11/27 10:49:13.257948 
[S5] 2025/11/27 10:49:13.257953 ---------------------------------------------------
[S5] 2025/11/27 10:49:13.257986 
[At the end of AppendEntries] 🗂 S5 | Term=4 | Role=Follower | CommitIndex=0 | LastApplied=0
[S5] 2025/11/27 10:49:13.257996      📜 Log: 
[S5] 2025/11/27 10:49:13.258002         [0:T0] 
[S5] 2025/11/27 10:49:13.258007 
[S5] 2025/11/27 10:49:13.258012 ---------------------------------------------------
[S5] 2025/11/27 10:49:13.361847 
[At the start of AppendEntries] 🗂 S5 | Term=4 | Role=Follower | CommitIndex=0 | LastApplied=0
[S5] 2025/11/27 10:49:13.361883      📜 Log: 
[S5] 2025/11/27 10:49:13.361888         [0:T0] 
[S5] 2025/11/27 10:49:13.361892 
[S5] 2025/11/27 10:49:13.361895 ---------------------------------------------------
[S5] 2025/11/27 10:49:13.361899 
[At the end of AppendEntries] 🗂 S5 | Term=4 | Role=Follower | CommitIndex=0 | LastApplied=0
[S5] 2025/11/27 10:49:13.361904      📜 Log: 
[S5] 2025/11/27 10:49:13.361907         [0:T0] 
[S5] 2025/11/27 10:49:13.361910 
[S5] 2025/11/27 10:49:13.361913 ---------------------------------------------------
[S5] 2025/11/27 10:49:13.465792 
[At the start of AppendEntries] 🗂 S5 | Term=4 | Role=Follower | CommitIndex=0 | LastApplied=0
[S5] 2025/11/27 10:49:13.465798      📜 Log: 
[S5] 2025/11/27 10:49:13.465799         [0:T0] 
[S5] 2025/11/27 10:49:13.465800 
[S5] 2025/11/27 10:49:13.465802 ---------------------------------------------------
[S5] 2025/11/27 10:49:13.465803 
[At the end of AppendEntries] 🗂 S5 | Term=4 | Role=Follower | CommitIndex=0 | LastApplied=0
[S5] 2025/11/27 10:49:13.465804      📜 Log: 
[S5] 2025/11/27 10:49:13.465806         [0:T0] 
[S5] 2025/11/27 10:49:13.465807 
[S5] 2025/11/27 10:49:13.465808 ---------------------------------------------------
[S5] 2025/11/27 10:49:13.571122 
[At the start of AppendEntries] 🗂 S5 | Term=4 | Role=Follower | CommitIndex=0 | LastApplied=0
[S5] 2025/11/27 10:49:13.571198      📜 Log: 
[S5] 2025/11/27 10:49:13.571207         [0:T0] 
[S5] 2025/11/27 10:49:13.571216 
[S5] 2025/11/27 10:49:13.571224 ---------------------------------------------------
[S5] 2025/11/27 10:49:13.571231 
[At the end of AppendEntries] 🗂 S5 | Term=4 | Role=Follower | CommitIndex=0 | LastApplied=0
[S5] 2025/11/27 10:49:13.571240      📜 Log: 
[S5] 2025/11/27 10:49:13.571246         [0:T0] 
[S5] 2025/11/27 10:49:13.571252 
[S5] 2025/11/27 10:49:13.571258 ---------------------------------------------------
[S5] 2025/11/27 10:49:13.675147 
[At the start of AppendEntries] 🗂 S5 | Term=4 | Role=Follower | CommitIndex=0 | LastApplied=0
[S5] 2025/11/27 10:49:13.675223      📜 Log: 
[S5] 2025/11/27 10:49:13.675239         [0:T0] 
[S5] 2025/11/27 10:49:13.675252 
[S5] 2025/11/27 10:49:13.675262 ---------------------------------------------------
[S5] 2025/11/27 10:49:13.675274 
[At the end of AppendEntries] 🗂 S5 | Term=4 | Role=Follower | CommitIndex=0 | LastApplied=0
[S5] 2025/11/27 10:49:13.675287      📜 Log: 
[S5] 2025/11/27 10:49:13.675297         [0:T0] 
[S5] 2025/11/27 10:49:13.675308 
[S5] 2025/11/27 10:49:13.675317 ---------------------------------------------------
[S5] 2025/11/27 10:49:13.685409 
[At the start of AppendEntries] 🗂 S5 | Term=5 | Role=Follower | CommitIndex=0 | LastApplied=0
[S5] 2025/11/27 10:49:13.685449      📜 Log: 
[S5] 2025/11/27 10:49:13.685456         [0:T0] 
[S5] 2025/11/27 10:49:13.685461 
[S5] 2025/11/27 10:49:13.685464 ---------------------------------------------------
[S5] 2025/11/27 10:49:13.685469 
[At the end of AppendEntries] 🗂 S5 | Term=5 | Role=Follower | CommitIndex=0 | LastApplied=0
[S5] 2025/11/27 10:49:13.685474      📜 Log: 
[S5] 2025/11/27 10:49:13.685477         [0:T0] 
[S5] 2025/11/27 10:49:13.685481 
[S5] 2025/11/27 10:49:13.685484 ---------------------------------------------------
[S5] 2025/11/27 10:49:13.789780 
[At the start of AppendEntries] 🗂 S5 | Term=5 | Role=Follower | CommitIndex=0 | LastApplied=0
[S5] 2025/11/27 10:49:13.789817      📜 Log: 
[S5] 2025/11/27 10:49:13.789827         [0:T0] 
[S5] 2025/11/27 10:49:13.789836 
[S5] 2025/11/27 10:49:13.789844 ---------------------------------------------------
[S5] 2025/11/27 10:49:13.789892 
[At the end of AppendEntries] 🗂 S5 | Term=5 | Role=Follower | CommitIndex=0 | LastApplied=0
[S5] 2025/11/27 10:49:13.789904      📜 Log: 
[S5] 2025/11/27 10:49:13.789912         [0:T0] 
[S5] 2025/11/27 10:49:13.789922 
[S5] 2025/11/27 10:49:13.789931 ---------------------------------------------------
[S5] 2025/11/27 10:49:13.892951 
[At the start of AppendEntries] 🗂 S5 | Term=5 | Role=Follower | CommitIndex=0 | LastApplied=0
[S5] 2025/11/27 10:49:13.893023      📜 Log: 
[S5] 2025/11/27 10:49:13.893033         [0:T0] 
[S5] 2025/11/27 10:49:13.893040 
[S5] 2025/11/27 10:49:13.893045 ---------------------------------------------------
[S5] 2025/11/27 10:49:13.893053 
[At the end of AppendEntries] 🗂 S5 | Term=5 | Role=Follower | CommitIndex=0 | LastApplied=0
[S5] 2025/11/27 10:49:13.893061      📜 Log: 
[S5] 2025/11/27 10:49:13.893065         [0:T0] 
[S5] 2025/11/27 10:49:13.893071 
[S5] 2025/11/27 10:49:13.893076 ---------------------------------------------------
[S5] 2025/11/27 10:49:13.997451 
[At the start of AppendEntries] 🗂 S5 | Term=5 | Role=Follower | CommitIndex=0 | LastApplied=0
[S5] 2025/11/27 10:49:13.997535      📜 Log: 
[S5] 2025/11/27 10:49:13.997544         [0:T0] 
[S5] 2025/11/27 10:49:13.997550 
[S5] 2025/11/27 10:49:13.997555 ---------------------------------------------------
[S5] 2025/11/27 10:49:13.997562 
[At the end of AppendEntries] 🗂 S5 | Term=5 | Role=Follower | CommitIndex=0 | LastApplied=0
[S5] 2025/11/27 10:49:13.997569      📜 Log: 
[S5] 2025/11/27 10:49:13.997573         [0:T0] 
[S5] 2025/11/27 10:49:13.997578 
[S5] 2025/11/27 10:49:13.997582 ---------------------------------------------------
[S5] 2025/11/27 10:49:14.100136 
[At the start of AppendEntries] 🗂 S5 | Term=5 | Role=Follower | CommitIndex=0 | LastApplied=0
[S5] 2025/11/27 10:49:14.100164      📜 Log: 
[S5] 2025/11/27 10:49:14.100172         [0:T0] 
[S5] 2025/11/27 10:49:14.100178 
[S5] 2025/11/27 10:49:14.100184 ---------------------------------------------------
[S5] 2025/11/27 10:49:14.100189 
[At the end of AppendEntries] 🗂 S5 | Term=5 | Role=Follower | CommitIndex=0 | LastApplied=0
[S5] 2025/11/27 10:49:14.100194      📜 Log: 
[S5] 2025/11/27 10:49:14.100200         [0:T0] 
[S5] 2025/11/27 10:49:14.100205 
[S5] 2025/11/27 10:49:14.100209 ---------------------------------------------------
[S5] 2025/11/27 10:49:14.204481 
[At the start of AppendEntries] 🗂 S5 | Term=5 | Role=Follower | CommitIndex=0 | LastApplied=0
[S5] 2025/11/27 10:49:14.204501      📜 Log: 
[S5] 2025/11/27 10:49:14.204508         [0:T0] 
[S5] 2025/11/27 10:49:14.204515 
[S5] 2025/11/27 10:49:14.204520 ---------------------------------------------------
[S5] 2025/11/27 10:49:14.204526 
[At the end of AppendEntries] 🗂 S5 | Term=5 | Role=Follower | CommitIndex=0 | LastApplied=0
[S5] 2025/11/27 10:49:14.204532      📜 Log: 
[S5] 2025/11/27 10:49:14.204537         [0:T0] 
[S5] 2025/11/27 10:49:14.204542 
[S5] 2025/11/27 10:49:14.204548 ---------------------------------------------------
[S5] 2025/11/27 10:49:14.225292 
[At the start of startElection] 🗂 S5 | Term=5 | Role=Follower | CommitIndex=0 | LastApplied=0
[S5] 2025/11/27 10:49:14.225366      📜 Log: 
[S5] 2025/11/27 10:49:14.225380         [0:T0] 
[S5] 2025/11/27 10:49:14.225390 
[S5] 2025/11/27 10:49:14.225399 ---------------------------------------------------
[S5] 2025/11/27 10:49:14.225550 
[At the end of startElection] 🗂 S5 | Term=6 | Role=Candidate | CommitIndex=0 | LastApplied=0
[S5] 2025/11/27 10:49:14.225569      📜 Log: 
[S5] 2025/11/27 10:49:14.225580         [0:T0] 
[S5] 2025/11/27 10:49:14.225589 
[S5] 2025/11/27 10:49:14.225596 ---------------------------------------------------
[S5] 2025/11/27 10:49:14.226775 
[At the start of broadcast] 🗂 S5 | Term=6 | Role=Leader | CommitIndex=0 | LastApplied=0
[S5] 2025/11/27 10:49:14.226845      📜 Log: 
[S5] 2025/11/27 10:49:14.226859         [0:T0] 
[S5] 2025/11/27 10:49:14.226867 
[S5] 2025/11/27 10:49:14.226875      📌 nextIndex:  [1 1 1 1 1 1 1]
[S5] 2025/11/27 10:49:14.226918      📎 matchIndex: [0 0 0 0 0 0 0]
[S5] 2025/11/27 10:49:14.226929 ---------------------------------------------------
[S5] 2025/11/27 10:49:14.226955 
[At the end of broadcast] 🗂 S5 | Term=6 | Role=Leader | CommitIndex=0 | LastApplied=0
[S5] 2025/11/27 10:49:14.226963      📜 Log: 
[S5] 2025/11/27 10:49:14.226969         [0:T0] 
[S5] 2025/11/27 10:49:14.226975 
[S5] 2025/11/27 10:49:14.226981      📌 nextIndex:  [1 1 1 1 1 1 1]
[S5] 2025/11/27 10:49:14.226991      📎 matchIndex: [0 0 0 0 0 0 0]
[S5] 2025/11/27 10:49:14.226999 ---------------------------------------------------
[S5] 2025/11/27 10:49:14.227464 
[At the start of handleAppendEntriesReply] 🗂 S5 | Term=6 | Role=Leader | CommitIndex=0 | LastApplied=0
[S5] 2025/11/27 10:49:14.227472      📜 Log: 
[S5] 2025/11/27 10:49:14.227478         [0:T0] 
[S5] 2025/11/27 10:49:14.227483 
[S5] 2025/11/27 10:49:14.227488      📌 nextIndex:  [1 1 1 1 1 1 1]
[S5] 2025/11/27 10:49:14.227496      📎 matchIndex: [0 0 0 0 0 0 0]
[S5] 2025/11/27 10:49:14.227504 ---------------------------------------------------
[S5] 2025/11/27 10:49:14.227510 
[At the end of handleAppendEntriesReply] 🗂 S5 | Term=6 | Role=Leader | CommitIndex=0 | LastApplied=0
[S5] 2025/11/27 10:49:14.227516      📜 Log: 
[S5] 2025/11/27 10:49:14.227520         [0:T0] 
[S5] 2025/11/27 10:49:14.227525 
[S5] 2025/11/27 10:49:14.227530      📌 nextIndex:  [1 1 1 1 1 1 1]
[S5] 2025/11/27 10:49:14.227539      📎 matchIndex: [0 0 0 0 0 0 0]
[S5] 2025/11/27 10:49:14.227548 ---------------------------------------------------
[S5] 2025/11/27 10:49:14.227858 
[At the start of handleAppendEntriesReply] 🗂 S5 | Term=6 | Role=Leader | CommitIndex=0 | LastApplied=0
[S5] 2025/11/27 10:49:14.227871      📜 Log: 
[S5] 2025/11/27 10:49:14.227876         [0:T0] 
[S5] 2025/11/27 10:49:14.227882 
[S5] 2025/11/27 10:49:14.227887      📌 nextIndex:  [1 1 1 1 1 1 1]
[S5] 2025/11/27 10:49:14.227900      📎 matchIndex: [0 0 0 0 0 0 0]
[S5] 2025/11/27 10:49:14.227908 ---------------------------------------------------
[S5] 2025/11/27 10:49:14.227915 
[At the end of handleAppendEntriesReply] 🗂 S5 | Term=6 | Role=Leader | CommitIndex=0 | LastApplied=0
[S5] 2025/11/27 10:49:14.227921      📜 Log: 
[S5] 2025/11/27 10:49:14.227925         [0:T0] 
[S5] 2025/11/27 10:49:14.227930 
[S5] 2025/11/27 10:49:14.227935      📌 nextIndex:  [1 1 1 1 1 1 1]
[S5] 2025/11/27 10:49:14.227943      📎 matchIndex: [0 0 0 0 0 0 0]
[S5] 2025/11/27 10:49:14.227951 ---------------------------------------------------
[S5] 2025/11/27 10:49:14.227968 
[At the start of handleAppendEntriesReply] 🗂 S5 | Term=6 | Role=Leader | CommitIndex=0 | LastApplied=0
[S5] 2025/11/27 10:49:14.227973      📜 Log: 
[S5] 2025/11/27 10:49:14.227978         [0:T0] 
[S5] 2025/11/27 10:49:14.227983 
[S5] 2025/11/27 10:49:14.227989      📌 nextIndex:  [1 1 1 1 1 1 1]
[S5] 2025/11/27 10:49:14.227997      📎 matchIndex: [0 0 0 0 0 0 0]
[S5] 2025/11/27 10:49:14.228004 ---------------------------------------------------
[S5] 2025/11/27 10:49:14.228010 
[At the end of handleAppendEntriesReply] 🗂 S5 | Term=6 | Role=Leader | CommitIndex=0 | LastApplied=0
[S5] 2025/11/27 10:49:14.228016      📜 Log: 
[S5] 2025/11/27 10:49:14.228021         [0:T0] 
[S5] 2025/11/27 10:49:14.228026 
[S5] 2025/11/27 10:49:14.228030      📌 nextIndex:  [1 1 1 1 1 1 1]
[S5] 2025/11/27 10:49:14.228038      📎 matchIndex: [0 0 0 0 0 0 0]
[S5] 2025/11/27 10:49:14.228046 ---------------------------------------------------
[S5] 2025/11/27 10:49:14.330051 
[At the start of broadcast] 🗂 S5 | Term=6 | Role=Leader | CommitIndex=0 | LastApplied=0
[S5] 2025/11/27 10:49:14.330169      📜 Log: 
[S5] 2025/11/27 10:49:14.330183         [0:T0] 
[S5] 2025/11/27 10:49:14.330193 
[S5] 2025/11/27 10:49:14.330202      📌 nextIndex:  [1 1 1 1 1 1 1]
[S5] 2025/11/27 10:49:14.330225      📎 matchIndex: [0 0 0 0 0 0 0]
[S5] 2025/11/27 10:49:14.330235 ---------------------------------------------------
[S5] 2025/11/27 10:49:14.330262 
[At the end of broadcast] 🗂 S5 | Term=6 | Role=Leader | CommitIndex=0 | LastApplied=0
[S5] 2025/11/27 10:49:14.330311      📜 Log: 
[S5] 2025/11/27 10:49:14.330318         [0:T0] 
[S5] 2025/11/27 10:49:14.330325 
[S5] 2025/11/27 10:49:14.330331      📌 nextIndex:  [1 1 1 1 1 1 1]
[S5] 2025/11/27 10:49:14.330341      📎 matchIndex: [0 0 0 0 0 0 0]
[S5] 2025/11/27 10:49:14.330349 ---------------------------------------------------
[S5] 2025/11/27 10:49:14.331014 
[At the start of handleAppendEntriesReply] 🗂 S5 | Term=6 | Role=Leader | CommitIndex=0 | LastApplied=0
[S5] 2025/11/27 10:49:14.331043      📜 Log: 
[S5] 2025/11/27 10:49:14.331051         [0:T0] 
[S5] 2025/11/27 10:49:14.331058 
[S5] 2025/11/27 10:49:14.331065      📌 nextIndex:  [1 1 1 1 1 1 1]
[S5] 2025/11/27 10:49:14.331077      📎 matchIndex: [0 0 0 0 0 0 0]
[S5] 2025/11/27 10:49:14.331087 ---------------------------------------------------
[S5] 2025/11/27 10:49:14.331094 
[At the end of handleAppendEntriesReply] 🗂 S5 | Term=6 | Role=Leader | CommitIndex=0 | LastApplied=0
[S5] 2025/11/27 10:49:14.331101      📜 Log: 
[S5] 2025/11/27 10:49:14.331107         [0:T0] 
[S5] 2025/11/27 10:49:14.331114 
[S5] 2025/11/27 10:49:14.331120      📌 nextIndex:  [1 1 1 1 1 1 1]
[S5] 2025/11/27 10:49:14.331130      📎 matchIndex: [0 0 0 0 0 0 0]
[S5] 2025/11/27 10:49:14.331138 ---------------------------------------------------
[S5] 2025/11/27 10:49:14.331182 
[At the start of handleAppendEntriesReply] 🗂 S5 | Term=6 | Role=Leader | CommitIndex=0 | LastApplied=0
[S5] 2025/11/27 10:49:14.331192      📜 Log: 
[S5] 2025/11/27 10:49:14.331196         [0:T0] 
[S5] 2025/11/27 10:49:14.331201 
[S5] 2025/11/27 10:49:14.331206      📌 nextIndex:  [1 1 1 1 1 1 1]
[S5] 2025/11/27 10:49:14.331220      📎 matchIndex: [0 0 0 0 0 0 0]
[S5] 2025/11/27 10:49:14.331228 ---------------------------------------------------
[S5] 2025/11/27 10:49:14.331234 
[At the end of handleAppendEntriesReply] 🗂 S5 | Term=6 | Role=Leader | CommitIndex=0 | LastApplied=0
[S5] 2025/11/27 10:49:14.331239      📜 Log: 
[S5] 2025/11/27 10:49:14.331243         [0:T0] 
[S5] 2025/11/27 10:49:14.331248 
[S5] 2025/11/27 10:49:14.331252      📌 nextIndex:  [1 1 1 1 1 1 1]
[S5] 2025/11/27 10:49:14.331259      📎 matchIndex: [0 0 0 0 0 0 0]
[S5] 2025/11/27 10:49:14.331266 ---------------------------------------------------
[S5] 2025/11/27 10:49:14.331338 
[At the start of handleAppendEntriesReply] 🗂 S5 | Term=6 | Role=Leader | CommitIndex=0 | LastApplied=0
[S5] 2025/11/27 10:49:14.331351      📜 Log: 
[S5] 2025/11/27 10:49:14.331356         [0:T0] 
[S5] 2025/11/27 10:49:14.331363 
[S5] 2025/11/27 10:49:14.331368      📌 nextIndex:  [1 1 1 1 1 1 1]
[S5] 2025/11/27 10:49:14.331384      📎 matchIndex: [0 0 0 0 0 0 0]
[S5] 2025/11/27 10:49:14.331394 ---------------------------------------------------
[S5] 2025/11/27 10:49:14.331402 
[At the end of handleAppendEntriesReply] 🗂 S5 | Term=6 | Role=Leader | CommitIndex=0 | LastApplied=0
[S5] 2025/11/27 10:49:14.331410      📜 Log: 
[S5] 2025/11/27 10:49:14.331417         [0:T0] 
[S5] 2025/11/27 10:49:14.331423 
[S5] 2025/11/27 10:49:14.331430      📌 nextIndex:  [1 1 1 1 1 1 1]
[S5] 2025/11/27 10:49:14.331441      📎 matchIndex: [0 0 0 0 0 0 0]
[S5] 2025/11/27 10:49:14.331451 ---------------------------------------------------
[S5] 2025/11/27 10:49:14.435258 
[At the start of broadcast] 🗂 S5 | Term=6 | Role=Leader | CommitIndex=0 | LastApplied=0
[S5] 2025/11/27 10:49:14.435355      📜 Log: 
[S5] 2025/11/27 10:49:14.435368         [0:T0] 
[S5] 2025/11/27 10:49:14.435376 
[S5] 2025/11/27 10:49:14.435384      📌 nextIndex:  [1 1 1 1 1 1 1]
[S5] 2025/11/27 10:49:14.435403      📎 matchIndex: [0 0 0 0 0 0 0]
[S5] 2025/11/27 10:49:14.435413 ---------------------------------------------------
[S5] 2025/11/27 10:49:14.435442 
[At the end of broadcast] 🗂 S5 | Term=6 | Role=Leader | CommitIndex=0 | LastApplied=0
[S5] 2025/11/27 10:49:14.435450      📜 Log: 
[S5] 2025/11/27 10:49:14.435456         [0:T0] 
[S5] 2025/11/27 10:49:14.435464 
[S5] 2025/11/27 10:49:14.435507      📌 nextIndex:  [1 1 1 1 1 1 1]
[S5] 2025/11/27 10:49:14.435517      📎 matchIndex: [0 0 0 0 0 0 0]
[S5] 2025/11/27 10:49:14.435526 ---------------------------------------------------
[S5] 2025/11/27 10:49:14.436334 
[At the start of handleAppendEntriesReply] 🗂 S5 | Term=6 | Role=Leader | CommitIndex=0 | LastApplied=0
[S5] 2025/11/27 10:49:14.436346      📜 Log: 
[S5] 2025/11/27 10:49:14.436352         [0:T0] 
[S5] 2025/11/27 10:49:14.436358 
[S5] 2025/11/27 10:49:14.436364      📌 nextIndex:  [1 1 1 1 1 1 1]
[S5] 2025/11/27 10:49:14.436375      📎 matchIndex: [0 0 0 0 0 0 0]
[S5] 2025/11/27 10:49:14.436387 ---------------------------------------------------
[S5] 2025/11/27 10:49:14.436394 
[At the end of handleAppendEntriesReply] 🗂 S5 | Term=6 | Role=Leader | CommitIndex=0 | LastApplied=0
[S5] 2025/11/27 10:49:14.436401      📜 Log: 
[S5] 2025/11/27 10:49:14.436408         [0:T0] 
[S5] 2025/11/27 10:49:14.436414 
[S5] 2025/11/27 10:49:14.436421      📌 nextIndex:  [1 1 1 1 1 1 1]
[S5] 2025/11/27 10:49:14.436430      📎 matchIndex: [0 0 0 0 0 0 0]
[S5] 2025/11/27 10:49:14.436440 ---------------------------------------------------
[S5] 2025/11/27 10:49:14.436770 
[At the start of handleAppendEntriesReply] 🗂 S5 | Term=6 | Role=Leader | CommitIndex=0 | LastApplied=0
[S5] 2025/11/27 10:49:14.436802      📜 Log: 
[S5] 2025/11/27 10:49:14.436814         [0:T0] 
[S5] 2025/11/27 10:49:14.436825 
[S5] 2025/11/27 10:49:14.436834      📌 nextIndex:  [1 1 1 1 1 1 1]
[S5] 2025/11/27 10:49:14.436854      📎 matchIndex: [0 0 0 0 0 0 0]
[S5] 2025/11/27 10:49:14.436869 ---------------------------------------------------
[S5] 2025/11/27 10:49:14.436879 
[At the end of handleAppendEntriesReply] 🗂 S5 | Term=6 | Role=Leader | CommitIndex=0 | LastApplied=0
[S5] 2025/11/27 10:49:14.436891      📜 Log: 
[S5] 2025/11/27 10:49:14.436900         [0:T0] 
[S5] 2025/11/27 10:49:14.436909 
[S5] 2025/11/27 10:49:14.436918      📌 nextIndex:  [1 1 1 1 1 1 1]
[S5] 2025/11/27 10:49:14.436932      📎 matchIndex: [0 0 0 0 0 0 0]
[S5] 2025/11/27 10:49:14.436944 ---------------------------------------------------
[S5] 2025/11/27 10:49:14.436968 
[At the start of handleAppendEntriesReply] 🗂 S5 | Term=6 | Role=Leader | CommitIndex=0 | LastApplied=0
[S5] 2025/11/27 10:49:14.436982      📜 Log: 
[S5] 2025/11/27 10:49:14.436991         [0:T0] 
[S5] 2025/11/27 10:49:14.437001 
[S5] 2025/11/27 10:49:14.437010      📌 nextIndex:  [1 1 1 1 1 1 1]
[S5] 2025/11/27 10:49:14.437023      📎 matchIndex: [0 0 0 0 0 0 0]
[S5] 2025/11/27 10:49:14.437036 ---------------------------------------------------
[S5] 2025/11/27 10:49:14.437046 
[At the end of handleAppendEntriesReply] 🗂 S5 | Term=6 | Role=Leader | CommitIndex=0 | LastApplied=0
[S5] 2025/11/27 10:49:14.437056      📜 Log: 
[S5] 2025/11/27 10:49:14.437064         [0:T0] 
[S5] 2025/11/27 10:49:14.437072 
[S5] 2025/11/27 10:49:14.437079      📌 nextIndex:  [1 1 1 1 1 1 1]
[S5] 2025/11/27 10:49:14.437090      📎 matchIndex: [0 0 0 0 0 0 0]
[S5] 2025/11/27 10:49:14.437101 ---------------------------------------------------
[S5] 2025/11/27 10:49:14.539220 
[At the start of broadcast] 🗂 S5 | Term=6 | Role=Leader | CommitIndex=0 | LastApplied=0
[S5] 2025/11/27 10:49:14.539311      📜 Log: 
[S5] 2025/11/27 10:49:14.539324         [0:T0] 
[S5] 2025/11/27 10:49:14.539333 
[S5] 2025/11/27 10:49:14.539342      📌 nextIndex:  [1 1 1 1 1 1 1]
[S5] 2025/11/27 10:49:14.539362      📎 matchIndex: [0 0 0 0 0 0 0]
[S5] 2025/11/27 10:49:14.539374 ---------------------------------------------------
[S5] 2025/11/27 10:49:14.539410 
[At the end of broadcast] 🗂 S5 | Term=6 | Role=Leader | CommitIndex=0 | LastApplied=0
[S5] 2025/11/27 10:49:14.539421      📜 Log: 
[S5] 2025/11/27 10:49:14.539428         [0:T0] 
[S5] 2025/11/27 10:49:14.539436 
[S5] 2025/11/27 10:49:14.539443      📌 nextIndex:  [1 1 1 1 1 1 1]
[S5] 2025/11/27 10:49:14.539454      📎 matchIndex: [0 0 0 0 0 0 0]
[S5] 2025/11/27 10:49:14.539463 ---------------------------------------------------
[S5] 2025/11/27 10:49:14.540231 
[At the start of handleAppendEntriesReply] 🗂 S5 | Term=6 | Role=Leader | CommitIndex=0 | LastApplied=0
[S5] 2025/11/27 10:49:14.540256      📜 Log: 
[S5] 2025/11/27 10:49:14.540264         [0:T0] 
[S5] 2025/11/27 10:49:14.540271 
[S5] 2025/11/27 10:49:14.540279      📌 nextIndex:  [1 1 1 1 1 1 1]
[S5] 2025/11/27 10:49:14.540291      📎 matchIndex: [0 0 0 0 0 0 0]
[S5] 2025/11/27 10:49:14.540300 ---------------------------------------------------
[S5] 2025/11/27 10:49:14.540308 
[At the end of handleAppendEntriesReply] 🗂 S5 | Term=6 | Role=Leader | CommitIndex=0 | LastApplied=0
[S5] 2025/11/27 10:49:14.540316      📜 Log: 
[S5] 2025/11/27 10:49:14.540321         [0:T0] 
[S5] 2025/11/27 10:49:14.540328 
[S5] 2025/11/27 10:49:14.540334      📌 nextIndex:  [1 1 1 1 1 1 1]
[S5] 2025/11/27 10:49:14.540343      📎 matchIndex: [0 0 0 0 0 0 0]
[S5] 2025/11/27 10:49:14.540352 ---------------------------------------------------
[S5] 2025/11/27 10:49:14.540370 
[At the start of handleAppendEntriesReply] 🗂 S5 | Term=6 | Role=Leader | CommitIndex=0 | LastApplied=0
[S5] 2025/11/27 10:49:14.540380      📜 Log: 
[S5] 2025/11/27 10:49:14.540386         [0:T0] 
[S5] 2025/11/27 10:49:14.540392 
[S5] 2025/11/27 10:49:14.540398      📌 nextIndex:  [1 1 1 1 1 1 1]
[S5] 2025/11/27 10:49:14.540408      📎 matchIndex: [0 0 0 0 0 0 0]
[S5] 2025/11/27 10:49:14.540417 ---------------------------------------------------
[S5] 2025/11/27 10:49:14.540424 
[At the end of handleAppendEntriesReply] 🗂 S5 | Term=6 | Role=Leader | CommitIndex=0 | LastApplied=0
[S5] 2025/11/27 10:49:14.540431      📜 Log: 
[S5] 2025/11/27 10:49:14.540436         [0:T0] 
[S5] 2025/11/27 10:49:14.540442 
[S5] 2025/11/27 10:49:14.540448      📌 nextIndex:  [1 1 1 1 1 1 1]
[S5] 2025/11/27 10:49:14.540457      📎 matchIndex: [0 0 0 0 0 0 0]
[S5] 2025/11/27 10:49:14.540465 ---------------------------------------------------
[S5] 2025/11/27 10:49:14.540479 
[At the start of handleAppendEntriesReply] 🗂 S5 | Term=6 | Role=Leader | CommitIndex=0 | LastApplied=0
[S5] 2025/11/27 10:49:14.540487      📜 Log: 
[S5] 2025/11/27 10:49:14.540493         [0:T0] 
[S5] 2025/11/27 10:49:14.540499 
[S5] 2025/11/27 10:49:14.540505      📌 nextIndex:  [1 1 1 1 1 1 1]
[S5] 2025/11/27 10:49:14.540514      📎 matchIndex: [0 0 0 0 0 0 0]
[S5] 2025/11/27 10:49:14.540522 ---------------------------------------------------
[S5] 2025/11/27 10:49:14.540528 
[At the end of handleAppendEntriesReply] 🗂 S5 | Term=6 | Role=Leader | CommitIndex=0 | LastApplied=0
[S5] 2025/11/27 10:49:14.540535      📜 Log: 
[S5] 2025/11/27 10:49:14.540541         [0:T0] 
[S5] 2025/11/27 10:49:14.540547 
[S5] 2025/11/27 10:49:14.540553      📌 nextIndex:  [1 1 1 1 1 1 1]
[S5] 2025/11/27 10:49:14.540562      📎 matchIndex: [0 0 0 0 0 0 0]
[S5] 2025/11/27 10:49:14.540571 ---------------------------------------------------
[S5] 2025/11/27 10:49:14.642411 
[At the start of broadcast] 🗂 S5 | Term=6 | Role=Leader | CommitIndex=0 | LastApplied=0
[S5] 2025/11/27 10:49:14.642500      📜 Log: 
[S5] 2025/11/27 10:49:14.642513         [0:T0] 
[S5] 2025/11/27 10:49:14.642522 
[S5] 2025/11/27 10:49:14.642530      📌 nextIndex:  [1 1 1 1 1 1 1]
[S5] 2025/11/27 10:49:14.642553      📎 matchIndex: [0 0 0 0 0 0 0]
[S5] 2025/11/27 10:49:14.642564 ---------------------------------------------------
[S5] 2025/11/27 10:49:14.642604 
[At the end of broadcast] 🗂 S5 | Term=6 | Role=Leader | CommitIndex=0 | LastApplied=0
[S5] 2025/11/27 10:49:14.642615      📜 Log: 
[S5] 2025/11/27 10:49:14.642646         [0:T0] 
[S5] 2025/11/27 10:49:14.642661 
[S5] 2025/11/27 10:49:14.642669      📌 nextIndex:  [1 1 1 1 1 1 1]
[S5] 2025/11/27 10:49:14.642683      📎 matchIndex: [0 0 0 0 0 0 0]
[S5] 2025/11/27 10:49:14.642694 ---------------------------------------------------
[S5] 2025/11/27 10:49:14.643302 
[At the start of handleAppendEntriesReply] 🗂 S5 | Term=6 | Role=Leader | CommitIndex=0 | LastApplied=0
[S5] 2025/11/27 10:49:14.643316      📜 Log: 
[S5] 2025/11/27 10:49:14.643345         [0:T0] 
[S5] 2025/11/27 10:49:14.643352 
[S5] 2025/11/27 10:49:14.643359      📌 nextIndex:  [1 1 1 1 1 1 1]
[S5] 2025/11/27 10:49:14.643371      📎 matchIndex: [0 0 0 0 0 0 0]
[S5] 2025/11/27 10:49:14.643379 ---------------------------------------------------
[S5] 2025/11/27 10:49:14.643386 
[At the end of handleAppendEntriesReply] 🗂 S5 | Term=6 | Role=Leader | CommitIndex=0 | LastApplied=0
[S5] 2025/11/27 10:49:14.643394      📜 Log: 
[S5] 2025/11/27 10:49:14.643400         [0:T0] 
[S5] 2025/11/27 10:49:14.643407 
[S5] 2025/11/27 10:49:14.643413      📌 nextIndex:  [1 1 1 1 1 1 1]
[S5] 2025/11/27 10:49:14.643422      📎 matchIndex: [0 0 0 0 0 0 0]
[S5] 2025/11/27 10:49:14.643430 ---------------------------------------------------
[S5] 2025/11/27 10:49:14.643446 
[At the start of handleAppendEntriesReply] 🗂 S5 | Term=6 | Role=Leader | CommitIndex=0 | LastApplied=0
[S5] 2025/11/27 10:49:14.643454      📜 Log: 
[S5] 2025/11/27 10:49:14.643460         [0:T0] 
[S5] 2025/11/27 10:49:14.643466 
[S5] 2025/11/27 10:49:14.643472      📌 nextIndex:  [1 1 1 1 1 1 1]
[S5] 2025/11/27 10:49:14.643481      📎 matchIndex: [0 0 0 0 0 0 0]
[S5] 2025/11/27 10:49:14.643490 ---------------------------------------------------
[S5] 2025/11/27 10:49:14.643496 
[At the end of handleAppendEntriesReply] 🗂 S5 | Term=6 | Role=Leader | CommitIndex=0 | LastApplied=0
[S5] 2025/11/27 10:49:14.643504      📜 Log: 
[S5] 2025/11/27 10:49:14.643509         [0:T0] 
[S5] 2025/11/27 10:49:14.643515 
[S5] 2025/11/27 10:49:14.643521      📌 nextIndex:  [1 1 1 1 1 1 1]
[S5] 2025/11/27 10:49:14.643530      📎 matchIndex: [0 0 0 0 0 0 0]
[S5] 2025/11/27 10:49:14.643539 ---------------------------------------------------
[S5] 2025/11/27 10:49:14.643550 
[At the start of handleAppendEntriesReply] 🗂 S5 | Term=6 | Role=Leader | CommitIndex=0 | LastApplied=0
[S5] 2025/11/27 10:49:14.643558      📜 Log: 
[S5] 2025/11/27 10:49:14.643564         [0:T0] 
[S5] 2025/11/27 10:49:14.643570 
[S5] 2025/11/27 10:49:14.643576      📌 nextIndex:  [1 1 1 1 1 1 1]
[S5] 2025/11/27 10:49:14.643585      📎 matchIndex: [0 0 0 0 0 0 0]
[S5] 2025/11/27 10:49:14.643594 ---------------------------------------------------
[S5] 2025/11/27 10:49:14.643600 
[At the end of handleAppendEntriesReply] 🗂 S5 | Term=6 | Role=Leader | CommitIndex=0 | LastApplied=0
[S5] 2025/11/27 10:49:14.643607      📜 Log: 
[S5] 2025/11/27 10:49:14.643613         [0:T0] 
[S5] 2025/11/27 10:49:14.643619 
[S5] 2025/11/27 10:49:14.643641      📌 nextIndex:  [1 1 1 1 1 1 1]
[S5] 2025/11/27 10:49:14.643657      📎 matchIndex: [0 0 0 0 0 0 0]
[S5] 2025/11/27 10:49:14.643666 ---------------------------------------------------
[S5] 2025/11/27 10:49:14.748148 
[At the start of broadcast] 🗂 S5 | Term=6 | Role=Leader | CommitIndex=0 | LastApplied=0
[S5] 2025/11/27 10:49:14.748243      📜 Log: 
[S5] 2025/11/27 10:49:14.748265         [0:T0] 
[S5] 2025/11/27 10:49:14.748280 
[S5] 2025/11/27 10:49:14.748296      📌 nextIndex:  [1 1 1 1 1 1 1]
[S5] 2025/11/27 10:49:14.748321      📎 matchIndex: [0 0 0 0 0 0 0]
[S5] 2025/11/27 10:49:14.748332 ---------------------------------------------------
[S5] 2025/11/27 10:49:14.748457 
[At the end of broadcast] 🗂 S5 | Term=6 | Role=Leader | CommitIndex=0 | LastApplied=0
[S5] 2025/11/27 10:49:14.748473      📜 Log: 
[S5] 2025/11/27 10:49:14.748481         [0:T0] 
[S5] 2025/11/27 10:49:14.748488 
[S5] 2025/11/27 10:49:14.748495      📌 nextIndex:  [1 1 1 1 1 1 1]
[S5] 2025/11/27 10:49:14.748506      📎 matchIndex: [0 0 0 0 0 0 0]
[S5] 2025/11/27 10:49:14.748516 ---------------------------------------------------
[S5] 2025/11/27 10:49:14.749383 
[At the start of handleAppendEntriesReply] 🗂 S5 | Term=6 | Role=Leader | CommitIndex=0 | LastApplied=0
[S5] 2025/11/27 10:49:14.749398      📜 Log: 
[S5] 2025/11/27 10:49:14.749404         [0:T0] 
[S5] 2025/11/27 10:49:14.749411 
[S5] 2025/11/27 10:49:14.749417      📌 nextIndex:  [1 1 1 1 1 1 1]
[S5] 2025/11/27 10:49:14.749435      📎 matchIndex: [0 0 0 0 0 0 0]
[S5] 2025/11/27 10:49:14.749472 ---------------------------------------------------
[S5] 2025/11/27 10:49:14.749480 
[At the end of handleAppendEntriesReply] 🗂 S5 | Term=6 | Role=Leader | CommitIndex=0 | LastApplied=0
[S5] 2025/11/27 10:49:14.749487      📜 Log: 
[S5] 2025/11/27 10:49:14.749493         [0:T0] 
[S5] 2025/11/27 10:49:14.749499 
[S5] 2025/11/27 10:49:14.749504      📌 nextIndex:  [1 1 1 1 1 1 1]
[S5] 2025/11/27 10:49:14.749514      📎 matchIndex: [0 0 0 0 0 0 0]
[S5] 2025/11/27 10:49:14.749522 ---------------------------------------------------
[S5] 2025/11/27 10:49:14.749530 
[At the start of handleAppendEntriesReply] 🗂 S5 | Term=6 | Role=Leader | CommitIndex=0 | LastApplied=0
[S5] 2025/11/27 10:49:14.749542      📜 Log: 
[S5] 2025/11/27 10:49:14.749547         [0:T0] 
[S5] 2025/11/27 10:49:14.749553 
[S5] 2025/11/27 10:49:14.749559      📌 nextIndex:  [1 1 1 1 1 1 1]
[S5] 2025/11/27 10:49:14.749575      📎 matchIndex: [0 0 0 0 0 0 0]
[S5] 2025/11/27 10:49:14.749584 ---------------------------------------------------
[S5] 2025/11/27 10:49:14.749591 
[At the end of handleAppendEntriesReply] 🗂 S5 | Term=6 | Role=Leader | CommitIndex=0 | LastApplied=0
[S5] 2025/11/27 10:49:14.749598      📜 Log: 
[S5] 2025/11/27 10:49:14.749604         [0:T0] 
[S5] 2025/11/27 10:49:14.749610 
[S5] 2025/11/27 10:49:14.749615      📌 nextIndex:  [1 1 1 1 1 1 1]
[S5] 2025/11/27 10:49:14.749657      📎 matchIndex: [0 0 0 0 0 0 0]
[S5] 2025/11/27 10:49:14.749678 ---------------------------------------------------
[S5] 2025/11/27 10:49:14.749707 
[At the start of handleAppendEntriesReply] 🗂 S5 | Term=6 | Role=Leader | CommitIndex=0 | LastApplied=0
[S5] 2025/11/27 10:49:14.749715      📜 Log: 
[S5] 2025/11/27 10:49:14.749721         [0:T0] 
[S5] 2025/11/27 10:49:14.749727 
[S5] 2025/11/27 10:49:14.749732      📌 nextIndex:  [1 1 1 1 1 1 1]
[S5] 2025/11/27 10:49:14.749742      📎 matchIndex: [0 0 0 0 0 0 0]
[S5] 2025/11/27 10:49:14.749751 ---------------------------------------------------
[S5] 2025/11/27 10:49:14.749758 
[At the end of handleAppendEntriesReply] 🗂 S5 | Term=6 | Role=Leader | CommitIndex=0 | LastApplied=0
[S5] 2025/11/27 10:49:14.749764      📜 Log: 
[S5] 2025/11/27 10:49:14.749770         [0:T0] 
[S5] 2025/11/27 10:49:14.749776 
[S5] 2025/11/27 10:49:14.749781      📌 nextIndex:  [1 1 1 1 1 1 1]
[S5] 2025/11/27 10:49:14.749791      📎 matchIndex: [0 0 0 0 0 0 0]
[S5] 2025/11/27 10:49:14.749799 ---------------------------------------------------
[S5] 2025/11/27 10:49:14.852254 
[At the start of broadcast] 🗂 S5 | Term=6 | Role=Leader | CommitIndex=0 | LastApplied=0
[S5] 2025/11/27 10:49:14.852298      📜 Log: 
[S5] 2025/11/27 10:49:14.852305         [0:T0] 
[S5] 2025/11/27 10:49:14.852310 
[S5] 2025/11/27 10:49:14.852315      📌 nextIndex:  [1 1 1 1 1 1 1]
[S5] 2025/11/27 10:49:14.852326      📎 matchIndex: [0 0 0 0 0 0 0]
[S5] 2025/11/27 10:49:14.852331 ---------------------------------------------------
[S5] 2025/11/27 10:49:14.852351 
[At the end of broadcast] 🗂 S5 | Term=6 | Role=Leader | CommitIndex=0 | LastApplied=0
[S5] 2025/11/27 10:49:14.852356      📜 Log: 
[S5] 2025/11/27 10:49:14.852360         [0:T0] 
[S5] 2025/11/27 10:49:14.852364 
[S5] 2025/11/27 10:49:14.852368      📌 nextIndex:  [1 1 1 1 1 1 1]
[S5] 2025/11/27 10:49:14.852373      📎 matchIndex: [0 0 0 0 0 0 0]
[S5] 2025/11/27 10:49:14.852379 ---------------------------------------------------
[S5] 2025/11/27 10:49:14.852893 
[At the start of handleAppendEntriesReply] 🗂 S5 | Term=6 | Role=Leader | CommitIndex=0 | LastApplied=0
[S5] 2025/11/27 10:49:14.852900      📜 Log: 
[S5] 2025/11/27 10:49:14.852903         [0:T0] 
[S5] 2025/11/27 10:49:14.852909 
[S5] 2025/11/27 10:49:14.852912      📌 nextIndex:  [1 1 1 1 1 1 1]
[S5] 2025/11/27 10:49:14.852918      📎 matchIndex: [0 0 0 0 0 0 0]
[S5] 2025/11/27 10:49:14.852923 ---------------------------------------------------
[S5] 2025/11/27 10:49:14.852927 
[At the end of handleAppendEntriesReply] 🗂 S5 | Term=6 | Role=Leader | CommitIndex=0 | LastApplied=0
[S5] 2025/11/27 10:49:14.852949      📜 Log: 
[S5] 2025/11/27 10:49:14.852952         [0:T0] 
[S5] 2025/11/27 10:49:14.852955 
[S5] 2025/11/27 10:49:14.852959      📌 nextIndex:  [1 1 1 1 1 1 1]
[S5] 2025/11/27 10:49:14.852964      📎 matchIndex: [0 0 0 0 0 0 0]
[S5] 2025/11/27 10:49:14.852968 ---------------------------------------------------
[S5] 2025/11/27 10:49:14.852977 
[At the start of handleAppendEntriesReply] 🗂 S5 | Term=6 | Role=Leader | CommitIndex=0 | LastApplied=0
[S5] 2025/11/27 10:49:14.852981      📜 Log: 
[S5] 2025/11/27 10:49:14.852984         [0:T0] 
[S5] 2025/11/27 10:49:14.852987 
[S5] 2025/11/27 10:49:14.852990      📌 nextIndex:  [1 1 1 1 1 1 1]
[S5] 2025/11/27 10:49:14.852995      📎 matchIndex: [0 0 0 0 0 0 0]
[S5] 2025/11/27 10:49:14.853000 ---------------------------------------------------
[S5] 2025/11/27 10:49:14.853004 
[At the end of handleAppendEntriesReply] 🗂 S5 | Term=6 | Role=Leader | CommitIndex=0 | LastApplied=0
[S5] 2025/11/27 10:49:14.853008      📜 Log: 
[S5] 2025/11/27 10:49:14.853011         [0:T0] 
[S5] 2025/11/27 10:49:14.853014 
[S5] 2025/11/27 10:49:14.853017      📌 nextIndex:  [1 1 1 1 1 1 1]
[S5] 2025/11/27 10:49:14.853022      📎 matchIndex: [0 0 0 0 0 0 0]
[S5] 2025/11/27 10:49:14.853027 ---------------------------------------------------
[S5] 2025/11/27 10:49:14.853035 
[At the start of handleAppendEntriesReply] 🗂 S5 | Term=6 | Role=Leader | CommitIndex=0 | LastApplied=0
[S5] 2025/11/27 10:49:14.853050      📜 Log: 
[S5] 2025/11/27 10:49:14.853056         [0:T0] 
[S5] 2025/11/27 10:49:14.853062 
[S5] 2025/11/27 10:49:14.853067      📌 nextIndex:  [1 1 1 1 1 1 1]
[S5] 2025/11/27 10:49:14.853079      📎 matchIndex: [0 0 0 0 0 0 0]
[S5] 2025/11/27 10:49:14.853086 ---------------------------------------------------
[S5] 2025/11/27 10:49:14.853092 
[At the end of handleAppendEntriesReply] 🗂 S5 | Term=6 | Role=Leader | CommitIndex=0 | LastApplied=0
[S5] 2025/11/27 10:49:14.853099      📜 Log: 
[S5] 2025/11/27 10:49:14.853103         [0:T0] 
[S5] 2025/11/27 10:49:14.853109 
[S5] 2025/11/27 10:49:14.853114      📌 nextIndex:  [1 1 1 1 1 1 1]
[S5] 2025/11/27 10:49:14.853121      📎 matchIndex: [0 0 0 0 0 0 0]
[S5] 2025/11/27 10:49:14.853128 ---------------------------------------------------
[S5] 2025/11/27 10:49:14.956564 
[At the start of broadcast] 🗂 S5 | Term=6 | Role=Leader | CommitIndex=0 | LastApplied=0
[S5] 2025/11/27 10:49:14.956675      📜 Log: 
[S5] 2025/11/27 10:49:14.956688         [0:T0] 
[S5] 2025/11/27 10:49:14.956695 
[S5] 2025/11/27 10:49:14.956701      📌 nextIndex:  [1 1 1 1 1 1 1]
[S5] 2025/11/27 10:49:14.956718      📎 matchIndex: [0 0 0 0 0 0 0]
[S5] 2025/11/27 10:49:14.956726 ---------------------------------------------------
[S5] 2025/11/27 10:49:14.956747 
[At the end of broadcast] 🗂 S5 | Term=6 | Role=Leader | CommitIndex=0 | LastApplied=0
[S5] 2025/11/27 10:49:14.956753      📜 Log: 
[S5] 2025/11/27 10:49:14.956757         [0:T0] 
[S5] 2025/11/27 10:49:14.956763 
[S5] 2025/11/27 10:49:14.956767      📌 nextIndex:  [1 1 1 1 1 1 1]
[S5] 2025/11/27 10:49:14.956774      📎 matchIndex: [0 0 0 0 0 0 0]
[S5] 2025/11/27 10:49:14.956781 ---------------------------------------------------
[S5] 2025/11/27 10:49:14.957359 
[At the start of handleAppendEntriesReply] 🗂 S5 | Term=6 | Role=Leader | CommitIndex=0 | LastApplied=0
[S5] 2025/11/27 10:49:14.957366      📜 Log: 
[S5] 2025/11/27 10:49:14.957371         [0:T0] 
[S5] 2025/11/27 10:49:14.957377 
[S5] 2025/11/27 10:49:14.957382      📌 nextIndex:  [1 1 1 1 1 1 1]
[S5] 2025/11/27 10:49:14.957390      📎 matchIndex: [0 0 0 0 0 0 0]
[S5] 2025/11/27 10:49:14.957397 ---------------------------------------------------
[S5] 2025/11/27 10:49:14.957406 
[At the end of handleAppendEntriesReply] 🗂 S5 | Term=6 | Role=Leader | CommitIndex=0 | LastApplied=0
[S5] 2025/11/27 10:49:14.957413      📜 Log: 
[S5] 2025/11/27 10:49:14.957418         [0:T0] 
[S5] 2025/11/27 10:49:14.957423 
[S5] 2025/11/27 10:49:14.957436      📌 nextIndex:  [1 1 1 1 1 1 1]
[S5] 2025/11/27 10:49:14.957444      📎 matchIndex: [0 0 0 0 0 0 0]
[S5] 2025/11/27 10:49:14.957452 ---------------------------------------------------
[S5] 2025/11/27 10:49:14.957661 
[At the start of handleAppendEntriesReply] 🗂 S5 | Term=6 | Role=Leader | CommitIndex=0 | LastApplied=0
[S5] 2025/11/27 10:49:14.957684      📜 Log: 
[S5] 2025/11/27 10:49:14.957692         [0:T0] 
[S5] 2025/11/27 10:49:14.957699 
[S5] 2025/11/27 10:49:14.957706      📌 nextIndex:  [1 1 1 1 1 1 1]
[S5] 2025/11/27 10:49:14.957721      📎 matchIndex: [0 0 0 0 0 0 0]
[S5] 2025/11/27 10:49:14.957731 ---------------------------------------------------
[S5] 2025/11/27 10:49:14.957737 
[At the end of handleAppendEntriesReply] 🗂 S5 | Term=6 | Role=Leader | CommitIndex=0 | LastApplied=0
[S5] 2025/11/27 10:49:14.957746      📜 Log: 
[S5] 2025/11/27 10:49:14.957751         [0:T0] 
[S5] 2025/11/27 10:49:14.957757 
[S5] 2025/11/27 10:49:14.957763      📌 nextIndex:  [1 1 1 1 1 1 1]
[S5] 2025/11/27 10:49:14.957772      📎 matchIndex: [0 0 0 0 0 0 0]
[S5] 2025/11/27 10:49:14.957780 ---------------------------------------------------
[S5] 2025/11/27 10:49:14.958115 
[At the start of handleAppendEntriesReply] 🗂 S5 | Term=6 | Role=Leader | CommitIndex=0 | LastApplied=0
[S5] 2025/11/27 10:49:14.958160      📜 Log: 
[S5] 2025/11/27 10:49:14.958168         [0:T0] 
[S5] 2025/11/27 10:49:14.958175 
[S5] 2025/11/27 10:49:14.958180      📌 nextIndex:  [1 1 1 1 1 1 1]
[S5] 2025/11/27 10:49:14.958194      📎 matchIndex: [0 0 0 0 0 0 0]
[S5] 2025/11/27 10:49:14.958201 ---------------------------------------------------
[S5] 2025/11/27 10:49:14.958208 
[At the end of handleAppendEntriesReply] 🗂 S5 | Term=6 | Role=Leader | CommitIndex=0 | LastApplied=0
[S5] 2025/11/27 10:49:14.958213      📜 Log: 
[S5] 2025/11/27 10:49:14.958217         [0:T0] 
[S5] 2025/11/27 10:49:14.958221 
[S5] 2025/11/27 10:49:14.958225      📌 nextIndex:  [1 1 1 1 1 1 1]
[S5] 2025/11/27 10:49:14.958231      📎 matchIndex: [0 0 0 0 0 0 0]
[S5] 2025/11/27 10:49:14.958237 ---------------------------------------------------
[S5] 2025/11/27 10:49:15.059326 
[At the start of broadcast] 🗂 S5 | Term=6 | Role=Leader | CommitIndex=0 | LastApplied=0
[S5] 2025/11/27 10:49:15.059410      📜 Log: 
[S5] 2025/11/27 10:49:15.059421         [0:T0] 
[S5] 2025/11/27 10:49:15.059429 
[S5] 2025/11/27 10:49:15.059436      📌 nextIndex:  [1 1 1 1 1 1 1]
[S5] 2025/11/27 10:49:15.059452      📎 matchIndex: [0 0 0 0 0 0 0]
[S5] 2025/11/27 10:49:15.059460 ---------------------------------------------------
[S5] 2025/11/27 10:49:15.059484 
[At the end of broadcast] 🗂 S5 | Term=6 | Role=Leader | CommitIndex=0 | LastApplied=0
[S5] 2025/11/27 10:49:15.059492      📜 Log: 
[S5] 2025/11/27 10:49:15.059496         [0:T0] 
[S5] 2025/11/27 10:49:15.059502 
[S5] 2025/11/27 10:49:15.059507      📌 nextIndex:  [1 1 1 1 1 1 1]
[S5] 2025/11/27 10:49:15.059515      📎 matchIndex: [0 0 0 0 0 0 0]
[S5] 2025/11/27 10:49:15.059523 ---------------------------------------------------
[S5] 2025/11/27 10:49:15.060192 
[At the start of handleAppendEntriesReply] 🗂 S5 | Term=6 | Role=Leader | CommitIndex=0 | LastApplied=0
[S5] 2025/11/27 10:49:15.060205      📜 Log: 
[S5] 2025/11/27 10:49:15.060214         [0:T0] 
[S5] 2025/11/27 10:49:15.060220 
[S5] 2025/11/27 10:49:15.060226      📌 nextIndex:  [1 1 1 1 1 1 1]
[S5] 2025/11/27 10:49:15.060238      📎 matchIndex: [0 0 0 0 0 0 0]
[S5] 2025/11/27 10:49:15.060247 ---------------------------------------------------
[S5] 2025/11/27 10:49:15.060254 
[At the end of handleAppendEntriesReply] 🗂 S5 | Term=6 | Role=Leader | CommitIndex=0 | LastApplied=0
[S5] 2025/11/27 10:49:15.060263      📜 Log: 
[S5] 2025/11/27 10:49:15.060271         [0:T0] 
[S5] 2025/11/27 10:49:15.060279 
[S5] 2025/11/27 10:49:15.060286      📌 nextIndex:  [1 1 1 1 1 1 1]
[S5] 2025/11/27 10:49:15.060297      📎 matchIndex: [0 0 0 0 0 0 0]
[S5] 2025/11/27 10:49:15.060307 ---------------------------------------------------
[S5] 2025/11/27 10:49:15.060474 
[At the start of handleAppendEntriesReply] 🗂 S5 | Term=6 | Role=Leader | CommitIndex=0 | LastApplied=0
[S5] 2025/11/27 10:49:15.060488      📜 Log: 
[S5] 2025/11/27 10:49:15.060494         [0:T0] 
[S5] 2025/11/27 10:49:15.060500 
[S5] 2025/11/27 10:49:15.060507      📌 nextIndex:  [1 1 1 1 1 1 1]
[S5] 2025/11/27 10:49:15.060523      📎 matchIndex: [0 0 0 0 0 0 0]
[S5] 2025/11/27 10:49:15.060532 ---------------------------------------------------
[S5] 2025/11/27 10:49:15.060539 
[At the end of handleAppendEntriesReply] 🗂 S5 | Term=6 | Role=Leader | CommitIndex=0 | LastApplied=0
[S5] 2025/11/27 10:49:15.060546      📜 Log: 
[S5] 2025/11/27 10:49:15.060552         [0:T0] 
[S5] 2025/11/27 10:49:15.060558 
[S5] 2025/11/27 10:49:15.060564      📌 nextIndex:  [1 1 1 1 1 1 1]
[S5] 2025/11/27 10:49:15.060573      📎 matchIndex: [0 0 0 0 0 0 0]
[S5] 2025/11/27 10:49:15.060582 ---------------------------------------------------
[S5] 2025/11/27 10:49:15.060599 
[At the start of handleAppendEntriesReply] 🗂 S5 | Term=6 | Role=Leader | CommitIndex=0 | LastApplied=0
[S5] 2025/11/27 10:49:15.060606      📜 Log: 
[S5] 2025/11/27 10:49:15.060612         [0:T0] 
[S5] 2025/11/27 10:49:15.060617 
[S5] 2025/11/27 10:49:15.060654      📌 nextIndex:  [1 1 1 1 1 1 1]
[S5] 2025/11/27 10:49:15.060668      📎 matchIndex: [0 0 0 0 0 0 0]
[S5] 2025/11/27 10:49:15.060677 ---------------------------------------------------
[S5] 2025/11/27 10:49:15.060684 
[At the end of handleAppendEntriesReply] 🗂 S5 | Term=6 | Role=Leader | CommitIndex=0 | LastApplied=0
[S5] 2025/11/27 10:49:15.060691      📜 Log: 
[S5] 2025/11/27 10:49:15.060696         [0:T0] 
[S5] 2025/11/27 10:49:15.060703 
[S5] 2025/11/27 10:49:15.060708      📌 nextIndex:  [1 1 1 1 1 1 1]
[S5] 2025/11/27 10:49:15.060718      📎 matchIndex: [0 0 0 0 0 0 0]
[S5] 2025/11/27 10:49:15.060726 ---------------------------------------------------
[S5] 2025/11/27 10:49:15.437897 
[At the start of AppendEntries] 🗂 S5 | Term=8 | Role=Follower | CommitIndex=0 | LastApplied=0
[S5] 2025/11/27 10:49:15.437907      📜 Log: 
[S5] 2025/11/27 10:49:15.437910         [0:T0] 
[S5] 2025/11/27 10:49:15.437914 
[S5] 2025/11/27 10:49:15.437917 ---------------------------------------------------
[S5] 2025/11/27 10:49:15.437921 
[At the end of AppendEntries] 🗂 S5 | Term=8 | Role=Follower | CommitIndex=0 | LastApplied=0
[S5] 2025/11/27 10:49:15.437925      📜 Log: 
[S5] 2025/11/27 10:49:15.437928         [0:T0] 
[S5] 2025/11/27 10:49:15.437931 
[S5] 2025/11/27 10:49:15.437934 ---------------------------------------------------
[S5] 2025/11/27 10:49:15.542085 
[At the start of AppendEntries] 🗂 S5 | Term=8 | Role=Follower | CommitIndex=0 | LastApplied=0
[S5] 2025/11/27 10:49:15.542148      📜 Log: 
[S5] 2025/11/27 10:49:15.542161         [0:T0] 
[S5] 2025/11/27 10:49:15.542168 
[S5] 2025/11/27 10:49:15.542173 ---------------------------------------------------
[S5] 2025/11/27 10:49:15.542180 
[At the end of AppendEntries] 🗂 S5 | Term=8 | Role=Follower | CommitIndex=0 | LastApplied=0
[S5] 2025/11/27 10:49:15.542187      📜 Log: 
[S5] 2025/11/27 10:49:15.542192         [0:T0] 
[S5] 2025/11/27 10:49:15.542198 
[S5] 2025/11/27 10:49:15.542203 ---------------------------------------------------
[S5] 2025/11/27 10:49:16.170935 
[At the start of AppendEntries] 🗂 S5 | Term=8 | Role=Follower | CommitIndex=0 | LastApplied=0
[S5] 2025/11/27 10:49:16.170960      📜 Log: 
[S5] 2025/11/27 10:49:16.170968         [0:T0] 
[S5] 2025/11/27 10:49:16.170973 
[S5] 2025/11/27 10:49:16.170977 ---------------------------------------------------
[S5] 2025/11/27 10:49:16.170985 
[At the end of AppendEntries] 🗂 S5 | Term=8 | Role=Follower | CommitIndex=0 | LastApplied=0
[S5] 2025/11/27 10:49:16.170991      📜 Log: 
[S5] 2025/11/27 10:49:16.170997         [0:T0] 
[S5] 2025/11/27 10:49:16.171002 
[S5] 2025/11/27 10:49:16.171007 ---------------------------------------------------
[S5] 2025/11/27 10:49:16.171787 
[At the start of AppendEntries] 🗂 S5 | Term=9 | Role=Follower | CommitIndex=0 | LastApplied=0
[S5] 2025/11/27 10:49:16.171812      📜 Log: 
[S5] 2025/11/27 10:49:16.171817         [0:T0] 
[S5] 2025/11/27 10:49:16.171820 
[S5] 2025/11/27 10:49:16.171824 ---------------------------------------------------
[S5] 2025/11/27 10:49:16.171828 
[At the end of AppendEntries] 🗂 S5 | Term=9 | Role=Follower | CommitIndex=0 | LastApplied=0
[S5] 2025/11/27 10:49:16.171832      📜 Log: 
[S5] 2025/11/27 10:49:16.171835         [0:T0] 
[S5] 2025/11/27 10:49:16.171839 
[S5] 2025/11/27 10:49:16.171842 ---------------------------------------------------
[S5] 2025/11/27 10:49:16.273273 
[At the start of AppendEntries] 🗂 S5 | Term=9 | Role=Follower | CommitIndex=0 | LastApplied=0
[S5] 2025/11/27 10:49:16.273302      📜 Log: 
[S5] 2025/11/27 10:49:16.273311         [0:T0] 
[S5] 2025/11/27 10:49:16.273319 
[S5] 2025/11/27 10:49:16.273326 ---------------------------------------------------
[S5] 2025/11/27 10:49:16.273334 
[At the end of AppendEntries] 🗂 S5 | Term=9 | Role=Follower | CommitIndex=0 | LastApplied=0
[S5] 2025/11/27 10:49:16.273343      📜 Log: 
[S5] 2025/11/27 10:49:16.273349         [0:T0] 
[S5] 2025/11/27 10:49:16.273357 
[S5] 2025/11/27 10:49:16.273363 ---------------------------------------------------
[S5] 2025/11/27 10:49:16.376015 
[At the start of AppendEntries] 🗂 S5 | Term=9 | Role=Follower | CommitIndex=0 | LastApplied=0
[S5] 2025/11/27 10:49:16.376049      📜 Log: 
[S5] 2025/11/27 10:49:16.376054         [0:T0] 
[S5] 2025/11/27 10:49:16.376057 
[S5] 2025/11/27 10:49:16.376060 ---------------------------------------------------
[S5] 2025/11/27 10:49:16.376063 
[At the end of AppendEntries] 🗂 S5 | Term=9 | Role=Follower | CommitIndex=0 | LastApplied=0
[S5] 2025/11/27 10:49:16.376067      📜 Log: 
[S5] 2025/11/27 10:49:16.376070         [0:T0] 
[S5] 2025/11/27 10:49:16.376073 
[S5] 2025/11/27 10:49:16.376075 ---------------------------------------------------
[S5] 2025/11/27 10:49:16.480288 
[At the start of AppendEntries] 🗂 S5 | Term=9 | Role=Follower | CommitIndex=0 | LastApplied=0
[S5] 2025/11/27 10:49:16.480301      📜 Log: 
[S5] 2025/11/27 10:49:16.480306         [0:T0] 
[S5] 2025/11/27 10:49:16.480312 
[S5] 2025/11/27 10:49:16.480317 ---------------------------------------------------
[S5] 2025/11/27 10:49:16.480323 
[At the end of AppendEntries] 🗂 S5 | Term=9 | Role=Follower | CommitIndex=0 | LastApplied=0
[S5] 2025/11/27 10:49:16.480330      📜 Log: 
[S5] 2025/11/27 10:49:16.480336         [0:T0] 
[S5] 2025/11/27 10:49:16.480343 
[S5] 2025/11/27 10:49:16.480348 ---------------------------------------------------
[S5] 2025/11/27 10:49:16.586218 
[At the start of AppendEntries] 🗂 S5 | Term=9 | Role=Follower | CommitIndex=0 | LastApplied=0
[S5] 2025/11/27 10:49:16.586232      📜 Log: 
[S5] 2025/11/27 10:49:16.586238         [0:T0] 
[S5] 2025/11/27 10:49:16.586244 
[S5] 2025/11/27 10:49:16.586249 ---------------------------------------------------
[S5] 2025/11/27 10:49:16.586256 
[At the end of AppendEntries] 🗂 S5 | Term=9 | Role=Follower | CommitIndex=0 | LastApplied=0
[S5] 2025/11/27 10:49:16.586262      📜 Log: 
[S5] 2025/11/27 10:49:16.586269         [0:T0] 
[S5] 2025/11/27 10:49:16.586274 
[S5] 2025/11/27 10:49:16.586279 ---------------------------------------------------
