[S4] 2025/11/27 20:42:55.525390 
[At the start of applier] 🗂 S4 | Term=0 | Role=Follower | CommitIndex=0 | LastApplied=0
[S4] 2025/11/27 20:42:55.525451      📜 Log: 
[S4] 2025/11/27 20:42:55.525482         [0:T0] 
[S4] 2025/11/27 20:42:55.525498 
[S4] 2025/11/27 20:42:55.525510 ---------------------------------------------------
[S4] 2025/11/27 20:42:55.969761 
[At the start of AppendEntries] 🗂 S4 | Term=1 | Role=Follower | CommitIndex=0 | LastApplied=0
[S4] 2025/11/27 20:42:55.969776      📜 Log: 
[S4] 2025/11/27 20:42:55.969782         [0:T0] 
[S4] 2025/11/27 20:42:55.969791 
[S4] 2025/11/27 20:42:55.969798 ---------------------------------------------------
[S4] 2025/11/27 20:42:55.969806 
[At the end of AppendEntries] 🗂 S4 | Term=1 | Role=Follower | CommitIndex=0 | LastApplied=0
[S4] 2025/11/27 20:42:55.969815      📜 Log: 
[S4] 2025/11/27 20:42:55.969821         [0:T0] 
[S4] 2025/11/27 20:42:55.969828 
[S4] 2025/11/27 20:42:55.969833 ---------------------------------------------------
[S4] 2025/11/27 20:42:56.326494 
[At the start of AppendEntries] 🗂 S4 | Term=2 | Role=Follower | CommitIndex=0 | LastApplied=0
[S4] 2025/11/27 20:42:56.326550      📜 Log: 
[S4] 2025/11/27 20:42:56.326570         [0:T0] 
[S4] 2025/11/27 20:42:56.326586 
[S4] 2025/11/27 20:42:56.326599 ---------------------------------------------------
[S4] 2025/11/27 20:42:56.326621 
[At the end of AppendEntries] 🗂 S4 | Term=2 | Role=Follower | CommitIndex=0 | LastApplied=0
[S4] 2025/11/27 20:42:56.326639      📜 Log: 
[S4] 2025/11/27 20:42:56.326653         [0:T0] 
[S4] 2025/11/27 20:42:56.326668 
[S4] 2025/11/27 20:42:56.326677 ---------------------------------------------------
[S4] 2025/11/27 20:42:56.432699 
[At the start of AppendEntries] 🗂 S4 | Term=2 | Role=Follower | CommitIndex=0 | LastApplied=0
[S4] 2025/11/27 20:42:56.432789      📜 Log: 
[S4] 2025/11/27 20:42:56.432835         [0:T0] 
[S4] 2025/11/27 20:42:56.432882 
[S4] 2025/11/27 20:42:56.432926 ---------------------------------------------------
[S4] 2025/11/27 20:42:56.432979 
[At the end of AppendEntries] 🗂 S4 | Term=2 | Role=Follower | CommitIndex=0 | LastApplied=0
[S4] 2025/11/27 20:42:56.433037      📜 Log: 
[S4] 2025/11/27 20:42:56.433073         [0:T0] 
[S4] 2025/11/27 20:42:56.433118 
[S4] 2025/11/27 20:42:56.433155 ---------------------------------------------------
[S4] 2025/11/27 20:42:56.538708 
[At the start of AppendEntries] 🗂 S4 | Term=2 | Role=Follower | CommitIndex=0 | LastApplied=0
[S4] 2025/11/27 20:42:56.538754      📜 Log: 
[S4] 2025/11/27 20:42:56.538780         [0:T0] 
[S4] 2025/11/27 20:42:56.538807 
[S4] 2025/11/27 20:42:56.538828 ---------------------------------------------------
[S4] 2025/11/27 20:42:56.538856 
[At the end of AppendEntries] 🗂 S4 | Term=2 | Role=Follower | CommitIndex=0 | LastApplied=0
[S4] 2025/11/27 20:42:56.538883      📜 Log: 
[S4] 2025/11/27 20:42:56.538904         [0:T0] 
[S4] 2025/11/27 20:42:56.538928 
[S4] 2025/11/27 20:42:56.538944 ---------------------------------------------------
[S4] 2025/11/27 20:42:56.646287 
[At the start of AppendEntries] 🗂 S4 | Term=2 | Role=Follower | CommitIndex=0 | LastApplied=0
[S4] 2025/11/27 20:42:56.646420      📜 Log: 
[S4] 2025/11/27 20:42:56.646483         [0:T0] 
[S4] 2025/11/27 20:42:56.646537 
[S4] 2025/11/27 20:42:56.646581 ---------------------------------------------------
[S4] 2025/11/27 20:42:56.646642 
[At the end of AppendEntries] 🗂 S4 | Term=2 | Role=Follower | CommitIndex=0 | LastApplied=0
[S4] 2025/11/27 20:42:56.646724      📜 Log: 
[S4] 2025/11/27 20:42:56.646761         [0:T0] 
[S4] 2025/11/27 20:42:56.646809 
[S4] 2025/11/27 20:42:56.646857 ---------------------------------------------------
[S4] 2025/11/27 20:42:56.754046 
[At the start of AppendEntries] 🗂 S4 | Term=2 | Role=Follower | CommitIndex=0 | LastApplied=0
[S4] 2025/11/27 20:42:56.754150      📜 Log: 
[S4] 2025/11/27 20:42:56.754207         [0:T0] 
[S4] 2025/11/27 20:42:56.754258 
[S4] 2025/11/27 20:42:56.754299 ---------------------------------------------------
[S4] 2025/11/27 20:42:56.754377 
[At the end of AppendEntries] 🗂 S4 | Term=2 | Role=Follower | CommitIndex=0 | LastApplied=0
[S4] 2025/11/27 20:42:56.754451      📜 Log: 
[S4] 2025/11/27 20:42:56.754492         [0:T0] 
[S4] 2025/11/27 20:42:56.754541 
[S4] 2025/11/27 20:42:56.754575 ---------------------------------------------------
[S4] 2025/11/27 20:42:56.860540 
[At the start of AppendEntries] 🗂 S4 | Term=2 | Role=Follower | CommitIndex=0 | LastApplied=0
[S4] 2025/11/27 20:42:56.860577      📜 Log: 
[S4] 2025/11/27 20:42:56.860593         [0:T0] 
[S4] 2025/11/27 20:42:56.860612 
[S4] 2025/11/27 20:42:56.860628 ---------------------------------------------------
[S4] 2025/11/27 20:42:56.860646 
[At the end of AppendEntries] 🗂 S4 | Term=2 | Role=Follower | CommitIndex=0 | LastApplied=0
[S4] 2025/11/27 20:42:56.860670      📜 Log: 
[S4] 2025/11/27 20:42:56.860684         [0:T0] 
[S4] 2025/11/27 20:42:56.860702 
[S4] 2025/11/27 20:42:56.860713 ---------------------------------------------------
[S4] 2025/11/27 20:42:56.966562 
[At the start of AppendEntries] 🗂 S4 | Term=2 | Role=Follower | CommitIndex=0 | LastApplied=0
[S4] 2025/11/27 20:42:56.966639      📜 Log: 
[S4] 2025/11/27 20:42:56.966667         [0:T0] 
[S4] 2025/11/27 20:42:56.966695 
[S4] 2025/11/27 20:42:56.966715 ---------------------------------------------------
[S4] 2025/11/27 20:42:56.966746 
[At the end of AppendEntries] 🗂 S4 | Term=2 | Role=Follower | CommitIndex=0 | LastApplied=0
[S4] 2025/11/27 20:42:56.966776      📜 Log: 
[S4] 2025/11/27 20:42:56.966802         [0:T0] 
[S4] 2025/11/27 20:42:56.966829 
[S4] 2025/11/27 20:42:56.966847 ---------------------------------------------------
[S4] 2025/11/27 20:42:57.029474 
[At the start of AppendEntries] 🗂 S4 | Term=2 | Role=Follower | CommitIndex=0 | LastApplied=0
[S4] 2025/11/27 20:42:57.029557      📜 Log: 
[S4] 2025/11/27 20:42:57.029588         [0:T0] 
[S4] 2025/11/27 20:42:57.029619 
[S4] 2025/11/27 20:42:57.029643 ---------------------------------------------------
[S4] 2025/11/27 20:42:57.072002 
[At the start of AppendEntries] 🗂 S4 | Term=3 | Role=Follower | CommitIndex=0 | LastApplied=0
[S4] 2025/11/27 20:42:57.072025      📜 Log: 
[S4] 2025/11/27 20:42:57.072033         [0:T0] 
[S4] 2025/11/27 20:42:57.072042 
[S4] 2025/11/27 20:42:57.072048 ---------------------------------------------------
[S4] 2025/11/27 20:42:57.072056 
[At the end of AppendEntries] 🗂 S4 | Term=3 | Role=Follower | CommitIndex=0 | LastApplied=0
[S4] 2025/11/27 20:42:57.072065      📜 Log: 
[S4] 2025/11/27 20:42:57.072071         [0:T0] 
[S4] 2025/11/27 20:42:57.072077 
[S4] 2025/11/27 20:42:57.072082 ---------------------------------------------------
[S4] 2025/11/27 20:42:57.179821 
[At the start of AppendEntries] 🗂 S4 | Term=3 | Role=Follower | CommitIndex=0 | LastApplied=0
[S4] 2025/11/27 20:42:57.179902      📜 Log: 
[S4] 2025/11/27 20:42:57.179944         [0:T0] 
[S4] 2025/11/27 20:42:57.179984 
[S4] 2025/11/27 20:42:57.180024 ---------------------------------------------------
[S4] 2025/11/27 20:42:57.180070 
[At the end of AppendEntries] 🗂 S4 | Term=3 | Role=Follower | CommitIndex=0 | LastApplied=0
[S4] 2025/11/27 20:42:57.180119      📜 Log: 
[S4] 2025/11/27 20:42:57.180151         [0:T0] 
[S4] 2025/11/27 20:42:57.180189 
[S4] 2025/11/27 20:42:57.180219 ---------------------------------------------------
[S4] 2025/11/27 20:42:57.284525 
[At the start of AppendEntries] 🗂 S4 | Term=3 | Role=Follower | CommitIndex=0 | LastApplied=0
[S4] 2025/11/27 20:42:57.284545      📜 Log: 
[S4] 2025/11/27 20:42:57.284553         [0:T0] 
[S4] 2025/11/27 20:42:57.284563 
[S4] 2025/11/27 20:42:57.284570 ---------------------------------------------------
[S4] 2025/11/27 20:42:57.284581 
[At the end of AppendEntries] 🗂 S4 | Term=3 | Role=Follower | CommitIndex=0 | LastApplied=0
[S4] 2025/11/27 20:42:57.284590      📜 Log: 
[S4] 2025/11/27 20:42:57.284596         [0:T0] 
[S4] 2025/11/27 20:42:57.284603 
[S4] 2025/11/27 20:42:57.284610 ---------------------------------------------------
[S4] 2025/11/27 20:42:57.392130 
[At the start of AppendEntries] 🗂 S4 | Term=3 | Role=Follower | CommitIndex=0 | LastApplied=0
[S4] 2025/11/27 20:42:57.392203      📜 Log: 
[S4] 2025/11/27 20:42:57.392237         [0:T0] 
[S4] 2025/11/27 20:42:57.392264 
[S4] 2025/11/27 20:42:57.392285 ---------------------------------------------------
[S4] 2025/11/27 20:42:57.392315 
[At the end of AppendEntries] 🗂 S4 | Term=3 | Role=Follower | CommitIndex=0 | LastApplied=0
[S4] 2025/11/27 20:42:57.392350      📜 Log: 
[S4] 2025/11/27 20:42:57.392369         [0:T0] 
[S4] 2025/11/27 20:42:57.392394 
[S4] 2025/11/27 20:42:57.392413 ---------------------------------------------------
[S4] 2025/11/27 20:42:57.902743 
[At the start of startElection] 🗂 S4 | Term=3 | Role=Follower | CommitIndex=0 | LastApplied=0
[S4] 2025/11/27 20:42:57.902873      📜 Log: 
[S4] 2025/11/27 20:42:57.902896         [0:T0] 
[S4] 2025/11/27 20:42:57.902916 
[S4] 2025/11/27 20:42:57.902930 ---------------------------------------------------
[S4] 2025/11/27 20:42:57.903131 
[At the end of startElection] 🗂 S4 | Term=4 | Role=Candidate | CommitIndex=0 | LastApplied=0
[S4] 2025/11/27 20:42:57.903160      📜 Log: 
[S4] 2025/11/27 20:42:57.903174         [0:T0] 
[S4] 2025/11/27 20:42:57.903198 
[S4] 2025/11/27 20:42:57.903213 ---------------------------------------------------
[S4] 2025/11/27 20:42:58.394202 
[At the start of startElection] 🗂 S4 | Term=4 | Role=Candidate | CommitIndex=0 | LastApplied=0
[S4] 2025/11/27 20:42:58.394287      📜 Log: 
[S4] 2025/11/27 20:42:58.394306         [0:T0] 
[S4] 2025/11/27 20:42:58.394321 
[S4] 2025/11/27 20:42:58.394334 ---------------------------------------------------
[S4] 2025/11/27 20:42:58.394519 
[At the end of startElection] 🗂 S4 | Term=5 | Role=Candidate | CommitIndex=0 | LastApplied=0
[S4] 2025/11/27 20:42:58.394551      📜 Log: 
[S4] 2025/11/27 20:42:58.394576         [0:T0] 
[S4] 2025/11/27 20:42:58.394589 
[S4] 2025/11/27 20:42:58.394599 ---------------------------------------------------
[S4] 2025/11/27 20:42:58.525597 
[At the start of AppendEntries] 🗂 S4 | Term=5 | Role=Candidate | CommitIndex=0 | LastApplied=0
[S4] 2025/11/27 20:42:58.525723      📜 Log: 
[S4] 2025/11/27 20:42:58.525768         [0:T0] 
[S4] 2025/11/27 20:42:58.525817 
[S4] 2025/11/27 20:42:58.525865 ---------------------------------------------------
[S4] 2025/11/27 20:42:58.925316 
[At the start of startElection] 🗂 S4 | Term=5 | Role=Candidate | CommitIndex=0 | LastApplied=0
[S4] 2025/11/27 20:42:58.925405      📜 Log: 
[S4] 2025/11/27 20:42:58.925431         [0:T0] 
[S4] 2025/11/27 20:42:58.925470 
[S4] 2025/11/27 20:42:58.925493 ---------------------------------------------------
[S4] 2025/11/27 20:42:58.925790 
[At the end of startElection] 🗂 S4 | Term=6 | Role=Candidate | CommitIndex=0 | LastApplied=0
[S4] 2025/11/27 20:42:58.925831      📜 Log: 
[S4] 2025/11/27 20:42:58.925855         [0:T0] 
[S4] 2025/11/27 20:42:58.925879 
[S4] 2025/11/27 20:42:58.925899 ---------------------------------------------------
[S4] 2025/11/27 20:42:58.927721 
[At the start of broadcast] 🗂 S4 | Term=6 | Role=Leader | CommitIndex=0 | LastApplied=0
[S4] 2025/11/27 20:42:58.927797      📜 Log: 
[S4] 2025/11/27 20:42:58.927819         [0:T0] 
[S4] 2025/11/27 20:42:58.927841 
[S4] 2025/11/27 20:42:58.927857      📌 nextIndex:  [1 1 1 1 1 1 1]
[S4] 2025/11/27 20:42:58.927894      📎 matchIndex: [0 0 0 0 0 0 0]
[S4] 2025/11/27 20:42:58.927924 ---------------------------------------------------
[S4] 2025/11/27 20:42:58.927972 
[At the end of broadcast] 🗂 S4 | Term=6 | Role=Leader | CommitIndex=0 | LastApplied=0
[S4] 2025/11/27 20:42:58.928012      📜 Log: 
[S4] 2025/11/27 20:42:58.928037         [0:T0] 
[S4] 2025/11/27 20:42:58.928065 
[S4] 2025/11/27 20:42:58.928091      📌 nextIndex:  [1 1 1 1 1 1 1]
[S4] 2025/11/27 20:42:58.928145      📎 matchIndex: [0 0 0 0 0 0 0]
[S4] 2025/11/27 20:42:58.928195 ---------------------------------------------------
[S4] 2025/11/27 20:42:58.929289 
[At the start of handleAppendEntriesReply] 🗂 S4 | Term=6 | Role=Leader | CommitIndex=0 | LastApplied=0
[S4] 2025/11/27 20:42:58.929345      📜 Log: 
[S4] 2025/11/27 20:42:58.929365         [0:T0] 
[S4] 2025/11/27 20:42:58.929386 
[S4] 2025/11/27 20:42:58.929401      📌 nextIndex:  [1 1 1 1 1 1 1]
[S4] 2025/11/27 20:42:58.929430      📎 matchIndex: [0 0 0 0 0 0 0]
[S4] 2025/11/27 20:42:58.929472 ---------------------------------------------------
[S4] 2025/11/27 20:42:58.929490 
[At the end of handleAppendEntriesReply] 🗂 S4 | Term=6 | Role=Leader | CommitIndex=0 | LastApplied=0
[S4] 2025/11/27 20:42:58.929512      📜 Log: 
[S4] 2025/11/27 20:42:58.929526         [0:T0] 
[S4] 2025/11/27 20:42:58.929543 
[S4] 2025/11/27 20:42:58.929557      📌 nextIndex:  [1 1 1 1 1 1 1]
[S4] 2025/11/27 20:42:58.929583      📎 matchIndex: [0 0 0 0 0 0 0]
[S4] 2025/11/27 20:42:58.929608 ---------------------------------------------------
[S4] 2025/11/27 20:42:58.929634 
[At the start of handleAppendEntriesReply] 🗂 S4 | Term=6 | Role=Leader | CommitIndex=0 | LastApplied=0
[S4] 2025/11/27 20:42:58.929672      📜 Log: 
[S4] 2025/11/27 20:42:58.929697         [0:T0] 
[S4] 2025/11/27 20:42:58.929714 
[S4] 2025/11/27 20:42:58.929729      📌 nextIndex:  [1 1 1 1 1 1 1]
[S4] 2025/11/27 20:42:58.929762      📎 matchIndex: [0 0 0 0 0 0 0]
[S4] 2025/11/27 20:42:58.929789 ---------------------------------------------------
[S4] 2025/11/27 20:42:58.929808 
[At the end of handleAppendEntriesReply] 🗂 S4 | Term=6 | Role=Leader | CommitIndex=0 | LastApplied=0
[S4] 2025/11/27 20:42:58.929828      📜 Log: 
[S4] 2025/11/27 20:42:58.929844         [0:T0] 
[S4] 2025/11/27 20:42:58.929866 
[S4] 2025/11/27 20:42:58.929884      📌 nextIndex:  [1 1 1 1 1 1 1]
[S4] 2025/11/27 20:42:58.929921      📎 matchIndex: [0 0 0 0 0 0 0]
[S4] 2025/11/27 20:42:58.929956 ---------------------------------------------------
[S4] 2025/11/27 20:42:58.930095 
[At the start of handleAppendEntriesReply] 🗂 S4 | Term=6 | Role=Leader | CommitIndex=0 | LastApplied=0
[S4] 2025/11/27 20:42:58.930137      📜 Log: 
[S4] 2025/11/27 20:42:58.930154         [0:T0] 
[S4] 2025/11/27 20:42:58.930171 
[S4] 2025/11/27 20:42:58.930185      📌 nextIndex:  [1 1 1 1 1 1 1]
[S4] 2025/11/27 20:42:58.930216      📎 matchIndex: [0 0 0 0 0 0 0]
[S4] 2025/11/27 20:42:58.930242 ---------------------------------------------------
[S4] 2025/11/27 20:42:58.930258 
[At the end of handleAppendEntriesReply] 🗂 S4 | Term=6 | Role=Leader | CommitIndex=0 | LastApplied=0
[S4] 2025/11/27 20:42:58.930279      📜 Log: 
[S4] 2025/11/27 20:42:58.930291         [0:T0] 
[S4] 2025/11/27 20:42:58.930311 
[S4] 2025/11/27 20:42:58.930324      📌 nextIndex:  [1 1 1 1 1 1 1]
[S4] 2025/11/27 20:42:58.930359      📎 matchIndex: [0 0 0 0 0 0 0]
[S4] 2025/11/27 20:42:58.930390 ---------------------------------------------------
[S4] 2025/11/27 20:42:58.930420 
[At the start of handleAppendEntriesReply] 🗂 S4 | Term=6 | Role=Leader | CommitIndex=0 | LastApplied=0
[S4] 2025/11/27 20:42:58.930493      📜 Log: 
[S4] 2025/11/27 20:42:58.930515         [0:T0] 
[S4] 2025/11/27 20:42:58.930532 
[S4] 2025/11/27 20:42:58.930545      📌 nextIndex:  [1 1 1 1 1 1 1]
[S4] 2025/11/27 20:42:58.930574      📎 matchIndex: [0 0 0 0 0 0 0]
[S4] 2025/11/27 20:42:58.930603 ---------------------------------------------------
[S4] 2025/11/27 20:42:58.930623 
[At the end of handleAppendEntriesReply] 🗂 S4 | Term=6 | Role=Leader | CommitIndex=0 | LastApplied=0
[S4] 2025/11/27 20:42:58.930648      📜 Log: 
[S4] 2025/11/27 20:42:58.930661         [0:T0] 
[S4] 2025/11/27 20:42:58.930691 
[S4] 2025/11/27 20:42:58.930706      📌 nextIndex:  [1 1 1 1 1 1 1]
[S4] 2025/11/27 20:42:58.930739      📎 matchIndex: [0 0 0 0 0 0 0]
[S4] 2025/11/27 20:42:58.930773 ---------------------------------------------------
[S4] 2025/11/27 20:42:59.031299 
[At the start of broadcast] 🗂 S4 | Term=6 | Role=Leader | CommitIndex=0 | LastApplied=0
[S4] 2025/11/27 20:42:59.031409      📜 Log: 
[S4] 2025/11/27 20:42:59.031448         [0:T0] 
[S4] 2025/11/27 20:42:59.031498 
[S4] 2025/11/27 20:42:59.031520      📌 nextIndex:  [1 1 1 1 1 1 1]
[S4] 2025/11/27 20:42:59.031570      📎 matchIndex: [0 0 0 0 0 0 0]
[S4] 2025/11/27 20:42:59.031620 ---------------------------------------------------
[S4] 2025/11/27 20:42:59.031698 
[At the end of broadcast] 🗂 S4 | Term=6 | Role=Leader | CommitIndex=0 | LastApplied=0
[S4] 2025/11/27 20:42:59.031736      📜 Log: 
[S4] 2025/11/27 20:42:59.031761         [0:T0] 
[S4] 2025/11/27 20:42:59.031787 
[S4] 2025/11/27 20:42:59.031806      📌 nextIndex:  [1 1 1 1 1 1 1]
[S4] 2025/11/27 20:42:59.031846      📎 matchIndex: [0 0 0 0 0 0 0]
[S4] 2025/11/27 20:42:59.031883 ---------------------------------------------------
[S4] 2025/11/27 20:42:59.033571 
[At the start of handleAppendEntriesReply] 🗂 S4 | Term=6 | Role=Leader | CommitIndex=0 | LastApplied=0
[S4] 2025/11/27 20:42:59.033621      📜 Log: 
[S4] 2025/11/27 20:42:59.033649         [0:T0] 
[S4] 2025/11/27 20:42:59.033674 
[S4] 2025/11/27 20:42:59.033694      📌 nextIndex:  [1 1 1 1 1 1 1]
[S4] 2025/11/27 20:42:59.033736      📎 matchIndex: [0 0 0 0 0 0 0]
[S4] 2025/11/27 20:42:59.033773 ---------------------------------------------------
[S4] 2025/11/27 20:42:59.033799 
[At the end of handleAppendEntriesReply] 🗂 S4 | Term=6 | Role=Leader | CommitIndex=0 | LastApplied=0
[S4] 2025/11/27 20:42:59.033828      📜 Log: 
[S4] 2025/11/27 20:42:59.033851         [0:T0] 
[S4] 2025/11/27 20:42:59.033877 
[S4] 2025/11/27 20:42:59.033896      📌 nextIndex:  [1 1 1 1 1 1 1]
[S4] 2025/11/27 20:42:59.033938      📎 matchIndex: [0 0 0 0 0 0 0]
[S4] 2025/11/27 20:42:59.033997 ---------------------------------------------------
[S4] 2025/11/27 20:42:59.034044 
[At the start of handleAppendEntriesReply] 🗂 S4 | Term=6 | Role=Leader | CommitIndex=0 | LastApplied=0
[S4] 2025/11/27 20:42:59.034090      📜 Log: 
[S4] 2025/11/27 20:42:59.034115         [0:T0] 
[S4] 2025/11/27 20:42:59.034139 
[S4] 2025/11/27 20:42:59.034159      📌 nextIndex:  [1 1 1 1 1 1 1]
[S4] 2025/11/27 20:42:59.034201      📎 matchIndex: [0 0 0 0 0 0 0]
[S4] 2025/11/27 20:42:59.034236 ---------------------------------------------------
[S4] 2025/11/27 20:42:59.034264 
[At the end of handleAppendEntriesReply] 🗂 S4 | Term=6 | Role=Leader | CommitIndex=0 | LastApplied=0
[S4] 2025/11/27 20:42:59.034303      📜 Log: 
[S4] 2025/11/27 20:42:59.034321         [0:T0] 
[S4] 2025/11/27 20:42:59.034350 
[S4] 2025/11/27 20:42:59.034367      📌 nextIndex:  [1 1 1 1 1 1 1]
[S4] 2025/11/27 20:42:59.034407      📎 matchIndex: [0 0 0 0 0 0 0]
[S4] 2025/11/27 20:42:59.034463 ---------------------------------------------------
[S4] 2025/11/27 20:42:59.034588 
[At the start of handleAppendEntriesReply] 🗂 S4 | Term=6 | Role=Leader | CommitIndex=0 | LastApplied=0
[S4] 2025/11/27 20:42:59.034657      📜 Log: 
[S4] 2025/11/27 20:42:59.034696         [0:T0] 
[S4] 2025/11/27 20:42:59.034738 
[S4] 2025/11/27 20:42:59.034779      📌 nextIndex:  [1 1 1 1 1 1 1]
[S4] 2025/11/27 20:42:59.034858      📎 matchIndex: [0 0 0 0 0 0 0]
[S4] 2025/11/27 20:42:59.034917 ---------------------------------------------------
[S4] 2025/11/27 20:42:59.034953 
[At the end of handleAppendEntriesReply] 🗂 S4 | Term=6 | Role=Leader | CommitIndex=0 | LastApplied=0
[S4] 2025/11/27 20:42:59.034986      📜 Log: 
[S4] 2025/11/27 20:42:59.035009         [0:T0] 
[S4] 2025/11/27 20:42:59.035033 
[S4] 2025/11/27 20:42:59.035051      📌 nextIndex:  [1 1 1 1 1 1 1]
[S4] 2025/11/27 20:42:59.035090      📎 matchIndex: [0 0 0 0 0 0 0]
[S4] 2025/11/27 20:42:59.035125 ---------------------------------------------------
[S4] 2025/11/27 20:42:59.035161 
[At the start of handleAppendEntriesReply] 🗂 S4 | Term=6 | Role=Leader | CommitIndex=0 | LastApplied=0
[S4] 2025/11/27 20:42:59.035216      📜 Log: 
[S4] 2025/11/27 20:42:59.035238         [0:T0] 
[S4] 2025/11/27 20:42:59.035268 
[S4] 2025/11/27 20:42:59.035289      📌 nextIndex:  [1 1 1 1 1 1 1]
[S4] 2025/11/27 20:42:59.035334      📎 matchIndex: [0 0 0 0 0 0 0]
[S4] 2025/11/27 20:42:59.035375 ---------------------------------------------------
[S4] 2025/11/27 20:42:59.035412 
[At the end of handleAppendEntriesReply] 🗂 S4 | Term=6 | Role=Leader | CommitIndex=0 | LastApplied=0
[S4] 2025/11/27 20:42:59.035468      📜 Log: 
[S4] 2025/11/27 20:42:59.035493         [0:T0] 
[S4] 2025/11/27 20:42:59.035514 
[S4] 2025/11/27 20:42:59.035538      📌 nextIndex:  [1 1 1 1 1 1 1]
[S4] 2025/11/27 20:42:59.035576      📎 matchIndex: [0 0 0 0 0 0 0]
[S4] 2025/11/27 20:42:59.035633 ---------------------------------------------------
[S4] 2025/11/27 20:42:59.136702 
[At the start of broadcast] 🗂 S4 | Term=6 | Role=Leader | CommitIndex=0 | LastApplied=0
[S4] 2025/11/27 20:42:59.136822      📜 Log: 
[S4] 2025/11/27 20:42:59.136855         [0:T0] 
[S4] 2025/11/27 20:42:59.136889 
[S4] 2025/11/27 20:42:59.136914      📌 nextIndex:  [1 1 1 1 1 1 1]
[S4] 2025/11/27 20:42:59.136981      📎 matchIndex: [0 0 0 0 0 0 0]
[S4] 2025/11/27 20:42:59.137025 ---------------------------------------------------
[S4] 2025/11/27 20:42:59.137099 
[At the end of broadcast] 🗂 S4 | Term=6 | Role=Leader | CommitIndex=0 | LastApplied=0
[S4] 2025/11/27 20:42:59.137138      📜 Log: 
[S4] 2025/11/27 20:42:59.137160         [0:T0] 
[S4] 2025/11/27 20:42:59.137182 
[S4] 2025/11/27 20:42:59.137205      📌 nextIndex:  [1 1 1 1 1 1 1]
[S4] 2025/11/27 20:42:59.137268      📎 matchIndex: [0 0 0 0 0 0 0]
[S4] 2025/11/27 20:42:59.137344 ---------------------------------------------------
[S4] 2025/11/27 20:42:59.139026 
[At the start of handleAppendEntriesReply] 🗂 S4 | Term=6 | Role=Leader | CommitIndex=0 | LastApplied=0
[S4] 2025/11/27 20:42:59.139077      📜 Log: 
[S4] 2025/11/27 20:42:59.139101         [0:T0] 
[S4] 2025/11/27 20:42:59.139135 
[S4] 2025/11/27 20:42:59.139156      📌 nextIndex:  [1 1 1 1 1 1 1]
[S4] 2025/11/27 20:42:59.139200      📎 matchIndex: [0 0 0 0 0 0 0]
[S4] 2025/11/27 20:42:59.139246 ---------------------------------------------------
[S4] 2025/11/27 20:42:59.139271 
[At the end of handleAppendEntriesReply] 🗂 S4 | Term=6 | Role=Leader | CommitIndex=0 | LastApplied=0
[S4] 2025/11/27 20:42:59.139309      📜 Log: 
[S4] 2025/11/27 20:42:59.139330         [0:T0] 
[S4] 2025/11/27 20:42:59.139358 
[S4] 2025/11/27 20:42:59.139374      📌 nextIndex:  [1 1 1 1 1 1 1]
[S4] 2025/11/27 20:42:59.139419      📎 matchIndex: [0 0 0 0 0 0 0]
[S4] 2025/11/27 20:42:59.139479 ---------------------------------------------------
[S4] 2025/11/27 20:42:59.139931 
[At the start of handleAppendEntriesReply] 🗂 S4 | Term=6 | Role=Leader | CommitIndex=0 | LastApplied=0
[S4] 2025/11/27 20:42:59.140003      📜 Log: 
[S4] 2025/11/27 20:42:59.140045         [0:T0] 
[S4] 2025/11/27 20:42:59.140089 
[S4] 2025/11/27 20:42:59.140121      📌 nextIndex:  [1 1 1 1 1 1 1]
[S4] 2025/11/27 20:42:59.140197      📎 matchIndex: [0 0 0 0 0 0 0]
[S4] 2025/11/27 20:42:59.140263 ---------------------------------------------------
[S4] 2025/11/27 20:42:59.140300 
[At the end of handleAppendEntriesReply] 🗂 S4 | Term=6 | Role=Leader | CommitIndex=0 | LastApplied=0
[S4] 2025/11/27 20:42:59.140356      📜 Log: 
[S4] 2025/11/27 20:42:59.140387         [0:T0] 
[S4] 2025/11/27 20:42:59.140427 
[S4] 2025/11/27 20:42:59.140463      📌 nextIndex:  [1 1 1 1 1 1 1]
[S4] 2025/11/27 20:42:59.140542      📎 matchIndex: [0 0 0 0 0 0 0]
[S4] 2025/11/27 20:42:59.140606 ---------------------------------------------------
[S4] 2025/11/27 20:42:59.140680 
[At the start of handleAppendEntriesReply] 🗂 S4 | Term=6 | Role=Leader | CommitIndex=0 | LastApplied=0
[S4] 2025/11/27 20:42:59.140739      📜 Log: 
[S4] 2025/11/27 20:42:59.140775         [0:T0] 
[S4] 2025/11/27 20:42:59.140816 
[S4] 2025/11/27 20:42:59.140844      📌 nextIndex:  [1 1 1 1 1 1 1]
[S4] 2025/11/27 20:42:59.140915      📎 matchIndex: [0 0 0 0 0 0 0]
[S4] 2025/11/27 20:42:59.140976 ---------------------------------------------------
[S4] 2025/11/27 20:42:59.141015 
[At the end of handleAppendEntriesReply] 🗂 S4 | Term=6 | Role=Leader | CommitIndex=0 | LastApplied=0
[S4] 2025/11/27 20:42:59.141085      📜 Log: 
[S4] 2025/11/27 20:42:59.141115         [0:T0] 
[S4] 2025/11/27 20:42:59.141153 
[S4] 2025/11/27 20:42:59.141184      📌 nextIndex:  [1 1 1 1 1 1 1]
[S4] 2025/11/27 20:42:59.141248      📎 matchIndex: [0 0 0 0 0 0 0]
[S4] 2025/11/27 20:42:59.141315 ---------------------------------------------------
[S4] 2025/11/27 20:42:59.141382 
[At the start of handleAppendEntriesReply] 🗂 S4 | Term=6 | Role=Leader | CommitIndex=0 | LastApplied=0
[S4] 2025/11/27 20:42:59.141450      📜 Log: 
[S4] 2025/11/27 20:42:59.141494         [0:T0] 
[S4] 2025/11/27 20:42:59.141535 
[S4] 2025/11/27 20:42:59.141564      📌 nextIndex:  [1 1 1 1 1 1 1]
[S4] 2025/11/27 20:42:59.141629      📎 matchIndex: [0 0 0 0 0 0 0]
[S4] 2025/11/27 20:42:59.141692 ---------------------------------------------------
[S4] 2025/11/27 20:42:59.141727 
[At the end of handleAppendEntriesReply] 🗂 S4 | Term=6 | Role=Leader | CommitIndex=0 | LastApplied=0
[S4] 2025/11/27 20:42:59.141774      📜 Log: 
[S4] 2025/11/27 20:42:59.141806         [0:T0] 
[S4] 2025/11/27 20:42:59.141847 
[S4] 2025/11/27 20:42:59.141881      📌 nextIndex:  [1 1 1 1 1 1 1]
[S4] 2025/11/27 20:42:59.141958      📎 matchIndex: [0 0 0 0 0 0 0]
[S4] 2025/11/27 20:42:59.142031 ---------------------------------------------------
[S4] 2025/11/27 20:42:59.241852 
[At the start of broadcast] 🗂 S4 | Term=6 | Role=Leader | CommitIndex=0 | LastApplied=0
[S4] 2025/11/27 20:42:59.241905      📜 Log: 
[S4] 2025/11/27 20:42:59.241915         [0:T0] 
[S4] 2025/11/27 20:42:59.241923 
[S4] 2025/11/27 20:42:59.241931      📌 nextIndex:  [1 1 1 1 1 1 1]
[S4] 2025/11/27 20:42:59.241950      📎 matchIndex: [0 0 0 0 0 0 0]
[S4] 2025/11/27 20:42:59.241964 ---------------------------------------------------
[S4] 2025/11/27 20:42:59.241992 
[At the end of broadcast] 🗂 S4 | Term=6 | Role=Leader | CommitIndex=0 | LastApplied=0
[S4] 2025/11/27 20:42:59.242009      📜 Log: 
[S4] 2025/11/27 20:42:59.242032         [0:T0] 
[S4] 2025/11/27 20:42:59.242046 
[S4] 2025/11/27 20:42:59.242055      📌 nextIndex:  [1 1 1 1 1 1 1]
[S4] 2025/11/27 20:42:59.242078      📎 matchIndex: [0 0 0 0 0 0 0]
[S4] 2025/11/27 20:42:59.242097 ---------------------------------------------------
[S4] 2025/11/27 20:42:59.242749 
[At the start of handleAppendEntriesReply] 🗂 S4 | Term=6 | Role=Leader | CommitIndex=0 | LastApplied=0
[S4] 2025/11/27 20:42:59.242772      📜 Log: 
[S4] 2025/11/27 20:42:59.242788         [0:T0] 
[S4] 2025/11/27 20:42:59.242806 
[S4] 2025/11/27 20:42:59.242816      📌 nextIndex:  [1 1 1 1 1 1 1]
[S4] 2025/11/27 20:42:59.242839      📎 matchIndex: [0 0 0 0 0 0 0]
[S4] 2025/11/27 20:42:59.242859 ---------------------------------------------------
[S4] 2025/11/27 20:42:59.242871 
[At the end of handleAppendEntriesReply] 🗂 S4 | Term=6 | Role=Leader | CommitIndex=0 | LastApplied=0
[S4] 2025/11/27 20:42:59.242886      📜 Log: 
[S4] 2025/11/27 20:42:59.242895         [0:T0] 
[S4] 2025/11/27 20:42:59.242907 
[S4] 2025/11/27 20:42:59.242915      📌 nextIndex:  [1 1 1 1 1 1 1]
[S4] 2025/11/27 20:42:59.242935      📎 matchIndex: [0 0 0 0 0 0 0]
[S4] 2025/11/27 20:42:59.242954 ---------------------------------------------------
[S4] 2025/11/27 20:42:59.242970 
[At the start of handleAppendEntriesReply] 🗂 S4 | Term=6 | Role=Leader | CommitIndex=0 | LastApplied=0
[S4] 2025/11/27 20:42:59.242990      📜 Log: 
[S4] 2025/11/27 20:42:59.243003         [0:T0] 
[S4] 2025/11/27 20:42:59.243013 
[S4] 2025/11/27 20:42:59.243024      📌 nextIndex:  [1 1 1 1 1 1 1]
[S4] 2025/11/27 20:42:59.243044      📎 matchIndex: [0 0 0 0 0 0 0]
[S4] 2025/11/27 20:42:59.243064 ---------------------------------------------------
[S4] 2025/11/27 20:42:59.243075 
[At the end of handleAppendEntriesReply] 🗂 S4 | Term=6 | Role=Leader | CommitIndex=0 | LastApplied=0
[S4] 2025/11/27 20:42:59.243091      📜 Log: 
[S4] 2025/11/27 20:42:59.243103         [0:T0] 
[S4] 2025/11/27 20:42:59.243117 
[S4] 2025/11/27 20:42:59.243126      📌 nextIndex:  [1 1 1 1 1 1 1]
[S4] 2025/11/27 20:42:59.243154      📎 matchIndex: [0 0 0 0 0 0 0]
[S4] 2025/11/27 20:42:59.243178 ---------------------------------------------------
[S4] 2025/11/27 20:42:59.243196 
[At the start of handleAppendEntriesReply] 🗂 S4 | Term=6 | Role=Leader | CommitIndex=0 | LastApplied=0
[S4] 2025/11/27 20:42:59.243214      📜 Log: 
[S4] 2025/11/27 20:42:59.243227         [0:T0] 
[S4] 2025/11/27 20:42:59.243238 
[S4] 2025/11/27 20:42:59.243250      📌 nextIndex:  [1 1 1 1 1 1 1]
[S4] 2025/11/27 20:42:59.243272      📎 matchIndex: [0 0 0 0 0 0 0]
[S4] 2025/11/27 20:42:59.243291 ---------------------------------------------------
[S4] 2025/11/27 20:42:59.243305 
[At the end of handleAppendEntriesReply] 🗂 S4 | Term=6 | Role=Leader | CommitIndex=0 | LastApplied=0
[S4] 2025/11/27 20:42:59.243319      📜 Log: 
[S4] 2025/11/27 20:42:59.243331         [0:T0] 
[S4] 2025/11/27 20:42:59.243340 
[S4] 2025/11/27 20:42:59.243346      📌 nextIndex:  [1 1 1 1 1 1 1]
[S4] 2025/11/27 20:42:59.243360      📎 matchIndex: [0 0 0 0 0 0 0]
[S4] 2025/11/27 20:42:59.243375 ---------------------------------------------------
[S4] 2025/11/27 20:42:59.243386 
[At the start of handleAppendEntriesReply] 🗂 S4 | Term=6 | Role=Leader | CommitIndex=0 | LastApplied=0
[S4] 2025/11/27 20:42:59.243398      📜 Log: 
[S4] 2025/11/27 20:42:59.243405         [0:T0] 
[S4] 2025/11/27 20:42:59.243412 
[S4] 2025/11/27 20:42:59.243419      📌 nextIndex:  [1 1 1 1 1 1 1]
[S4] 2025/11/27 20:42:59.243430      📎 matchIndex: [0 0 0 0 0 0 0]
[S4] 2025/11/27 20:42:59.243451 ---------------------------------------------------
[S4] 2025/11/27 20:42:59.243459 
[At the end of handleAppendEntriesReply] 🗂 S4 | Term=6 | Role=Leader | CommitIndex=0 | LastApplied=0
[S4] 2025/11/27 20:42:59.243468      📜 Log: 
[S4] 2025/11/27 20:42:59.243475         [0:T0] 
[S4] 2025/11/27 20:42:59.243482 
[S4] 2025/11/27 20:42:59.243488      📌 nextIndex:  [1 1 1 1 1 1 1]
[S4] 2025/11/27 20:42:59.243500      📎 matchIndex: [0 0 0 0 0 0 0]
[S4] 2025/11/27 20:42:59.243511 ---------------------------------------------------
[S4] 2025/11/27 20:42:59.347608 
[At the start of broadcast] 🗂 S4 | Term=6 | Role=Leader | CommitIndex=0 | LastApplied=0
[S4] 2025/11/27 20:42:59.347658      📜 Log: 
[S4] 2025/11/27 20:42:59.347667         [0:T0] 
[S4] 2025/11/27 20:42:59.347675 
[S4] 2025/11/27 20:42:59.347685      📌 nextIndex:  [1 1 1 1 1 1 1]
[S4] 2025/11/27 20:42:59.347703      📎 matchIndex: [0 0 0 0 0 0 0]
[S4] 2025/11/27 20:42:59.347715 ---------------------------------------------------
[S4] 2025/11/27 20:42:59.347754 
[At the end of broadcast] 🗂 S4 | Term=6 | Role=Leader | CommitIndex=0 | LastApplied=0
[S4] 2025/11/27 20:42:59.347764      📜 Log: 
[S4] 2025/11/27 20:42:59.347782         [0:T0] 
[S4] 2025/11/27 20:42:59.347790 
[S4] 2025/11/27 20:42:59.347796      📌 nextIndex:  [1 1 1 1 1 1 1]
[S4] 2025/11/27 20:42:59.347807      📎 matchIndex: [0 0 0 0 0 0 0]
[S4] 2025/11/27 20:42:59.347819 ---------------------------------------------------
[S4] 2025/11/27 20:42:59.348332 
[At the start of handleAppendEntriesReply] 🗂 S4 | Term=6 | Role=Leader | CommitIndex=0 | LastApplied=0
[S4] 2025/11/27 20:42:59.348348      📜 Log: 
[S4] 2025/11/27 20:42:59.348357         [0:T0] 
[S4] 2025/11/27 20:42:59.348367 
[S4] 2025/11/27 20:42:59.348375      📌 nextIndex:  [1 1 1 1 1 1 1]
[S4] 2025/11/27 20:42:59.348394      📎 matchIndex: [0 0 0 0 0 0 0]
[S4] 2025/11/27 20:42:59.348411 ---------------------------------------------------
[S4] 2025/11/27 20:42:59.348421 
[At the end of handleAppendEntriesReply] 🗂 S4 | Term=6 | Role=Leader | CommitIndex=0 | LastApplied=0
[S4] 2025/11/27 20:42:59.348433      📜 Log: 
[S4] 2025/11/27 20:42:59.348452         [0:T0] 
[S4] 2025/11/27 20:42:59.348469 
[S4] 2025/11/27 20:42:59.348478      📌 nextIndex:  [1 1 1 1 1 1 1]
[S4] 2025/11/27 20:42:59.348501      📎 matchIndex: [0 0 0 0 0 0 0]
[S4] 2025/11/27 20:42:59.348513 ---------------------------------------------------
[S4] 2025/11/27 20:42:59.348532 
[At the start of handleAppendEntriesReply] 🗂 S4 | Term=6 | Role=Leader | CommitIndex=0 | LastApplied=0
[S4] 2025/11/27 20:42:59.348548      📜 Log: 
[S4] 2025/11/27 20:42:59.348556         [0:T0] 
[S4] 2025/11/27 20:42:59.348564 
[S4] 2025/11/27 20:42:59.348570      📌 nextIndex:  [1 1 1 1 1 1 1]
[S4] 2025/11/27 20:42:59.348591      📎 matchIndex: [0 0 0 0 0 0 0]
[S4] 2025/11/27 20:42:59.348604 ---------------------------------------------------
[S4] 2025/11/27 20:42:59.348612 
[At the end of handleAppendEntriesReply] 🗂 S4 | Term=6 | Role=Leader | CommitIndex=0 | LastApplied=0
[S4] 2025/11/27 20:42:59.348626      📜 Log: 
[S4] 2025/11/27 20:42:59.348635         [0:T0] 
[S4] 2025/11/27 20:42:59.348647 
[S4] 2025/11/27 20:42:59.348653      📌 nextIndex:  [1 1 1 1 1 1 1]
[S4] 2025/11/27 20:42:59.348669      📎 matchIndex: [0 0 0 0 0 0 0]
[S4] 2025/11/27 20:42:59.348688 ---------------------------------------------------
[S4] 2025/11/27 20:42:59.348699 
[At the start of handleAppendEntriesReply] 🗂 S4 | Term=6 | Role=Leader | CommitIndex=0 | LastApplied=0
[S4] 2025/11/27 20:42:59.348710      📜 Log: 
[S4] 2025/11/27 20:42:59.348716         [0:T0] 
[S4] 2025/11/27 20:42:59.348722 
[S4] 2025/11/27 20:42:59.348727      📌 nextIndex:  [1 1 1 1 1 1 1]
[S4] 2025/11/27 20:42:59.348738      📎 matchIndex: [0 0 0 0 0 0 0]
[S4] 2025/11/27 20:42:59.348748 ---------------------------------------------------
[S4] 2025/11/27 20:42:59.348753 
[At the end of handleAppendEntriesReply] 🗂 S4 | Term=6 | Role=Leader | CommitIndex=0 | LastApplied=0
[S4] 2025/11/27 20:42:59.348761      📜 Log: 
[S4] 2025/11/27 20:42:59.348766         [0:T0] 
[S4] 2025/11/27 20:42:59.348772 
[S4] 2025/11/27 20:42:59.348776      📌 nextIndex:  [1 1 1 1 1 1 1]
[S4] 2025/11/27 20:42:59.348786      📎 matchIndex: [0 0 0 0 0 0 0]
[S4] 2025/11/27 20:42:59.348797 ---------------------------------------------------
[S4] 2025/11/27 20:42:59.348806 
[At the start of handleAppendEntriesReply] 🗂 S4 | Term=6 | Role=Leader | CommitIndex=0 | LastApplied=0
[S4] 2025/11/27 20:42:59.348815      📜 Log: 
[S4] 2025/11/27 20:42:59.348821         [0:T0] 
[S4] 2025/11/27 20:42:59.348827 
[S4] 2025/11/27 20:42:59.348832      📌 nextIndex:  [1 1 1 1 1 1 1]
[S4] 2025/11/27 20:42:59.348842      📎 matchIndex: [0 0 0 0 0 0 0]
[S4] 2025/11/27 20:42:59.348852 ---------------------------------------------------
[S4] 2025/11/27 20:42:59.348858 
[At the end of handleAppendEntriesReply] 🗂 S4 | Term=6 | Role=Leader | CommitIndex=0 | LastApplied=0
[S4] 2025/11/27 20:42:59.348865      📜 Log: 
[S4] 2025/11/27 20:42:59.348870         [0:T0] 
[S4] 2025/11/27 20:42:59.348876 
[S4] 2025/11/27 20:42:59.348881      📌 nextIndex:  [1 1 1 1 1 1 1]
[S4] 2025/11/27 20:42:59.348892      📎 matchIndex: [0 0 0 0 0 0 0]
[S4] 2025/11/27 20:42:59.348901 ---------------------------------------------------
[S4] 2025/11/27 20:42:59.454294 
[At the start of broadcast] 🗂 S4 | Term=6 | Role=Leader | CommitIndex=0 | LastApplied=0
[S4] 2025/11/27 20:42:59.454398      📜 Log: 
[S4] 2025/11/27 20:42:59.454430         [0:T0] 
[S4] 2025/11/27 20:42:59.454480 
[S4] 2025/11/27 20:42:59.454502      📌 nextIndex:  [1 1 1 1 1 1 1]
[S4] 2025/11/27 20:42:59.454547      📎 matchIndex: [0 0 0 0 0 0 0]
[S4] 2025/11/27 20:42:59.454581 ---------------------------------------------------
[S4] 2025/11/27 20:42:59.454662 
[At the end of broadcast] 🗂 S4 | Term=6 | Role=Leader | CommitIndex=0 | LastApplied=0
[S4] 2025/11/27 20:42:59.454693      📜 Log: 
[S4] 2025/11/27 20:42:59.454721         [0:T0] 
[S4] 2025/11/27 20:42:59.454753 
[S4] 2025/11/27 20:42:59.454780      📌 nextIndex:  [1 1 1 1 1 1 1]
[S4] 2025/11/27 20:42:59.454844      📎 matchIndex: [0 0 0 0 0 0 0]
[S4] 2025/11/27 20:42:59.454903 ---------------------------------------------------
[S4] 2025/11/27 20:42:59.456403 
[At the start of handleAppendEntriesReply] 🗂 S4 | Term=6 | Role=Leader | CommitIndex=0 | LastApplied=0
[S4] 2025/11/27 20:42:59.456471      📜 Log: 
[S4] 2025/11/27 20:42:59.456497         [0:T0] 
[S4] 2025/11/27 20:42:59.456540 
[S4] 2025/11/27 20:42:59.456559      📌 nextIndex:  [1 1 1 1 1 1 1]
[S4] 2025/11/27 20:42:59.456604      📎 matchIndex: [0 0 0 0 0 0 0]
[S4] 2025/11/27 20:42:59.456644 ---------------------------------------------------
[S4] 2025/11/27 20:42:59.456667 
[At the end of handleAppendEntriesReply] 🗂 S4 | Term=6 | Role=Leader | CommitIndex=0 | LastApplied=0
[S4] 2025/11/27 20:42:59.456701      📜 Log: 
[S4] 2025/11/27 20:42:59.456719         [0:T0] 
[S4] 2025/11/27 20:42:59.456747 
[S4] 2025/11/27 20:42:59.456765      📌 nextIndex:  [1 1 1 1 1 1 1]
[S4] 2025/11/27 20:42:59.456807      📎 matchIndex: [0 0 0 0 0 0 0]
[S4] 2025/11/27 20:42:59.456850 ---------------------------------------------------
[S4] 2025/11/27 20:42:59.456887 
[At the start of handleAppendEntriesReply] 🗂 S4 | Term=6 | Role=Leader | CommitIndex=0 | LastApplied=0
[S4] 2025/11/27 20:42:59.456925      📜 Log: 
[S4] 2025/11/27 20:42:59.456950         [0:T0] 
[S4] 2025/11/27 20:42:59.456973 
[S4] 2025/11/27 20:42:59.456991      📌 nextIndex:  [1 1 1 1 1 1 1]
[S4] 2025/11/27 20:42:59.457031      📎 matchIndex: [0 0 0 0 0 0 0]
[S4] 2025/11/27 20:42:59.457067 ---------------------------------------------------
[S4] 2025/11/27 20:42:59.457089 
[At the end of handleAppendEntriesReply] 🗂 S4 | Term=6 | Role=Leader | CommitIndex=0 | LastApplied=0
[S4] 2025/11/27 20:42:59.457116      📜 Log: 
[S4] 2025/11/27 20:42:59.457136         [0:T0] 
[S4] 2025/11/27 20:42:59.457156 
[S4] 2025/11/27 20:42:59.457174      📌 nextIndex:  [1 1 1 1 1 1 1]
[S4] 2025/11/27 20:42:59.457208      📎 matchIndex: [0 0 0 0 0 0 0]
[S4] 2025/11/27 20:42:59.457243 ---------------------------------------------------
[S4] 2025/11/27 20:42:59.457281 
[At the start of handleAppendEntriesReply] 🗂 S4 | Term=6 | Role=Leader | CommitIndex=0 | LastApplied=0
[S4] 2025/11/27 20:42:59.457316      📜 Log: 
[S4] 2025/11/27 20:42:59.457338         [0:T0] 
[S4] 2025/11/27 20:42:59.457361 
[S4] 2025/11/27 20:42:59.457378      📌 nextIndex:  [1 1 1 1 1 1 1]
[S4] 2025/11/27 20:42:59.457413      📎 matchIndex: [0 0 0 0 0 0 0]
[S4] 2025/11/27 20:42:59.457468 ---------------------------------------------------
[S4] 2025/11/27 20:42:59.457493 
[At the end of handleAppendEntriesReply] 🗂 S4 | Term=6 | Role=Leader | CommitIndex=0 | LastApplied=0
[S4] 2025/11/27 20:42:59.457519      📜 Log: 
[S4] 2025/11/27 20:42:59.457538         [0:T0] 
[S4] 2025/11/27 20:42:59.457560 
[S4] 2025/11/27 20:42:59.457576      📌 nextIndex:  [1 1 1 1 1 1 1]
[S4] 2025/11/27 20:42:59.457612      📎 matchIndex: [0 0 0 0 0 0 0]
[S4] 2025/11/27 20:42:59.457647 ---------------------------------------------------
[S4] 2025/11/27 20:42:59.457679 
[At the start of handleAppendEntriesReply] 🗂 S4 | Term=6 | Role=Leader | CommitIndex=0 | LastApplied=0
[S4] 2025/11/27 20:42:59.457714      📜 Log: 
[S4] 2025/11/27 20:42:59.457733         [0:T0] 
[S4] 2025/11/27 20:42:59.457753 
[S4] 2025/11/27 20:42:59.457775      📌 nextIndex:  [1 1 1 1 1 1 1]
[S4] 2025/11/27 20:42:59.457810      📎 matchIndex: [0 0 0 0 0 0 0]
[S4] 2025/11/27 20:42:59.457844 ---------------------------------------------------
[S4] 2025/11/27 20:42:59.457864 
[At the end of handleAppendEntriesReply] 🗂 S4 | Term=6 | Role=Leader | CommitIndex=0 | LastApplied=0
[S4] 2025/11/27 20:42:59.457890      📜 Log: 
[S4] 2025/11/27 20:42:59.457907         [0:T0] 
[S4] 2025/11/27 20:42:59.457934 
[S4] 2025/11/27 20:42:59.457950      📌 nextIndex:  [1 1 1 1 1 1 1]
[S4] 2025/11/27 20:42:59.457994      📎 matchIndex: [0 0 0 0 0 0 0]
[S4] 2025/11/27 20:42:59.458034 ---------------------------------------------------
[S4] 2025/11/27 20:42:59.561065 
[At the start of broadcast] 🗂 S4 | Term=6 | Role=Leader | CommitIndex=0 | LastApplied=0
[S4] 2025/11/27 20:42:59.561161      📜 Log: 
[S4] 2025/11/27 20:42:59.561192         [0:T0] 
[S4] 2025/11/27 20:42:59.561220 
[S4] 2025/11/27 20:42:59.561241      📌 nextIndex:  [1 1 1 1 1 1 1]
[S4] 2025/11/27 20:42:59.561288      📎 matchIndex: [0 0 0 0 0 0 0]
[S4] 2025/11/27 20:42:59.561341 ---------------------------------------------------
[S4] 2025/11/27 20:42:59.561402 
[At the end of broadcast] 🗂 S4 | Term=6 | Role=Leader | CommitIndex=0 | LastApplied=0
[S4] 2025/11/27 20:42:59.561466      📜 Log: 
[S4] 2025/11/27 20:42:59.561502         [0:T0] 
[S4] 2025/11/27 20:42:59.561537 
[S4] 2025/11/27 20:42:59.561566      📌 nextIndex:  [1 1 1 1 1 1 1]
[S4] 2025/11/27 20:42:59.561628      📎 matchIndex: [0 0 0 0 0 0 0]
[S4] 2025/11/27 20:42:59.561687 ---------------------------------------------------
[S4] 2025/11/27 20:42:59.562925 
[At the start of handleAppendEntriesReply] 🗂 S4 | Term=6 | Role=Leader | CommitIndex=0 | LastApplied=0
[S4] 2025/11/27 20:42:59.562976      📜 Log: 
[S4] 2025/11/27 20:42:59.563013         [0:T0] 
[S4] 2025/11/27 20:42:59.563040 
[S4] 2025/11/27 20:42:59.563061      📌 nextIndex:  [1 1 1 1 1 1 1]
[S4] 2025/11/27 20:42:59.563105      📎 matchIndex: [0 0 0 0 0 0 0]
[S4] 2025/11/27 20:42:59.563142 ---------------------------------------------------
[S4] 2025/11/27 20:42:59.563562 
[At the start of handleAppendEntriesReply] 🗂 S4 | Term=7 | Role=Follower | CommitIndex=0 | LastApplied=0
[S4] 2025/11/27 20:42:59.563616      📜 Log: 
[S4] 2025/11/27 20:42:59.563639         [0:T0] 
[S4] 2025/11/27 20:42:59.563659 
[S4] 2025/11/27 20:42:59.563678 ---------------------------------------------------
[S4] 2025/11/27 20:42:59.563723 
[At the start of handleAppendEntriesReply] 🗂 S4 | Term=7 | Role=Follower | CommitIndex=0 | LastApplied=0
[S4] 2025/11/27 20:42:59.563776      📜 Log: 
[S4] 2025/11/27 20:42:59.563804         [0:T0] 
[S4] 2025/11/27 20:42:59.563833 
[S4] 2025/11/27 20:42:59.563858 ---------------------------------------------------
[S4] 2025/11/27 20:42:59.785942 
[At the start of AppendEntries] 🗂 S4 | Term=8 | Role=Follower | CommitIndex=0 | LastApplied=0
[S4] 2025/11/27 20:42:59.786028      📜 Log: 
[S4] 2025/11/27 20:42:59.786056         [0:T0] 
[S4] 2025/11/27 20:42:59.786082 
[S4] 2025/11/27 20:42:59.786102 ---------------------------------------------------
[S4] 2025/11/27 20:42:59.786130 
[At the end of AppendEntries] 🗂 S4 | Term=8 | Role=Follower | CommitIndex=0 | LastApplied=0
[S4] 2025/11/27 20:42:59.786161      📜 Log: 
[S4] 2025/11/27 20:42:59.786184         [0:T0] 
[S4] 2025/11/27 20:42:59.786206 
[S4] 2025/11/27 20:42:59.786225 ---------------------------------------------------
[S4] 2025/11/27 20:42:59.887293 
[At the start of AppendEntries] 🗂 S4 | Term=8 | Role=Follower | CommitIndex=0 | LastApplied=0
[S4] 2025/11/27 20:42:59.887357      📜 Log: 
[S4] 2025/11/27 20:42:59.887377         [0:T0] 
[S4] 2025/11/27 20:42:59.887403 
[S4] 2025/11/27 20:42:59.887422 ---------------------------------------------------
[S4] 2025/11/27 20:42:59.887462 
[At the end of AppendEntries] 🗂 S4 | Term=8 | Role=Follower | CommitIndex=0 | LastApplied=0
[S4] 2025/11/27 20:42:59.887493      📜 Log: 
[S4] 2025/11/27 20:42:59.887508         [0:T0] 
[S4] 2025/11/27 20:42:59.887528 
[S4] 2025/11/27 20:42:59.887547 ---------------------------------------------------
[S4] 2025/11/27 20:42:59.991346 
[At the start of AppendEntries] 🗂 S4 | Term=8 | Role=Follower | CommitIndex=0 | LastApplied=0
[S4] 2025/11/27 20:42:59.991414      📜 Log: 
[S4] 2025/11/27 20:42:59.991452         [0:T0] 
[S4] 2025/11/27 20:42:59.991484 
[S4] 2025/11/27 20:42:59.991509 ---------------------------------------------------
[S4] 2025/11/27 20:42:59.991544 
[At the end of AppendEntries] 🗂 S4 | Term=8 | Role=Follower | CommitIndex=0 | LastApplied=0
[S4] 2025/11/27 20:42:59.991578      📜 Log: 
[S4] 2025/11/27 20:42:59.991601         [0:T0] 
[S4] 2025/11/27 20:42:59.991629 
[S4] 2025/11/27 20:42:59.991651 ---------------------------------------------------
[S4] 2025/11/27 20:43:00.095324 
[At the start of AppendEntries] 🗂 S4 | Term=8 | Role=Follower | CommitIndex=0 | LastApplied=0
[S4] 2025/11/27 20:43:00.095352      📜 Log: 
[S4] 2025/11/27 20:43:00.095363         [0:T0] 
[S4] 2025/11/27 20:43:00.095381 
[S4] 2025/11/27 20:43:00.095391 ---------------------------------------------------
[S4] 2025/11/27 20:43:00.095411 
[At the end of AppendEntries] 🗂 S4 | Term=8 | Role=Follower | CommitIndex=0 | LastApplied=0
[S4] 2025/11/27 20:43:00.095427      📜 Log: 
[S4] 2025/11/27 20:43:00.095443         [0:T0] 
[S4] 2025/11/27 20:43:00.095456 
[S4] 2025/11/27 20:43:00.095464 ---------------------------------------------------
[S4] 2025/11/27 20:43:00.201984 
[At the start of AppendEntries] 🗂 S4 | Term=8 | Role=Follower | CommitIndex=0 | LastApplied=0
[S4] 2025/11/27 20:43:00.202089      📜 Log: 
[S4] 2025/11/27 20:43:00.202135         [0:T0] 
[S4] 2025/11/27 20:43:00.202177 
[S4] 2025/11/27 20:43:00.202210 ---------------------------------------------------
[S4] 2025/11/27 20:43:00.202258 
[At the end of AppendEntries] 🗂 S4 | Term=8 | Role=Follower | CommitIndex=0 | LastApplied=0
[S4] 2025/11/27 20:43:00.202312      📜 Log: 
[S4] 2025/11/27 20:43:00.202350         [0:T0] 
[S4] 2025/11/27 20:43:00.202385 
[S4] 2025/11/27 20:43:00.202415 ---------------------------------------------------
[S4] 2025/11/27 20:43:00.308202 
[At the start of AppendEntries] 🗂 S4 | Term=8 | Role=Follower | CommitIndex=0 | LastApplied=0
[S4] 2025/11/27 20:43:00.308286      📜 Log: 
[S4] 2025/11/27 20:43:00.308315         [0:T0] 
[S4] 2025/11/27 20:43:00.308342 
[S4] 2025/11/27 20:43:00.308362 ---------------------------------------------------
[S4] 2025/11/27 20:43:00.308393 
[At the end of AppendEntries] 🗂 S4 | Term=8 | Role=Follower | CommitIndex=0 | LastApplied=0
[S4] 2025/11/27 20:43:00.308424      📜 Log: 
[S4] 2025/11/27 20:43:00.308458         [0:T0] 
[S4] 2025/11/27 20:43:00.308490 
[S4] 2025/11/27 20:43:00.308512 ---------------------------------------------------
[S4] 2025/11/27 20:43:00.414765 
[At the start of AppendEntries] 🗂 S4 | Term=8 | Role=Follower | CommitIndex=0 | LastApplied=0
[S4] 2025/11/27 20:43:00.414793      📜 Log: 
[S4] 2025/11/27 20:43:00.414801         [0:T0] 
[S4] 2025/11/27 20:43:00.414810 
[S4] 2025/11/27 20:43:00.414817 ---------------------------------------------------
[S4] 2025/11/27 20:43:00.414826 
[At the end of AppendEntries] 🗂 S4 | Term=8 | Role=Follower | CommitIndex=0 | LastApplied=0
[S4] 2025/11/27 20:43:00.414836      📜 Log: 
[S4] 2025/11/27 20:43:00.414841         [0:T0] 
[S4] 2025/11/27 20:43:00.414848 
[S4] 2025/11/27 20:43:00.414859 ---------------------------------------------------
[S4] 2025/11/27 20:43:00.525820 
[At the start of AppendEntries] 🗂 S4 | Term=8 | Role=Follower | CommitIndex=0 | LastApplied=0
[S4] 2025/11/27 20:43:00.525901      📜 Log: 
[S4] 2025/11/27 20:43:00.525941         [0:T0] 
[S4] 2025/11/27 20:43:00.525981 
[S4] 2025/11/27 20:43:00.526017 ---------------------------------------------------
[S4] 2025/11/27 20:43:00.526067 
[At the end of AppendEntries] 🗂 S4 | Term=8 | Role=Follower | CommitIndex=0 | LastApplied=0
[S4] 2025/11/27 20:43:00.526119      📜 Log: 
[S4] 2025/11/27 20:43:00.526151         [0:T0] 
[S4] 2025/11/27 20:43:00.526190 
[S4] 2025/11/27 20:43:00.526222 ---------------------------------------------------
[S4] 2025/11/27 20:43:00.673316 
[At the start of AppendEntries] 🗂 S4 | Term=10 | Role=Follower | CommitIndex=0 | LastApplied=0
[S4] 2025/11/27 20:43:00.673406      📜 Log: 
[S4] 2025/11/27 20:43:00.673452         [0:T0] 
[S4] 2025/11/27 20:43:00.673493 
[S4] 2025/11/27 20:43:00.673522 ---------------------------------------------------
[S4] 2025/11/27 20:43:00.673563 
[At the end of AppendEntries] 🗂 S4 | Term=10 | Role=Follower | CommitIndex=0 | LastApplied=0
[S4] 2025/11/27 20:43:00.673607      📜 Log: 
[S4] 2025/11/27 20:43:00.673641         [0:T0] 
[S4] 2025/11/27 20:43:00.673673 
[S4] 2025/11/27 20:43:00.673703 ---------------------------------------------------
[S4] 2025/11/27 20:43:00.774382 
[At the start of AppendEntries] 🗂 S4 | Term=10 | Role=Follower | CommitIndex=0 | LastApplied=0
[S4] 2025/11/27 20:43:00.774497      📜 Log: 
[S4] 2025/11/27 20:43:00.774540         [0:T0] 
[S4] 2025/11/27 20:43:00.774591 
[S4] 2025/11/27 20:43:00.774628 ---------------------------------------------------
[S4] 2025/11/27 20:43:00.774701 
[At the end of AppendEntries] 🗂 S4 | Term=10 | Role=Follower | CommitIndex=0 | LastApplied=0
[S4] 2025/11/27 20:43:00.774754      📜 Log: 
[S4] 2025/11/27 20:43:00.774787         [0:T0] 
[S4] 2025/11/27 20:43:00.774826 
[S4] 2025/11/27 20:43:00.774856 ---------------------------------------------------
[S4] 2025/11/27 20:43:00.882625 
[At the start of AppendEntries] 🗂 S4 | Term=10 | Role=Follower | CommitIndex=0 | LastApplied=0
[S4] 2025/11/27 20:43:00.882672      📜 Log: 
[S4] 2025/11/27 20:43:00.882695         [0:T0] 
[S4] 2025/11/27 20:43:00.882720 
[S4] 2025/11/27 20:43:00.882739 ---------------------------------------------------
[S4] 2025/11/27 20:43:00.882762 
[At the end of AppendEntries] 🗂 S4 | Term=10 | Role=Follower | CommitIndex=0 | LastApplied=0
[S4] 2025/11/27 20:43:00.882798      📜 Log: 
[S4] 2025/11/27 20:43:00.882816         [0:T0] 
[S4] 2025/11/27 20:43:00.882839 
[S4] 2025/11/27 20:43:00.882853 ---------------------------------------------------
[S4] 2025/11/27 20:43:00.990312 
[At the start of AppendEntries] 🗂 S4 | Term=10 | Role=Follower | CommitIndex=0 | LastApplied=0
[S4] 2025/11/27 20:43:00.990372      📜 Log: 
[S4] 2025/11/27 20:43:00.990400         [0:T0] 
[S4] 2025/11/27 20:43:00.990427 
[S4] 2025/11/27 20:43:00.990467 ---------------------------------------------------
[S4] 2025/11/27 20:43:00.990498 
[At the end of AppendEntries] 🗂 S4 | Term=10 | Role=Follower | CommitIndex=0 | LastApplied=0
[S4] 2025/11/27 20:43:00.990529      📜 Log: 
[S4] 2025/11/27 20:43:00.990548         [0:T0] 
[S4] 2025/11/27 20:43:00.990571 
[S4] 2025/11/27 20:43:00.990590 ---------------------------------------------------
