[S2] 2025/11/27 10:42:26.038013 
[At the start of applier] 🗂 S2 | Term=0 | Role=Follower | CommitIndex=0 | LastApplied=0
[S2] 2025/11/27 10:42:26.038020      📜 Log: 
[S2] 2025/11/27 10:42:26.038022         [0:T0] 
[S2] 2025/11/27 10:42:26.038024 
[S2] 2025/11/27 10:42:26.038026 ---------------------------------------------------
[S2] 2025/11/27 10:42:26.610866 
[At the start of AppendEntries] 🗂 S2 | Term=1 | Role=Follower | CommitIndex=0 | LastApplied=0
[S2] 2025/11/27 10:42:26.610904      📜 Log: 
[S2] 2025/11/27 10:42:26.610911         [0:T0] 
[S2] 2025/11/27 10:42:26.610915 
[S2] 2025/11/27 10:42:26.610918 ---------------------------------------------------
[S2] 2025/11/27 10:42:26.610922 
[At the end of AppendEntries] 🗂 S2 | Term=1 | Role=Follower | CommitIndex=0 | LastApplied=0
[S2] 2025/11/27 10:42:26.610926      📜 Log: 
[S2] 2025/11/27 10:42:26.610929         [0:T0] 
[S2] 2025/11/27 10:42:26.610933 
[S2] 2025/11/27 10:42:26.610936 ---------------------------------------------------
[S2] 2025/11/27 10:42:26.647464 
[At the start of AppendEntries] 🗂 S2 | Term=1 | Role=Follower | CommitIndex=0 | LastApplied=0
[S2] 2025/11/27 10:42:26.647486      📜 Log: 
[S2] 2025/11/27 10:42:26.647497         [0:T0] 
[S2] 2025/11/27 10:42:26.647503 
[S2] 2025/11/27 10:42:26.647505 ---------------------------------------------------
[S2] 2025/11/27 10:42:26.647539 
[At the end of AppendEntries] 🗂 S2 | Term=1 | Role=Follower | CommitIndex=0 | LastApplied=0
[S2] 2025/11/27 10:42:26.647550      📜 Log: 
[S2] 2025/11/27 10:42:26.647554         [0:T0] 
[S2] 2025/11/27 10:42:26.647556         [1:T1] 
[S2] 2025/11/27 10:42:26.647558 
[S2] 2025/11/27 10:42:26.647562 ---------------------------------------------------
[S2] 2025/11/27 10:42:26.716290 
[At the start of AppendEntries] 🗂 S2 | Term=1 | Role=Follower | CommitIndex=0 | LastApplied=0
[S2] 2025/11/27 10:42:26.716309      📜 Log: 
[S2] 2025/11/27 10:42:26.716312         [0:T0] 
[S2] 2025/11/27 10:42:26.716315         [1:T1] 
[S2] 2025/11/27 10:42:26.716317 
[S2] 2025/11/27 10:42:26.716319 ---------------------------------------------------
[S2] 2025/11/27 10:42:26.716329 
[At the end of AppendEntries] 🗂 S2 | Term=1 | Role=Follower | CommitIndex=1 | LastApplied=0
[S2] 2025/11/27 10:42:26.716335      📜 Log: 
[S2] 2025/11/27 10:42:26.716340         [0:T0] 
[S2] 2025/11/27 10:42:26.716343         [1:T1] 
[S2] 2025/11/27 10:42:26.716345 
[S2] 2025/11/27 10:42:26.716347 ---------------------------------------------------
[S2] 2025/11/27 10:42:26.729177 
[At the start of AppendEntries] 🗂 S2 | Term=1 | Role=Follower | CommitIndex=1 | LastApplied=1
[S2] 2025/11/27 10:42:26.729231      📜 Log: 
[S2] 2025/11/27 10:42:26.729239         [0:T0] 
[S2] 2025/11/27 10:42:26.729241         [1:T1] 
[S2] 2025/11/27 10:42:26.729245 
[S2] 2025/11/27 10:42:26.729247 ---------------------------------------------------
[S2] 2025/11/27 10:42:26.729288 
[At the end of AppendEntries] 🗂 S2 | Term=1 | Role=Follower | CommitIndex=1 | LastApplied=1
[S2] 2025/11/27 10:42:26.729289      📜 Log: 
[S2] 2025/11/27 10:42:26.729293         [0:T0] 
[S2] 2025/11/27 10:42:26.729295         [1:T1] 
[S2] 2025/11/27 10:42:26.729299         [2:T1] 
[S2] 2025/11/27 10:42:26.729300 
[S2] 2025/11/27 10:42:26.729305 ---------------------------------------------------
[S2] 2025/11/27 10:42:26.819873 
[At the start of AppendEntries] 🗂 S2 | Term=1 | Role=Follower | CommitIndex=1 | LastApplied=1
[S2] 2025/11/27 10:42:26.819896      📜 Log: 
[S2] 2025/11/27 10:42:26.819900         [0:T0] 
[S2] 2025/11/27 10:42:26.819903         [1:T1] 
[S2] 2025/11/27 10:42:26.819906         [2:T1] 
[S2] 2025/11/27 10:42:26.819909 
[S2] 2025/11/27 10:42:26.819912 ---------------------------------------------------
[S2] 2025/11/27 10:42:26.819916 
[At the end of AppendEntries] 🗂 S2 | Term=1 | Role=Follower | CommitIndex=2 | LastApplied=1
[S2] 2025/11/27 10:42:26.819919      📜 Log: 
[S2] 2025/11/27 10:42:26.819922         [0:T0] 
[S2] 2025/11/27 10:42:26.819925         [1:T1] 
[S2] 2025/11/27 10:42:26.819928         [2:T1] 
[S2] 2025/11/27 10:42:26.819938 
[S2] 2025/11/27 10:42:26.819940 ---------------------------------------------------
[S2] 2025/11/27 10:42:26.832345 
[At the start of AppendEntries] 🗂 S2 | Term=1 | Role=Follower | CommitIndex=2 | LastApplied=2
[S2] 2025/11/27 10:42:26.832352      📜 Log: 
[S2] 2025/11/27 10:42:26.832355         [0:T0] 
[S2] 2025/11/27 10:42:26.832357         [1:T1] 
[S2] 2025/11/27 10:42:26.832359         [2:T1] 
[S2] 2025/11/27 10:42:26.832361 
[S2] 2025/11/27 10:42:26.832363 ---------------------------------------------------
[S2] 2025/11/27 10:42:26.832408 
[At the end of AppendEntries] 🗂 S2 | Term=1 | Role=Follower | CommitIndex=2 | LastApplied=2
[S2] 2025/11/27 10:42:26.832412      📜 Log: 
[S2] 2025/11/27 10:42:26.832414         [0:T0] 
[S2] 2025/11/27 10:42:26.832416         [1:T1] 
[S2] 2025/11/27 10:42:26.832418         [2:T1] 
[S2] 2025/11/27 10:42:26.832420         [3:T1] 
[S2] 2025/11/27 10:42:26.832422 
[S2] 2025/11/27 10:42:26.832424 ---------------------------------------------------
[S2] 2025/11/27 10:42:26.922632 
[At the start of AppendEntries] 🗂 S2 | Term=1 | Role=Follower | CommitIndex=2 | LastApplied=2
[S2] 2025/11/27 10:42:26.922636      📜 Log: 
[S2] 2025/11/27 10:42:26.922638         [0:T0] 
[S2] 2025/11/27 10:42:26.922639         [1:T1] 
[S2] 2025/11/27 10:42:26.922640         [2:T1] 
[S2] 2025/11/27 10:42:26.922640         [3:T1] 
[S2] 2025/11/27 10:42:26.922641 
[S2] 2025/11/27 10:42:26.922642 ---------------------------------------------------
[S2] 2025/11/27 10:42:26.922645 
[At the end of AppendEntries] 🗂 S2 | Term=1 | Role=Follower | CommitIndex=3 | LastApplied=2
[S2] 2025/11/27 10:42:26.922646      📜 Log: 
[S2] 2025/11/27 10:42:26.922647         [0:T0] 
[S2] 2025/11/27 10:42:26.922648         [1:T1] 
[S2] 2025/11/27 10:42:26.922649         [2:T1] 
[S2] 2025/11/27 10:42:26.922650         [3:T1] 
[S2] 2025/11/27 10:42:26.922650 
[S2] 2025/11/27 10:42:26.922651 ---------------------------------------------------
[S2] 2025/11/27 10:42:26.934638 
[At the start of AppendEntries] 🗂 S2 | Term=1 | Role=Follower | CommitIndex=3 | LastApplied=3
[S2] 2025/11/27 10:42:26.934641      📜 Log: 
[S2] 2025/11/27 10:42:26.934642         [0:T0] 
[S2] 2025/11/27 10:42:26.934643         [1:T1] 
[S2] 2025/11/27 10:42:26.934644         [2:T1] 
[S2] 2025/11/27 10:42:26.934645         [3:T1] 
[S2] 2025/11/27 10:42:26.934645 
[S2] 2025/11/27 10:42:26.934646 ---------------------------------------------------
[S2] 2025/11/27 10:42:26.934713 
[At the end of AppendEntries] 🗂 S2 | Term=1 | Role=Follower | CommitIndex=3 | LastApplied=3
[S2] 2025/11/27 10:42:26.934716      📜 Log: 
[S2] 2025/11/27 10:42:26.934717         [0:T0] 
[S2] 2025/11/27 10:42:26.934719         [1:T1] 
[S2] 2025/11/27 10:42:26.934720         [2:T1] 
[S2] 2025/11/27 10:42:26.934721         [3:T1] 
[S2] 2025/11/27 10:42:26.934723         [4:T1] 
[S2] 2025/11/27 10:42:26.934724 
[S2] 2025/11/27 10:42:26.934725 ---------------------------------------------------
[S2] 2025/11/27 10:42:27.026870 
[At the start of AppendEntries] 🗂 S2 | Term=1 | Role=Follower | CommitIndex=3 | LastApplied=3
[S2] 2025/11/27 10:42:27.026878      📜 Log: 
[S2] 2025/11/27 10:42:27.026880         [0:T0] 
[S2] 2025/11/27 10:42:27.026881         [1:T1] 
[S2] 2025/11/27 10:42:27.026883         [2:T1] 
[S2] 2025/11/27 10:42:27.026884         [3:T1] 
[S2] 2025/11/27 10:42:27.026886         [4:T1] 
[S2] 2025/11/27 10:42:27.026887 
[S2] 2025/11/27 10:42:27.026888 ---------------------------------------------------
[S2] 2025/11/27 10:42:27.026891 
[At the end of AppendEntries] 🗂 S2 | Term=1 | Role=Follower | CommitIndex=4 | LastApplied=3
[S2] 2025/11/27 10:42:27.026892      📜 Log: 
[S2] 2025/11/27 10:42:27.026894         [0:T0] 
[S2] 2025/11/27 10:42:27.026895         [1:T1] 
[S2] 2025/11/27 10:42:27.026896         [2:T1] 
[S2] 2025/11/27 10:42:27.026898         [3:T1] 
[S2] 2025/11/27 10:42:27.026899         [4:T1] 
[S2] 2025/11/27 10:42:27.026900 
[S2] 2025/11/27 10:42:27.026901 ---------------------------------------------------
[S2] 2025/11/27 10:42:27.038046 
[At the start of AppendEntries] 🗂 S2 | Term=1 | Role=Follower | CommitIndex=4 | LastApplied=4
[S2] 2025/11/27 10:42:27.038058      📜 Log: 
[S2] 2025/11/27 10:42:27.038061         [0:T0] 
[S2] 2025/11/27 10:42:27.038064         [1:T1] 
[S2] 2025/11/27 10:42:27.038067         [2:T1] 
[S2] 2025/11/27 10:42:27.038069         [3:T1] 
[S2] 2025/11/27 10:42:27.038071         [4:T1] 
[S2] 2025/11/27 10:42:27.038073 
[S2] 2025/11/27 10:42:27.038075 ---------------------------------------------------
[S2] 2025/11/27 10:42:27.038138 
[At the end of AppendEntries] 🗂 S2 | Term=1 | Role=Follower | CommitIndex=4 | LastApplied=4
[S2] 2025/11/27 10:42:27.038142      📜 Log: 
[S2] 2025/11/27 10:42:27.038143         [0:T0] 
[S2] 2025/11/27 10:42:27.038145         [1:T1] 
[S2] 2025/11/27 10:42:27.038147         [2:T1] 
[S2] 2025/11/27 10:42:27.038149         [3:T1] 
[S2] 2025/11/27 10:42:27.038150         [4:T1] 
[S2] 2025/11/27 10:42:27.038152         [5:T1] 
[S2] 2025/11/27 10:42:27.038153 
[S2] 2025/11/27 10:42:27.038155 ---------------------------------------------------
[S2] 2025/11/27 10:42:27.130719 
[At the start of AppendEntries] 🗂 S2 | Term=1 | Role=Follower | CommitIndex=4 | LastApplied=4
[S2] 2025/11/27 10:42:27.130762      📜 Log: 
[S2] 2025/11/27 10:42:27.130767         [0:T0] 
[S2] 2025/11/27 10:42:27.130768         [1:T1] 
[S2] 2025/11/27 10:42:27.130769         [2:T1] 
[S2] 2025/11/27 10:42:27.130770         [3:T1] 
[S2] 2025/11/27 10:42:27.130771         [4:T1] 
[S2] 2025/11/27 10:42:27.130772         [5:T1] 
[S2] 2025/11/27 10:42:27.130773 
[S2] 2025/11/27 10:42:27.130773 ---------------------------------------------------
[S2] 2025/11/27 10:42:27.130778 
[At the end of AppendEntries] 🗂 S2 | Term=1 | Role=Follower | CommitIndex=5 | LastApplied=4
[S2] 2025/11/27 10:42:27.130779      📜 Log: 
[S2] 2025/11/27 10:42:27.130780         [0:T0] 
[S2] 2025/11/27 10:42:27.130781         [1:T1] 
[S2] 2025/11/27 10:42:27.130782         [2:T1] 
[S2] 2025/11/27 10:42:27.130782         [3:T1] 
[S2] 2025/11/27 10:42:27.130783         [4:T1] 
[S2] 2025/11/27 10:42:27.130784         [5:T1] 
[S2] 2025/11/27 10:42:27.130788 
[S2] 2025/11/27 10:42:27.130788 ---------------------------------------------------
[S2] 2025/11/27 10:42:27.140147 
[At the start of AppendEntries] 🗂 S2 | Term=1 | Role=Follower | CommitIndex=5 | LastApplied=5
[S2] 2025/11/27 10:42:27.140165      📜 Log: 
[S2] 2025/11/27 10:42:27.140168         [0:T0] 
[S2] 2025/11/27 10:42:27.140170         [1:T1] 
[S2] 2025/11/27 10:42:27.140172         [2:T1] 
[S2] 2025/11/27 10:42:27.140173         [3:T1] 
[S2] 2025/11/27 10:42:27.140175         [4:T1] 
[S2] 2025/11/27 10:42:27.140177         [5:T1] 
[S2] 2025/11/27 10:42:27.140178 
[S2] 2025/11/27 10:42:27.140180 ---------------------------------------------------
[S2] 2025/11/27 10:42:27.140255 
[At the end of AppendEntries] 🗂 S2 | Term=1 | Role=Follower | CommitIndex=5 | LastApplied=5
[S2] 2025/11/27 10:42:27.140259      📜 Log: 
[S2] 2025/11/27 10:42:27.140261         [0:T0] 
[S2] 2025/11/27 10:42:27.140263         [1:T1] 
[S2] 2025/11/27 10:42:27.140265         [2:T1] 
[S2] 2025/11/27 10:42:27.140266         [3:T1] 
[S2] 2025/11/27 10:42:27.140268         [4:T1] 
[S2] 2025/11/27 10:42:27.140270         [5:T1] 
[S2] 2025/11/27 10:42:27.140271         [6:T1] 
[S2] 2025/11/27 10:42:27.140273 
[S2] 2025/11/27 10:42:27.140275 ---------------------------------------------------
[S2] 2025/11/27 10:42:27.233897 
[At the start of AppendEntries] 🗂 S2 | Term=1 | Role=Follower | CommitIndex=5 | LastApplied=5
[S2] 2025/11/27 10:42:27.233945      📜 Log: 
[S2] 2025/11/27 10:42:27.233956         [0:T0] 
[S2] 2025/11/27 10:42:27.233966         [1:T1] 
[S2] 2025/11/27 10:42:27.233969         [2:T1] 
[S2] 2025/11/27 10:42:27.233971         [3:T1] 
[S2] 2025/11/27 10:42:27.233975         [4:T1] 
[S2] 2025/11/27 10:42:27.233977         [5:T1] 
[S2] 2025/11/27 10:42:27.233979         [6:T1] 
[S2] 2025/11/27 10:42:27.233980 
[S2] 2025/11/27 10:42:27.233983 ---------------------------------------------------
[S2] 2025/11/27 10:42:27.234004 
[At the end of AppendEntries] 🗂 S2 | Term=1 | Role=Follower | CommitIndex=6 | LastApplied=5
[S2] 2025/11/27 10:42:27.234010      📜 Log: 
[S2] 2025/11/27 10:42:27.234014         [0:T0] 
[S2] 2025/11/27 10:42:27.234019         [1:T1] 
[S2] 2025/11/27 10:42:27.234024         [2:T1] 
[S2] 2025/11/27 10:42:27.234026         [3:T1] 
[S2] 2025/11/27 10:42:27.234030         [4:T1] 
[S2] 2025/11/27 10:42:27.234035         [5:T1] 
[S2] 2025/11/27 10:42:27.234038         [6:T1] 
[S2] 2025/11/27 10:42:27.234041 
[S2] 2025/11/27 10:42:27.234044 ---------------------------------------------------
[S2] 2025/11/27 10:42:27.242630 
[At the start of AppendEntries] 🗂 S2 | Term=1 | Role=Follower | CommitIndex=6 | LastApplied=6
[S2] 2025/11/27 10:42:27.242638      📜 Log: 
[S2] 2025/11/27 10:42:27.242641         [0:T0] 
[S2] 2025/11/27 10:42:27.242643         [1:T1] 
[S2] 2025/11/27 10:42:27.242645         [2:T1] 
[S2] 2025/11/27 10:42:27.242647         [3:T1] 
[S2] 2025/11/27 10:42:27.242649         [4:T1] 
[S2] 2025/11/27 10:42:27.242651         [5:T1] 
[S2] 2025/11/27 10:42:27.242652         [6:T1] 
[S2] 2025/11/27 10:42:27.242654 
[S2] 2025/11/27 10:42:27.242656 ---------------------------------------------------
[S2] 2025/11/27 10:42:27.242770 
[At the end of AppendEntries] 🗂 S2 | Term=1 | Role=Follower | CommitIndex=6 | LastApplied=6
[S2] 2025/11/27 10:42:27.242775      📜 Log: 
[S2] 2025/11/27 10:42:27.242777         [0:T0] 
[S2] 2025/11/27 10:42:27.242779         [1:T1] 
[S2] 2025/11/27 10:42:27.242781         [2:T1] 
[S2] 2025/11/27 10:42:27.242782         [3:T1] 
[S2] 2025/11/27 10:42:27.242784         [4:T1] 
[S2] 2025/11/27 10:42:27.242786         [5:T1] 
[S2] 2025/11/27 10:42:27.242788         [6:T1] 
[S2] 2025/11/27 10:42:27.242789         [7:T1] 
[S2] 2025/11/27 10:42:27.242791 
[S2] 2025/11/27 10:42:27.242792 ---------------------------------------------------
[S2] 2025/11/27 10:42:27.265554 
[At the start of AppendEntries] 🗂 S2 | Term=2 | Role=Follower | CommitIndex=6 | LastApplied=6
[S2] 2025/11/27 10:42:27.265597      📜 Log: 
[S2] 2025/11/27 10:42:27.265602         [0:T0] 
[S2] 2025/11/27 10:42:27.265604         [1:T1] 
[S2] 2025/11/27 10:42:27.265606         [2:T1] 
[S2] 2025/11/27 10:42:27.265608         [3:T1] 
[S2] 2025/11/27 10:42:27.265610         [4:T1] 
[S2] 2025/11/27 10:42:27.265612         [5:T1] 
[S2] 2025/11/27 10:42:27.265613         [6:T1] 
[S2] 2025/11/27 10:42:27.265615         [7:T1] 
[S2] 2025/11/27 10:42:27.265617 
[S2] 2025/11/27 10:42:27.265619 ---------------------------------------------------
[S2] 2025/11/27 10:42:27.265628 
[At the end of AppendEntries] 🗂 S2 | Term=2 | Role=Follower | CommitIndex=6 | LastApplied=6
[S2] 2025/11/27 10:42:27.265632      📜 Log: 
[S2] 2025/11/27 10:42:27.265634         [0:T0] 
[S2] 2025/11/27 10:42:27.265636         [1:T1] 
[S2] 2025/11/27 10:42:27.265639         [2:T1] 
[S2] 2025/11/27 10:42:27.265642         [3:T1] 
[S2] 2025/11/27 10:42:27.265644         [4:T1] 
[S2] 2025/11/27 10:42:27.265646         [5:T1] 
[S2] 2025/11/27 10:42:27.265647         [6:T1] 
[S2] 2025/11/27 10:42:27.265649         [7:T1] 
[S2] 2025/11/27 10:42:27.265651 
[S2] 2025/11/27 10:42:27.265652 ---------------------------------------------------
[S2] 2025/11/27 10:42:27.370109 
[At the start of AppendEntries] 🗂 S2 | Term=2 | Role=Follower | CommitIndex=6 | LastApplied=6
[S2] 2025/11/27 10:42:27.370113      📜 Log: 
[S2] 2025/11/27 10:42:27.370114         [0:T0] 
[S2] 2025/11/27 10:42:27.370115         [1:T1] 
[S2] 2025/11/27 10:42:27.370115         [2:T1] 
[S2] 2025/11/27 10:42:27.370116         [3:T1] 
[S2] 2025/11/27 10:42:27.370117         [4:T1] 
[S2] 2025/11/27 10:42:27.370118         [5:T1] 
[S2] 2025/11/27 10:42:27.370119         [6:T1] 
[S2] 2025/11/27 10:42:27.370120         [7:T1] 
[S2] 2025/11/27 10:42:27.370120 
[S2] 2025/11/27 10:42:27.370122 ---------------------------------------------------
[S2] 2025/11/27 10:42:27.370123 
[At the end of AppendEntries] 🗂 S2 | Term=2 | Role=Follower | CommitIndex=6 | LastApplied=6
[S2] 2025/11/27 10:42:27.370126      📜 Log: 
[S2] 2025/11/27 10:42:27.370127         [0:T0] 
[S2] 2025/11/27 10:42:27.370128         [1:T1] 
[S2] 2025/11/27 10:42:27.370129         [2:T1] 
[S2] 2025/11/27 10:42:27.370129         [3:T1] 
[S2] 2025/11/27 10:42:27.370130         [4:T1] 
[S2] 2025/11/27 10:42:27.370131         [5:T1] 
[S2] 2025/11/27 10:42:27.370132         [6:T1] 
[S2] 2025/11/27 10:42:27.370133         [7:T1] 
[S2] 2025/11/27 10:42:27.370134 
[S2] 2025/11/27 10:42:27.370134 ---------------------------------------------------
[S2] 2025/11/27 10:42:27.474879 
[At the start of AppendEntries] 🗂 S2 | Term=2 | Role=Follower | CommitIndex=6 | LastApplied=6
[S2] 2025/11/27 10:42:27.474883      📜 Log: 
[S2] 2025/11/27 10:42:27.474884         [0:T0] 
[S2] 2025/11/27 10:42:27.474885         [1:T1] 
[S2] 2025/11/27 10:42:27.474886         [2:T1] 
[S2] 2025/11/27 10:42:27.474887         [3:T1] 
[S2] 2025/11/27 10:42:27.474887         [4:T1] 
[S2] 2025/11/27 10:42:27.474888         [5:T1] 
[S2] 2025/11/27 10:42:27.474889         [6:T1] 
[S2] 2025/11/27 10:42:27.474890         [7:T1] 
[S2] 2025/11/27 10:42:27.474891 
[S2] 2025/11/27 10:42:27.474892 ---------------------------------------------------
[S2] 2025/11/27 10:42:27.474893 
[At the end of AppendEntries] 🗂 S2 | Term=2 | Role=Follower | CommitIndex=6 | LastApplied=6
[S2] 2025/11/27 10:42:27.474894      📜 Log: 
[S2] 2025/11/27 10:42:27.474895         [0:T0] 
[S2] 2025/11/27 10:42:27.474896         [1:T1] 
[S2] 2025/11/27 10:42:27.474898         [2:T1] 
[S2] 2025/11/27 10:42:27.474898         [3:T1] 
[S2] 2025/11/27 10:42:27.474899         [4:T1] 
[S2] 2025/11/27 10:42:27.474900         [5:T1] 
[S2] 2025/11/27 10:42:27.474901         [6:T1] 
[S2] 2025/11/27 10:42:27.474902         [7:T1] 
[S2] 2025/11/27 10:42:27.474902 
[S2] 2025/11/27 10:42:27.474903 ---------------------------------------------------
[S2] 2025/11/27 10:42:27.581333 
[At the start of AppendEntries] 🗂 S2 | Term=2 | Role=Follower | CommitIndex=6 | LastApplied=6
[S2] 2025/11/27 10:42:27.581344      📜 Log: 
[S2] 2025/11/27 10:42:27.581348         [0:T0] 
[S2] 2025/11/27 10:42:27.581349         [1:T1] 
[S2] 2025/11/27 10:42:27.581350         [2:T1] 
[S2] 2025/11/27 10:42:27.581351         [3:T1] 
[S2] 2025/11/27 10:42:27.581351         [4:T1] 
[S2] 2025/11/27 10:42:27.581352         [5:T1] 
[S2] 2025/11/27 10:42:27.581353         [6:T1] 
[S2] 2025/11/27 10:42:27.581354         [7:T1] 
[S2] 2025/11/27 10:42:27.581355 
[S2] 2025/11/27 10:42:27.581356 ---------------------------------------------------
[S2] 2025/11/27 10:42:27.581358 
[At the end of AppendEntries] 🗂 S2 | Term=2 | Role=Follower | CommitIndex=6 | LastApplied=6
[S2] 2025/11/27 10:42:27.581360      📜 Log: 
[S2] 2025/11/27 10:42:27.581360         [0:T0] 
[S2] 2025/11/27 10:42:27.581361         [1:T1] 
[S2] 2025/11/27 10:42:27.581362         [2:T1] 
[S2] 2025/11/27 10:42:27.581363         [3:T1] 
[S2] 2025/11/27 10:42:27.581364         [4:T1] 
[S2] 2025/11/27 10:42:27.581365         [5:T1] 
[S2] 2025/11/27 10:42:27.581365         [6:T1] 
[S2] 2025/11/27 10:42:27.581366         [7:T1] 
[S2] 2025/11/27 10:42:27.581367 
[S2] 2025/11/27 10:42:27.581368 ---------------------------------------------------
[S2] 2025/11/27 10:42:27.686651 
[At the start of AppendEntries] 🗂 S2 | Term=2 | Role=Follower | CommitIndex=6 | LastApplied=6
[S2] 2025/11/27 10:42:27.686664      📜 Log: 
[S2] 2025/11/27 10:42:27.686666         [0:T0] 
[S2] 2025/11/27 10:42:27.686669         [1:T1] 
[S2] 2025/11/27 10:42:27.686671         [2:T1] 
[S2] 2025/11/27 10:42:27.686672         [3:T1] 
[S2] 2025/11/27 10:42:27.686674         [4:T1] 
[S2] 2025/11/27 10:42:27.686676         [5:T1] 
[S2] 2025/11/27 10:42:27.686678         [6:T1] 
[S2] 2025/11/27 10:42:27.686679         [7:T1] 
[S2] 2025/11/27 10:42:27.686681 
[S2] 2025/11/27 10:42:27.686683 ---------------------------------------------------
[S2] 2025/11/27 10:42:27.686685 
[At the end of AppendEntries] 🗂 S2 | Term=2 | Role=Follower | CommitIndex=6 | LastApplied=6
[S2] 2025/11/27 10:42:27.686695      📜 Log: 
[S2] 2025/11/27 10:42:27.686697         [0:T0] 
[S2] 2025/11/27 10:42:27.686699         [1:T1] 
[S2] 2025/11/27 10:42:27.686701         [2:T1] 
[S2] 2025/11/27 10:42:27.686703         [3:T1] 
[S2] 2025/11/27 10:42:27.686704         [4:T1] 
[S2] 2025/11/27 10:42:27.686706         [5:T1] 
[S2] 2025/11/27 10:42:27.686708         [6:T1] 
[S2] 2025/11/27 10:42:27.686710         [7:T1] 
[S2] 2025/11/27 10:42:27.686712 
[S2] 2025/11/27 10:42:27.686713 ---------------------------------------------------
[S2] 2025/11/27 10:42:27.792029 
[At the start of AppendEntries] 🗂 S2 | Term=2 | Role=Follower | CommitIndex=6 | LastApplied=6
[S2] 2025/11/27 10:42:27.792037      📜 Log: 
[S2] 2025/11/27 10:42:27.792039         [0:T0] 
[S2] 2025/11/27 10:42:27.792042         [1:T1] 
[S2] 2025/11/27 10:42:27.792043         [2:T1] 
[S2] 2025/11/27 10:42:27.792045         [3:T1] 
[S2] 2025/11/27 10:42:27.792047         [4:T1] 
[S2] 2025/11/27 10:42:27.792049         [5:T1] 
[S2] 2025/11/27 10:42:27.792051         [6:T1] 
[S2] 2025/11/27 10:42:27.792052         [7:T1] 
[S2] 2025/11/27 10:42:27.792054 
[S2] 2025/11/27 10:42:27.792055 ---------------------------------------------------
[S2] 2025/11/27 10:42:27.792057 
[At the end of AppendEntries] 🗂 S2 | Term=2 | Role=Follower | CommitIndex=6 | LastApplied=6
[S2] 2025/11/27 10:42:27.792060      📜 Log: 
[S2] 2025/11/27 10:42:27.792062         [0:T0] 
[S2] 2025/11/27 10:42:27.792064         [1:T1] 
[S2] 2025/11/27 10:42:27.792066         [2:T1] 
[S2] 2025/11/27 10:42:27.792068         [3:T1] 
[S2] 2025/11/27 10:42:27.792069         [4:T1] 
[S2] 2025/11/27 10:42:27.792071         [5:T1] 
[S2] 2025/11/27 10:42:27.792073         [6:T1] 
[S2] 2025/11/27 10:42:27.792075         [7:T1] 
[S2] 2025/11/27 10:42:27.792077 
[S2] 2025/11/27 10:42:27.792079 ---------------------------------------------------
[S2] 2025/11/27 10:42:27.874708 
[At the start of startElection] 🗂 S2 | Term=2 | Role=Follower | CommitIndex=6 | LastApplied=6
[S2] 2025/11/27 10:42:27.874753      📜 Log: 
[S2] 2025/11/27 10:42:27.874757         [0:T0] 
[S2] 2025/11/27 10:42:27.874760         [1:T1] 
[S2] 2025/11/27 10:42:27.874762         [2:T1] 
[S2] 2025/11/27 10:42:27.874765         [3:T1] 
[S2] 2025/11/27 10:42:27.874767         [4:T1] 
[S2] 2025/11/27 10:42:27.874769         [5:T1] 
[S2] 2025/11/27 10:42:27.874770         [6:T1] 
[S2] 2025/11/27 10:42:27.874772         [7:T1] 
[S2] 2025/11/27 10:42:27.874774 
[S2] 2025/11/27 10:42:27.874776 ---------------------------------------------------
[S2] 2025/11/27 10:42:27.874885 
[At the end of startElection] 🗂 S2 | Term=3 | Role=Candidate | CommitIndex=6 | LastApplied=6
[S2] 2025/11/27 10:42:27.874891      📜 Log: 
[S2] 2025/11/27 10:42:27.874894         [0:T0] 
[S2] 2025/11/27 10:42:27.874896         [1:T1] 
[S2] 2025/11/27 10:42:27.874898         [2:T1] 
[S2] 2025/11/27 10:42:27.874900         [3:T1] 
[S2] 2025/11/27 10:42:27.874902         [4:T1] 
[S2] 2025/11/27 10:42:27.874904         [5:T1] 
[S2] 2025/11/27 10:42:27.874906         [6:T1] 
[S2] 2025/11/27 10:42:27.874908         [7:T1] 
[S2] 2025/11/27 10:42:27.874910 
[S2] 2025/11/27 10:42:27.874912 ---------------------------------------------------
[S2] 2025/11/27 10:42:27.875782 
[At the start of broadcast] 🗂 S2 | Term=3 | Role=Leader | CommitIndex=6 | LastApplied=6
[S2] 2025/11/27 10:42:27.875804      📜 Log: 
[S2] 2025/11/27 10:42:27.875806         [0:T0] 
[S2] 2025/11/27 10:42:27.875807         [1:T1] 
[S2] 2025/11/27 10:42:27.875808         [2:T1] 
[S2] 2025/11/27 10:42:27.875809         [3:T1] 
[S2] 2025/11/27 10:42:27.875810         [4:T1] 
[S2] 2025/11/27 10:42:27.875811         [5:T1] 
[S2] 2025/11/27 10:42:27.875813         [6:T1] 
[S2] 2025/11/27 10:42:27.875814         [7:T1] 
[S2] 2025/11/27 10:42:27.875815 
[S2] 2025/11/27 10:42:27.875816      📌 nextIndex:  [8 8 8]
[S2] 2025/11/27 10:42:27.875820      📎 matchIndex: [0 0 7]
[S2] 2025/11/27 10:42:27.875822 ---------------------------------------------------
[S2] 2025/11/27 10:42:27.875828 
[At the end of broadcast] 🗂 S2 | Term=3 | Role=Leader | CommitIndex=6 | LastApplied=6
[S2] 2025/11/27 10:42:27.875836      📜 Log: 
[S2] 2025/11/27 10:42:27.875837         [0:T0] 
[S2] 2025/11/27 10:42:27.875838         [1:T1] 
[S2] 2025/11/27 10:42:27.875839         [2:T1] 
[S2] 2025/11/27 10:42:27.875840         [3:T1] 
[S2] 2025/11/27 10:42:27.875841         [4:T1] 
[S2] 2025/11/27 10:42:27.875842         [5:T1] 
[S2] 2025/11/27 10:42:27.875843         [6:T1] 
[S2] 2025/11/27 10:42:27.875844         [7:T1] 
[S2] 2025/11/27 10:42:27.875846 
[S2] 2025/11/27 10:42:27.875847      📌 nextIndex:  [8 8 8]
[S2] 2025/11/27 10:42:27.875848      📎 matchIndex: [0 0 7]
[S2] 2025/11/27 10:42:27.875849 ---------------------------------------------------
[S2] 2025/11/27 10:42:27.875991 
[At the start of handleAppendEntriesReply] 🗂 S2 | Term=3 | Role=Leader | CommitIndex=6 | LastApplied=6
[S2] 2025/11/27 10:42:27.875993      📜 Log: 
[S2] 2025/11/27 10:42:27.875995         [0:T0] 
[S2] 2025/11/27 10:42:27.875996         [1:T1] 
[S2] 2025/11/27 10:42:27.875997         [2:T1] 
[S2] 2025/11/27 10:42:27.875998         [3:T1] 
[S2] 2025/11/27 10:42:27.875999         [4:T1] 
[S2] 2025/11/27 10:42:27.876000         [5:T1] 
[S2] 2025/11/27 10:42:27.876001         [6:T1] 
[S2] 2025/11/27 10:42:27.876002         [7:T1] 
[S2] 2025/11/27 10:42:27.876003 
[S2] 2025/11/27 10:42:27.876004      📌 nextIndex:  [8 8 8]
[S2] 2025/11/27 10:42:27.876006      📎 matchIndex: [0 0 7]
[S2] 2025/11/27 10:42:27.876007 ---------------------------------------------------
[S2] 2025/11/27 10:42:27.876008 
[At the end of handleAppendEntriesReply] 🗂 S2 | Term=3 | Role=Leader | CommitIndex=6 | LastApplied=6
[S2] 2025/11/27 10:42:27.876010      📜 Log: 
[S2] 2025/11/27 10:42:27.876011         [0:T0] 
[S2] 2025/11/27 10:42:27.876012         [1:T1] 
[S2] 2025/11/27 10:42:27.876013         [2:T1] 
[S2] 2025/11/27 10:42:27.876015         [3:T1] 
[S2] 2025/11/27 10:42:27.876016         [4:T1] 
[S2] 2025/11/27 10:42:27.876017         [5:T1] 
[S2] 2025/11/27 10:42:27.876018         [6:T1] 
[S2] 2025/11/27 10:42:27.876019         [7:T1] 
[S2] 2025/11/27 10:42:27.876021 
[S2] 2025/11/27 10:42:27.876022      📌 nextIndex:  [8 8 8]
[S2] 2025/11/27 10:42:27.876023      📎 matchIndex: [7 0 7]
[S2] 2025/11/27 10:42:27.876025 ---------------------------------------------------
[S2] 2025/11/27 10:42:27.876089 
[At the start of handleAppendEntriesReply] 🗂 S2 | Term=3 | Role=Leader | CommitIndex=6 | LastApplied=6
[S2] 2025/11/27 10:42:27.876094      📜 Log: 
[S2] 2025/11/27 10:42:27.876096         [0:T0] 
[S2] 2025/11/27 10:42:27.876098         [1:T1] 
[S2] 2025/11/27 10:42:27.876100         [2:T1] 
[S2] 2025/11/27 10:42:27.876102         [3:T1] 
[S2] 2025/11/27 10:42:27.876104         [4:T1] 
[S2] 2025/11/27 10:42:27.876106         [5:T1] 
[S2] 2025/11/27 10:42:27.876108         [6:T1] 
[S2] 2025/11/27 10:42:27.876110         [7:T1] 
[S2] 2025/11/27 10:42:27.876112 
[S2] 2025/11/27 10:42:27.876114      📌 nextIndex:  [8 8 8]
[S2] 2025/11/27 10:42:27.876118      📎 matchIndex: [7 0 7]
[S2] 2025/11/27 10:42:27.876120 ---------------------------------------------------
[S2] 2025/11/27 10:42:27.876123 
[At the end of handleAppendEntriesReply] 🗂 S2 | Term=3 | Role=Leader | CommitIndex=6 | LastApplied=6
[S2] 2025/11/27 10:42:27.876125      📜 Log: 
[S2] 2025/11/27 10:42:27.876127         [0:T0] 
[S2] 2025/11/27 10:42:27.876129         [1:T1] 
[S2] 2025/11/27 10:42:27.876131         [2:T1] 
[S2] 2025/11/27 10:42:27.876133         [3:T1] 
[S2] 2025/11/27 10:42:27.876135         [4:T1] 
[S2] 2025/11/27 10:42:27.876136         [5:T1] 
[S2] 2025/11/27 10:42:27.876138         [6:T1] 
[S2] 2025/11/27 10:42:27.876140         [7:T1] 
[S2] 2025/11/27 10:42:27.876142 
[S2] 2025/11/27 10:42:27.876144      📌 nextIndex:  [8 8 8]
[S2] 2025/11/27 10:42:27.876147      📎 matchIndex: [7 7 7]
[S2] 2025/11/27 10:42:27.876149 ---------------------------------------------------
[S2] 2025/11/27 10:42:27.980001 
[At the start of broadcast] 🗂 S2 | Term=3 | Role=Leader | CommitIndex=6 | LastApplied=6
[S2] 2025/11/27 10:42:27.980049      📜 Log: 
[S2] 2025/11/27 10:42:27.980053         [0:T0] 
[S2] 2025/11/27 10:42:27.980055         [1:T1] 
[S2] 2025/11/27 10:42:27.980057         [2:T1] 
[S2] 2025/11/27 10:42:27.980058         [3:T1] 
[S2] 2025/11/27 10:42:27.980060         [4:T1] 
[S2] 2025/11/27 10:42:27.980061         [5:T1] 
[S2] 2025/11/27 10:42:27.980063         [6:T1] 
[S2] 2025/11/27 10:42:27.980064         [7:T1] 
[S2] 2025/11/27 10:42:27.980066 
[S2] 2025/11/27 10:42:27.980068      📌 nextIndex:  [8 8 8]
[S2] 2025/11/27 10:42:27.980089      📎 matchIndex: [7 7 7]
[S2] 2025/11/27 10:42:27.980092 ---------------------------------------------------
[S2] 2025/11/27 10:42:27.980100 
[At the end of broadcast] 🗂 S2 | Term=3 | Role=Leader | CommitIndex=6 | LastApplied=6
[S2] 2025/11/27 10:42:27.980102      📜 Log: 
[S2] 2025/11/27 10:42:27.980104         [0:T0] 
[S2] 2025/11/27 10:42:27.980106         [1:T1] 
[S2] 2025/11/27 10:42:27.980108         [2:T1] 
[S2] 2025/11/27 10:42:27.980110         [3:T1] 
[S2] 2025/11/27 10:42:27.980112         [4:T1] 
[S2] 2025/11/27 10:42:27.980114         [5:T1] 
[S2] 2025/11/27 10:42:27.980116         [6:T1] 
[S2] 2025/11/27 10:42:27.980118         [7:T1] 
[S2] 2025/11/27 10:42:27.980120 
[S2] 2025/11/27 10:42:27.980121      📌 nextIndex:  [8 8 8]
[S2] 2025/11/27 10:42:27.980124      📎 matchIndex: [7 7 7]
[S2] 2025/11/27 10:42:27.980127 ---------------------------------------------------
[S2] 2025/11/27 10:42:27.980399 
[At the start of handleAppendEntriesReply] 🗂 S2 | Term=3 | Role=Leader | CommitIndex=6 | LastApplied=6
[S2] 2025/11/27 10:42:27.980402      📜 Log: 
[S2] 2025/11/27 10:42:27.980403         [0:T0] 
[S2] 2025/11/27 10:42:27.980404         [1:T1] 
[S2] 2025/11/27 10:42:27.980406         [2:T1] 
[S2] 2025/11/27 10:42:27.980408         [3:T1] 
[S2] 2025/11/27 10:42:27.980409         [4:T1] 
[S2] 2025/11/27 10:42:27.980410         [5:T1] 
[S2] 2025/11/27 10:42:27.980412         [6:T1] 
[S2] 2025/11/27 10:42:27.980413         [7:T1] 
[S2] 2025/11/27 10:42:27.980415 
[S2] 2025/11/27 10:42:27.980416      📌 nextIndex:  [8 8 8]
[S2] 2025/11/27 10:42:27.980420      📎 matchIndex: [7 7 7]
[S2] 2025/11/27 10:42:27.980422 ---------------------------------------------------
[S2] 2025/11/27 10:42:27.980424 
[At the end of handleAppendEntriesReply] 🗂 S2 | Term=3 | Role=Leader | CommitIndex=6 | LastApplied=6
[S2] 2025/11/27 10:42:27.980426      📜 Log: 
[S2] 2025/11/27 10:42:27.980427         [0:T0] 
[S2] 2025/11/27 10:42:27.980429         [1:T1] 
[S2] 2025/11/27 10:42:27.980430         [2:T1] 
[S2] 2025/11/27 10:42:27.980432         [3:T1] 
[S2] 2025/11/27 10:42:27.980433         [4:T1] 
[S2] 2025/11/27 10:42:27.980435         [5:T1] 
[S2] 2025/11/27 10:42:27.980436         [6:T1] 
[S2] 2025/11/27 10:42:27.980438         [7:T1] 
[S2] 2025/11/27 10:42:27.980440 
[S2] 2025/11/27 10:42:27.980441      📌 nextIndex:  [8 8 8]
[S2] 2025/11/27 10:42:27.980443      📎 matchIndex: [7 7 7]
[S2] 2025/11/27 10:42:27.980445 ---------------------------------------------------
[S2] 2025/11/27 10:42:27.980450 
[At the start of handleAppendEntriesReply] 🗂 S2 | Term=3 | Role=Leader | CommitIndex=6 | LastApplied=6
[S2] 2025/11/27 10:42:27.980452      📜 Log: 
[S2] 2025/11/27 10:42:27.980453         [0:T0] 
[S2] 2025/11/27 10:42:27.980455         [1:T1] 
[S2] 2025/11/27 10:42:27.980456         [2:T1] 
[S2] 2025/11/27 10:42:27.980458         [3:T1] 
[S2] 2025/11/27 10:42:27.980459         [4:T1] 
[S2] 2025/11/27 10:42:27.980461         [5:T1] 
[S2] 2025/11/27 10:42:27.980462         [6:T1] 
[S2] 2025/11/27 10:42:27.980463         [7:T1] 
[S2] 2025/11/27 10:42:27.980465 
[S2] 2025/11/27 10:42:27.980466      📌 nextIndex:  [8 8 8]
[S2] 2025/11/27 10:42:27.980468      📎 matchIndex: [7 7 7]
[S2] 2025/11/27 10:42:27.980470 ---------------------------------------------------
[S2] 2025/11/27 10:42:27.980472 
[At the end of handleAppendEntriesReply] 🗂 S2 | Term=3 | Role=Leader | CommitIndex=6 | LastApplied=6
[S2] 2025/11/27 10:42:27.980481      📜 Log: 
[S2] 2025/11/27 10:42:27.980482         [0:T0] 
[S2] 2025/11/27 10:42:27.980484         [1:T1] 
[S2] 2025/11/27 10:42:27.980485         [2:T1] 
[S2] 2025/11/27 10:42:27.980486         [3:T1] 
[S2] 2025/11/27 10:42:27.980488         [4:T1] 
[S2] 2025/11/27 10:42:27.980489         [5:T1] 
[S2] 2025/11/27 10:42:27.980491         [6:T1] 
[S2] 2025/11/27 10:42:27.980492         [7:T1] 
[S2] 2025/11/27 10:42:27.980494 
[S2] 2025/11/27 10:42:27.980495      📌 nextIndex:  [8 8 8]
[S2] 2025/11/27 10:42:27.980497      📎 matchIndex: [7 7 7]
[S2] 2025/11/27 10:42:27.980499 ---------------------------------------------------
[S2] 2025/11/27 10:42:28.084483 
[At the start of broadcast] 🗂 S2 | Term=3 | Role=Leader | CommitIndex=6 | LastApplied=6
[S2] 2025/11/27 10:42:28.084550      📜 Log: 
[S2] 2025/11/27 10:42:28.084556         [0:T0] 
[S2] 2025/11/27 10:42:28.084562         [1:T1] 
[S2] 2025/11/27 10:42:28.084567         [2:T1] 
[S2] 2025/11/27 10:42:28.084569         [3:T1] 
[S2] 2025/11/27 10:42:28.084571         [4:T1] 
[S2] 2025/11/27 10:42:28.084573         [5:T1] 
[S2] 2025/11/27 10:42:28.084575         [6:T1] 
[S2] 2025/11/27 10:42:28.084577         [7:T1] 
[S2] 2025/11/27 10:42:28.084579 
[S2] 2025/11/27 10:42:28.084584      📌 nextIndex:  [8 8 8]
[S2] 2025/11/27 10:42:28.084596      📎 matchIndex: [7 7 7]
[S2] 2025/11/27 10:42:28.084599 ---------------------------------------------------
[S2] 2025/11/27 10:42:28.084615 
[At the end of broadcast] 🗂 S2 | Term=3 | Role=Leader | CommitIndex=6 | LastApplied=6
[S2] 2025/11/27 10:42:28.084619      📜 Log: 
[S2] 2025/11/27 10:42:28.084621         [0:T0] 
[S2] 2025/11/27 10:42:28.084630         [1:T1] 
[S2] 2025/11/27 10:42:28.084634         [2:T1] 
[S2] 2025/11/27 10:42:28.084637         [3:T1] 
[S2] 2025/11/27 10:42:28.084639         [4:T1] 
[S2] 2025/11/27 10:42:28.084641         [5:T1] 
[S2] 2025/11/27 10:42:28.084643         [6:T1] 
[S2] 2025/11/27 10:42:28.084645         [7:T1] 
[S2] 2025/11/27 10:42:28.084647 
[S2] 2025/11/27 10:42:28.084649      📌 nextIndex:  [8 8 8]
[S2] 2025/11/27 10:42:28.084652      📎 matchIndex: [7 7 7]
[S2] 2025/11/27 10:42:28.084655 ---------------------------------------------------
[S2] 2025/11/27 10:42:28.085091 
[At the start of handleAppendEntriesReply] 🗂 S2 | Term=3 | Role=Leader | CommitIndex=6 | LastApplied=6
[S2] 2025/11/27 10:42:28.085099      📜 Log: 
[S2] 2025/11/27 10:42:28.085103         [0:T0] 
[S2] 2025/11/27 10:42:28.085105         [1:T1] 
[S2] 2025/11/27 10:42:28.085107         [2:T1] 
[S2] 2025/11/27 10:42:28.085109         [3:T1] 
[S2] 2025/11/27 10:42:28.085111         [4:T1] 
[S2] 2025/11/27 10:42:28.085113         [5:T1] 
[S2] 2025/11/27 10:42:28.085115         [6:T1] 
[S2] 2025/11/27 10:42:28.085119         [7:T1] 
[S2] 2025/11/27 10:42:28.085121 
[S2] 2025/11/27 10:42:28.085124      📌 nextIndex:  [8 8 8]
[S2] 2025/11/27 10:42:28.085128      📎 matchIndex: [7 7 7]
[S2] 2025/11/27 10:42:28.085130 ---------------------------------------------------
[S2] 2025/11/27 10:42:28.085135 
[At the end of handleAppendEntriesReply] 🗂 S2 | Term=3 | Role=Leader | CommitIndex=6 | LastApplied=6
[S2] 2025/11/27 10:42:28.085138      📜 Log: 
[S2] 2025/11/27 10:42:28.085140         [0:T0] 
[S2] 2025/11/27 10:42:28.085142         [1:T1] 
[S2] 2025/11/27 10:42:28.085144         [2:T1] 
[S2] 2025/11/27 10:42:28.085146         [3:T1] 
[S2] 2025/11/27 10:42:28.085148         [4:T1] 
[S2] 2025/11/27 10:42:28.085150         [5:T1] 
[S2] 2025/11/27 10:42:28.085152         [6:T1] 
[S2] 2025/11/27 10:42:28.085154         [7:T1] 
[S2] 2025/11/27 10:42:28.085156 
[S2] 2025/11/27 10:42:28.085158      📌 nextIndex:  [8 8 8]
[S2] 2025/11/27 10:42:28.085160      📎 matchIndex: [7 7 7]
[S2] 2025/11/27 10:42:28.085163 ---------------------------------------------------
[S2] 2025/11/27 10:42:28.085171 
[At the start of handleAppendEntriesReply] 🗂 S2 | Term=3 | Role=Leader | CommitIndex=6 | LastApplied=6
[S2] 2025/11/27 10:42:28.085174      📜 Log: 
[S2] 2025/11/27 10:42:28.085176         [0:T0] 
[S2] 2025/11/27 10:42:28.085190         [1:T1] 
[S2] 2025/11/27 10:42:28.085193         [2:T1] 
[S2] 2025/11/27 10:42:28.085195         [3:T1] 
[S2] 2025/11/27 10:42:28.085197         [4:T1] 
[S2] 2025/11/27 10:42:28.085199         [5:T1] 
[S2] 2025/11/27 10:42:28.085201         [6:T1] 
[S2] 2025/11/27 10:42:28.085203         [7:T1] 
[S2] 2025/11/27 10:42:28.085205 
[S2] 2025/11/27 10:42:28.085207      📌 nextIndex:  [8 8 8]
[S2] 2025/11/27 10:42:28.085210      📎 matchIndex: [7 7 7]
[S2] 2025/11/27 10:42:28.085212 ---------------------------------------------------
[S2] 2025/11/27 10:42:28.085215 
[At the end of handleAppendEntriesReply] 🗂 S2 | Term=3 | Role=Leader | CommitIndex=6 | LastApplied=6
[S2] 2025/11/27 10:42:28.085217      📜 Log: 
[S2] 2025/11/27 10:42:28.085221         [0:T0] 
[S2] 2025/11/27 10:42:28.085223         [1:T1] 
[S2] 2025/11/27 10:42:28.085225         [2:T1] 
[S2] 2025/11/27 10:42:28.085227         [3:T1] 
[S2] 2025/11/27 10:42:28.085229         [4:T1] 
[S2] 2025/11/27 10:42:28.085231         [5:T1] 
[S2] 2025/11/27 10:42:28.085233         [6:T1] 
[S2] 2025/11/27 10:42:28.085235         [7:T1] 
[S2] 2025/11/27 10:42:28.085237 
[S2] 2025/11/27 10:42:28.085239      📌 nextIndex:  [8 8 8]
[S2] 2025/11/27 10:42:28.085241      📎 matchIndex: [7 7 7]
[S2] 2025/11/27 10:42:28.085244 ---------------------------------------------------
[S2] 2025/11/27 10:42:28.189527 
[At the start of broadcast] 🗂 S2 | Term=3 | Role=Leader | CommitIndex=6 | LastApplied=6
[S2] 2025/11/27 10:42:28.189563      📜 Log: 
[S2] 2025/11/27 10:42:28.189567         [0:T0] 
[S2] 2025/11/27 10:42:28.189570         [1:T1] 
[S2] 2025/11/27 10:42:28.189572         [2:T1] 
[S2] 2025/11/27 10:42:28.189574         [3:T1] 
[S2] 2025/11/27 10:42:28.189576         [4:T1] 
[S2] 2025/11/27 10:42:28.189578         [5:T1] 
[S2] 2025/11/27 10:42:28.189580         [6:T1] 
[S2] 2025/11/27 10:42:28.189582         [7:T1] 
[S2] 2025/11/27 10:42:28.189584 
[S2] 2025/11/27 10:42:28.189587      📌 nextIndex:  [8 8 8]
[S2] 2025/11/27 10:42:28.189598      📎 matchIndex: [7 7 7]
[S2] 2025/11/27 10:42:28.189600 ---------------------------------------------------
[S2] 2025/11/27 10:42:28.189610 
[At the end of broadcast] 🗂 S2 | Term=3 | Role=Leader | CommitIndex=6 | LastApplied=6
[S2] 2025/11/27 10:42:28.189614      📜 Log: 
[S2] 2025/11/27 10:42:28.189616         [0:T0] 
[S2] 2025/11/27 10:42:28.189618         [1:T1] 
[S2] 2025/11/27 10:42:28.189620         [2:T1] 
[S2] 2025/11/27 10:42:28.189622         [3:T1] 
[S2] 2025/11/27 10:42:28.189632         [4:T1] 
[S2] 2025/11/27 10:42:28.189635         [5:T1] 
[S2] 2025/11/27 10:42:28.189637         [6:T1] 
[S2] 2025/11/27 10:42:28.189639         [7:T1] 
[S2] 2025/11/27 10:42:28.189641 
[S2] 2025/11/27 10:42:28.189643      📌 nextIndex:  [8 8 8]
[S2] 2025/11/27 10:42:28.189646      📎 matchIndex: [7 7 7]
[S2] 2025/11/27 10:42:28.189648 ---------------------------------------------------
[S2] 2025/11/27 10:42:28.189876 
[At the start of handleAppendEntriesReply] 🗂 S2 | Term=3 | Role=Leader | CommitIndex=6 | LastApplied=6
[S2] 2025/11/27 10:42:28.189880      📜 Log: 
[S2] 2025/11/27 10:42:28.189883         [0:T0] 
[S2] 2025/11/27 10:42:28.189892         [1:T1] 
[S2] 2025/11/27 10:42:28.189894         [2:T1] 
[S2] 2025/11/27 10:42:28.189896         [3:T1] 
[S2] 2025/11/27 10:42:28.189898         [4:T1] 
[S2] 2025/11/27 10:42:28.189900         [5:T1] 
[S2] 2025/11/27 10:42:28.189902         [6:T1] 
[S2] 2025/11/27 10:42:28.189904         [7:T1] 
[S2] 2025/11/27 10:42:28.189906 
[S2] 2025/11/27 10:42:28.189908      📌 nextIndex:  [8 8 8]
[S2] 2025/11/27 10:42:28.189912      📎 matchIndex: [7 7 7]
[S2] 2025/11/27 10:42:28.189914 ---------------------------------------------------
[S2] 2025/11/27 10:42:28.189917 
[At the end of handleAppendEntriesReply] 🗂 S2 | Term=3 | Role=Leader | CommitIndex=6 | LastApplied=6
[S2] 2025/11/27 10:42:28.189919      📜 Log: 
[S2] 2025/11/27 10:42:28.189921         [0:T0] 
[S2] 2025/11/27 10:42:28.189923         [1:T1] 
[S2] 2025/11/27 10:42:28.189930         [2:T1] 
[S2] 2025/11/27 10:42:28.189933         [3:T1] 
[S2] 2025/11/27 10:42:28.189935         [4:T1] 
[S2] 2025/11/27 10:42:28.189936         [5:T1] 
[S2] 2025/11/27 10:42:28.189938         [6:T1] 
[S2] 2025/11/27 10:42:28.189940         [7:T1] 
[S2] 2025/11/27 10:42:28.189942 
[S2] 2025/11/27 10:42:28.189944      📌 nextIndex:  [8 8 8]
[S2] 2025/11/27 10:42:28.189947      📎 matchIndex: [7 7 7]
[S2] 2025/11/27 10:42:28.189949 ---------------------------------------------------
[S2] 2025/11/27 10:42:28.189954 
[At the start of handleAppendEntriesReply] 🗂 S2 | Term=3 | Role=Leader | CommitIndex=6 | LastApplied=6
[S2] 2025/11/27 10:42:28.189957      📜 Log: 
[S2] 2025/11/27 10:42:28.189959         [0:T0] 
[S2] 2025/11/27 10:42:28.189961         [1:T1] 
[S2] 2025/11/27 10:42:28.189963         [2:T1] 
[S2] 2025/11/27 10:42:28.189965         [3:T1] 
[S2] 2025/11/27 10:42:28.189966         [4:T1] 
[S2] 2025/11/27 10:42:28.189968         [5:T1] 
[S2] 2025/11/27 10:42:28.189970         [6:T1] 
[S2] 2025/11/27 10:42:28.189972         [7:T1] 
[S2] 2025/11/27 10:42:28.189974 
[S2] 2025/11/27 10:42:28.189976      📌 nextIndex:  [8 8 8]
[S2] 2025/11/27 10:42:28.189979      📎 matchIndex: [7 7 7]
[S2] 2025/11/27 10:42:28.189981 ---------------------------------------------------
[S2] 2025/11/27 10:42:28.189983 
[At the end of handleAppendEntriesReply] 🗂 S2 | Term=3 | Role=Leader | CommitIndex=6 | LastApplied=6
[S2] 2025/11/27 10:42:28.189985      📜 Log: 
[S2] 2025/11/27 10:42:28.189987         [0:T0] 
[S2] 2025/11/27 10:42:28.189989         [1:T1] 
[S2] 2025/11/27 10:42:28.189991         [2:T1] 
[S2] 2025/11/27 10:42:28.189993         [3:T1] 
[S2] 2025/11/27 10:42:28.189995         [4:T1] 
[S2] 2025/11/27 10:42:28.189996         [5:T1] 
[S2] 2025/11/27 10:42:28.189998         [6:T1] 
[S2] 2025/11/27 10:42:28.190000         [7:T1] 
[S2] 2025/11/27 10:42:28.190002 
[S2] 2025/11/27 10:42:28.190004      📌 nextIndex:  [8 8 8]
[S2] 2025/11/27 10:42:28.190006      📎 matchIndex: [7 7 7]
[S2] 2025/11/27 10:42:28.190009 ---------------------------------------------------
[S2] 2025/11/27 10:42:28.294430 
[At the start of broadcast] 🗂 S2 | Term=3 | Role=Leader | CommitIndex=6 | LastApplied=6
[S2] 2025/11/27 10:42:28.294458      📜 Log: 
[S2] 2025/11/27 10:42:28.294462         [0:T0] 
[S2] 2025/11/27 10:42:28.294464         [1:T1] 
[S2] 2025/11/27 10:42:28.294465         [2:T1] 
[S2] 2025/11/27 10:42:28.294467         [3:T1] 
[S2] 2025/11/27 10:42:28.294468         [4:T1] 
[S2] 2025/11/27 10:42:28.294470         [5:T1] 
[S2] 2025/11/27 10:42:28.294472         [6:T1] 
[S2] 2025/11/27 10:42:28.294473         [7:T1] 
[S2] 2025/11/27 10:42:28.294474 
[S2] 2025/11/27 10:42:28.294476      📌 nextIndex:  [8 8 8]
[S2] 2025/11/27 10:42:28.294482      📎 matchIndex: [7 7 7]
[S2] 2025/11/27 10:42:28.294485 ---------------------------------------------------
[S2] 2025/11/27 10:42:28.294493 
[At the end of broadcast] 🗂 S2 | Term=3 | Role=Leader | CommitIndex=6 | LastApplied=6
[S2] 2025/11/27 10:42:28.294496      📜 Log: 
[S2] 2025/11/27 10:42:28.294498         [0:T0] 
[S2] 2025/11/27 10:42:28.294500         [1:T1] 
[S2] 2025/11/27 10:42:28.294502         [2:T1] 
[S2] 2025/11/27 10:42:28.294504         [3:T1] 
[S2] 2025/11/27 10:42:28.294506         [4:T1] 
[S2] 2025/11/27 10:42:28.294508         [5:T1] 
[S2] 2025/11/27 10:42:28.294509         [6:T1] 
[S2] 2025/11/27 10:42:28.294511         [7:T1] 
[S2] 2025/11/27 10:42:28.294513 
[S2] 2025/11/27 10:42:28.294515      📌 nextIndex:  [8 8 8]
[S2] 2025/11/27 10:42:28.294518      📎 matchIndex: [7 7 7]
[S2] 2025/11/27 10:42:28.294520 ---------------------------------------------------
[S2] 2025/11/27 10:42:28.294835 
[At the start of handleAppendEntriesReply] 🗂 S2 | Term=3 | Role=Leader | CommitIndex=6 | LastApplied=6
[S2] 2025/11/27 10:42:28.294841      📜 Log: 
[S2] 2025/11/27 10:42:28.294843         [0:T0] 
[S2] 2025/11/27 10:42:28.294844         [1:T1] 
[S2] 2025/11/27 10:42:28.294846         [2:T1] 
[S2] 2025/11/27 10:42:28.294847         [3:T1] 
[S2] 2025/11/27 10:42:28.294859         [4:T1] 
[S2] 2025/11/27 10:42:28.294861         [5:T1] 
[S2] 2025/11/27 10:42:28.294862         [6:T1] 
[S2] 2025/11/27 10:42:28.294864         [7:T1] 
[S2] 2025/11/27 10:42:28.294865 
[S2] 2025/11/27 10:42:28.294867      📌 nextIndex:  [8 8 8]
[S2] 2025/11/27 10:42:28.294871      📎 matchIndex: [7 7 7]
[S2] 2025/11/27 10:42:28.294873 ---------------------------------------------------
[S2] 2025/11/27 10:42:28.294875 
[At the end of handleAppendEntriesReply] 🗂 S2 | Term=3 | Role=Leader | CommitIndex=6 | LastApplied=6
[S2] 2025/11/27 10:42:28.294877      📜 Log: 
[S2] 2025/11/27 10:42:28.294878         [0:T0] 
[S2] 2025/11/27 10:42:28.294880         [1:T1] 
[S2] 2025/11/27 10:42:28.294881         [2:T1] 
[S2] 2025/11/27 10:42:28.294883         [3:T1] 
[S2] 2025/11/27 10:42:28.294884         [4:T1] 
[S2] 2025/11/27 10:42:28.294885         [5:T1] 
[S2] 2025/11/27 10:42:28.294887         [6:T1] 
[S2] 2025/11/27 10:42:28.294888         [7:T1] 
[S2] 2025/11/27 10:42:28.294890 
[S2] 2025/11/27 10:42:28.294891      📌 nextIndex:  [8 8 8]
[S2] 2025/11/27 10:42:28.294893      📎 matchIndex: [7 7 7]
[S2] 2025/11/27 10:42:28.294895 ---------------------------------------------------
[S2] 2025/11/27 10:42:28.294900 
[At the start of handleAppendEntriesReply] 🗂 S2 | Term=3 | Role=Leader | CommitIndex=6 | LastApplied=6
[S2] 2025/11/27 10:42:28.294902      📜 Log: 
[S2] 2025/11/27 10:42:28.294904         [0:T0] 
[S2] 2025/11/27 10:42:28.294905         [1:T1] 
[S2] 2025/11/27 10:42:28.294907         [2:T1] 
[S2] 2025/11/27 10:42:28.294908         [3:T1] 
[S2] 2025/11/27 10:42:28.294909         [4:T1] 
[S2] 2025/11/27 10:42:28.294911         [5:T1] 
[S2] 2025/11/27 10:42:28.294912         [6:T1] 
[S2] 2025/11/27 10:42:28.294914         [7:T1] 
[S2] 2025/11/27 10:42:28.294915 
[S2] 2025/11/27 10:42:28.294917      📌 nextIndex:  [8 8 8]
[S2] 2025/11/27 10:42:28.294919      📎 matchIndex: [7 7 7]
[S2] 2025/11/27 10:42:28.294921 ---------------------------------------------------
[S2] 2025/11/27 10:42:28.294923 
[At the end of handleAppendEntriesReply] 🗂 S2 | Term=3 | Role=Leader | CommitIndex=6 | LastApplied=6
[S2] 2025/11/27 10:42:28.294925      📜 Log: 
[S2] 2025/11/27 10:42:28.294926         [0:T0] 
[S2] 2025/11/27 10:42:28.294927         [1:T1] 
[S2] 2025/11/27 10:42:28.294929         [2:T1] 
[S2] 2025/11/27 10:42:28.294930         [3:T1] 
[S2] 2025/11/27 10:42:28.294932         [4:T1] 
[S2] 2025/11/27 10:42:28.294933         [5:T1] 
[S2] 2025/11/27 10:42:28.294935         [6:T1] 
[S2] 2025/11/27 10:42:28.294936         [7:T1] 
[S2] 2025/11/27 10:42:28.294937 
[S2] 2025/11/27 10:42:28.294939      📌 nextIndex:  [8 8 8]
[S2] 2025/11/27 10:42:28.294941      📎 matchIndex: [7 7 7]
[S2] 2025/11/27 10:42:28.294943 ---------------------------------------------------
[S2] 2025/11/27 10:42:28.400701 
[At the start of broadcast] 🗂 S2 | Term=3 | Role=Leader | CommitIndex=6 | LastApplied=6
[S2] 2025/11/27 10:42:28.400728      📜 Log: 
[S2] 2025/11/27 10:42:28.400731         [0:T0] 
[S2] 2025/11/27 10:42:28.400733         [1:T1] 
[S2] 2025/11/27 10:42:28.400734         [2:T1] 
[S2] 2025/11/27 10:42:28.400736         [3:T1] 
[S2] 2025/11/27 10:42:28.400738         [4:T1] 
[S2] 2025/11/27 10:42:28.400739         [5:T1] 
[S2] 2025/11/27 10:42:28.400741         [6:T1] 
[S2] 2025/11/27 10:42:28.400743         [7:T1] 
[S2] 2025/11/27 10:42:28.400744 
[S2] 2025/11/27 10:42:28.400747      📌 nextIndex:  [8 8 8]
[S2] 2025/11/27 10:42:28.400753      📎 matchIndex: [7 7 7]
[S2] 2025/11/27 10:42:28.400755 ---------------------------------------------------
[S2] 2025/11/27 10:42:28.400763 
[At the end of broadcast] 🗂 S2 | Term=3 | Role=Leader | CommitIndex=6 | LastApplied=6
[S2] 2025/11/27 10:42:28.400766      📜 Log: 
[S2] 2025/11/27 10:42:28.400767         [0:T0] 
[S2] 2025/11/27 10:42:28.400769         [1:T1] 
[S2] 2025/11/27 10:42:28.400771         [2:T1] 
[S2] 2025/11/27 10:42:28.400773         [3:T1] 
[S2] 2025/11/27 10:42:28.400775         [4:T1] 
[S2] 2025/11/27 10:42:28.400785         [5:T1] 
[S2] 2025/11/27 10:42:28.400787         [6:T1] 
[S2] 2025/11/27 10:42:28.400789         [7:T1] 
[S2] 2025/11/27 10:42:28.400791 
[S2] 2025/11/27 10:42:28.400792      📌 nextIndex:  [8 8 8]
[S2] 2025/11/27 10:42:28.400795      📎 matchIndex: [7 7 7]
[S2] 2025/11/27 10:42:28.400797 ---------------------------------------------------
[S2] 2025/11/27 10:42:28.401008 
[At the start of handleAppendEntriesReply] 🗂 S2 | Term=3 | Role=Leader | CommitIndex=6 | LastApplied=6
[S2] 2025/11/27 10:42:28.401012      📜 Log: 
[S2] 2025/11/27 10:42:28.401014         [0:T0] 
[S2] 2025/11/27 10:42:28.401016         [1:T1] 
[S2] 2025/11/27 10:42:28.401017         [2:T1] 
[S2] 2025/11/27 10:42:28.401019         [3:T1] 
[S2] 2025/11/27 10:42:28.401021         [4:T1] 
[S2] 2025/11/27 10:42:28.401022         [5:T1] 
[S2] 2025/11/27 10:42:28.401024         [6:T1] 
[S2] 2025/11/27 10:42:28.401026         [7:T1] 
[S2] 2025/11/27 10:42:28.401027 
[S2] 2025/11/27 10:42:28.401029      📌 nextIndex:  [8 8 8]
[S2] 2025/11/27 10:42:28.401032      📎 matchIndex: [7 7 7]
[S2] 2025/11/27 10:42:28.401035 ---------------------------------------------------
[S2] 2025/11/27 10:42:28.401037 
[At the end of handleAppendEntriesReply] 🗂 S2 | Term=3 | Role=Leader | CommitIndex=6 | LastApplied=6
[S2] 2025/11/27 10:42:28.401039      📜 Log: 
[S2] 2025/11/27 10:42:28.401041         [0:T0] 
[S2] 2025/11/27 10:42:28.401042         [1:T1] 
[S2] 2025/11/27 10:42:28.401044         [2:T1] 
[S2] 2025/11/27 10:42:28.401045         [3:T1] 
[S2] 2025/11/27 10:42:28.401047         [4:T1] 
[S2] 2025/11/27 10:42:28.401049         [5:T1] 
[S2] 2025/11/27 10:42:28.401050         [6:T1] 
[S2] 2025/11/27 10:42:28.401052         [7:T1] 
[S2] 2025/11/27 10:42:28.401054 
[S2] 2025/11/27 10:42:28.401055      📌 nextIndex:  [8 8 8]
[S2] 2025/11/27 10:42:28.401057      📎 matchIndex: [7 7 7]
[S2] 2025/11/27 10:42:28.401060 ---------------------------------------------------
[S2] 2025/11/27 10:42:28.401063 
[At the start of handleAppendEntriesReply] 🗂 S2 | Term=3 | Role=Leader | CommitIndex=6 | LastApplied=6
[S2] 2025/11/27 10:42:28.401066      📜 Log: 
[S2] 2025/11/27 10:42:28.401068         [0:T0] 
[S2] 2025/11/27 10:42:28.401069         [1:T1] 
[S2] 2025/11/27 10:42:28.401071         [2:T1] 
[S2] 2025/11/27 10:42:28.401073         [3:T1] 
[S2] 2025/11/27 10:42:28.401074         [4:T1] 
[S2] 2025/11/27 10:42:28.401076         [5:T1] 
[S2] 2025/11/27 10:42:28.401078         [6:T1] 
[S2] 2025/11/27 10:42:28.401079         [7:T1] 
[S2] 2025/11/27 10:42:28.401081 
[S2] 2025/11/27 10:42:28.401083      📌 nextIndex:  [8 8 8]
[S2] 2025/11/27 10:42:28.401085      📎 matchIndex: [7 7 7]
[S2] 2025/11/27 10:42:28.401087 ---------------------------------------------------
[S2] 2025/11/27 10:42:28.401089 
[At the end of handleAppendEntriesReply] 🗂 S2 | Term=3 | Role=Leader | CommitIndex=6 | LastApplied=6
[S2] 2025/11/27 10:42:28.401091      📜 Log: 
[S2] 2025/11/27 10:42:28.401092         [0:T0] 
[S2] 2025/11/27 10:42:28.401094         [1:T1] 
[S2] 2025/11/27 10:42:28.401096         [2:T1] 
[S2] 2025/11/27 10:42:28.401097         [3:T1] 
[S2] 2025/11/27 10:42:28.401099         [4:T1] 
[S2] 2025/11/27 10:42:28.401100         [5:T1] 
[S2] 2025/11/27 10:42:28.401102         [6:T1] 
[S2] 2025/11/27 10:42:28.401104         [7:T1] 
[S2] 2025/11/27 10:42:28.401105 
[S2] 2025/11/27 10:42:28.401107      📌 nextIndex:  [8 8 8]
[S2] 2025/11/27 10:42:28.401109      📎 matchIndex: [7 7 7]
[S2] 2025/11/27 10:42:28.401111 ---------------------------------------------------
[S2] 2025/11/27 10:42:28.505084 
[At the start of broadcast] 🗂 S2 | Term=3 | Role=Leader | CommitIndex=6 | LastApplied=6
[S2] 2025/11/27 10:42:28.505143      📜 Log: 
[S2] 2025/11/27 10:42:28.505149         [0:T0] 
[S2] 2025/11/27 10:42:28.505153         [1:T1] 
[S2] 2025/11/27 10:42:28.505154         [2:T1] 
[S2] 2025/11/27 10:42:28.505155         [3:T1] 
[S2] 2025/11/27 10:42:28.505156         [4:T1] 
[S2] 2025/11/27 10:42:28.505157         [5:T1] 
[S2] 2025/11/27 10:42:28.505175         [6:T1] 
[S2] 2025/11/27 10:42:28.505175         [7:T1] 
[S2] 2025/11/27 10:42:28.505176 
[S2] 2025/11/27 10:42:28.505179      📌 nextIndex:  [8 8 8]
[S2] 2025/11/27 10:42:28.505187      📎 matchIndex: [7 7 7]
[S2] 2025/11/27 10:42:28.505188 ---------------------------------------------------
[S2] 2025/11/27 10:42:28.505201 
[At the end of broadcast] 🗂 S2 | Term=3 | Role=Leader | CommitIndex=6 | LastApplied=6
[S2] 2025/11/27 10:42:28.505202      📜 Log: 
[S2] 2025/11/27 10:42:28.505203         [0:T0] 
[S2] 2025/11/27 10:42:28.505204         [1:T1] 
[S2] 2025/11/27 10:42:28.505205         [2:T1] 
[S2] 2025/11/27 10:42:28.505206         [3:T1] 
[S2] 2025/11/27 10:42:28.505206         [4:T1] 
[S2] 2025/11/27 10:42:28.505207         [5:T1] 
[S2] 2025/11/27 10:42:28.505210         [6:T1] 
[S2] 2025/11/27 10:42:28.505211         [7:T1] 
[S2] 2025/11/27 10:42:28.505212 
[S2] 2025/11/27 10:42:28.505213      📌 nextIndex:  [8 8 8]
[S2] 2025/11/27 10:42:28.505216      📎 matchIndex: [7 7 7]
[S2] 2025/11/27 10:42:28.505217 ---------------------------------------------------
[S2] 2025/11/27 10:42:28.505396 
[At the start of handleAppendEntriesReply] 🗂 S2 | Term=3 | Role=Leader | CommitIndex=6 | LastApplied=6
[S2] 2025/11/27 10:42:28.505397      📜 Log: 
[S2] 2025/11/27 10:42:28.505398         [0:T0] 
[S2] 2025/11/27 10:42:28.505399         [1:T1] 
[S2] 2025/11/27 10:42:28.505400         [2:T1] 
[S2] 2025/11/27 10:42:28.505401         [3:T1] 
[S2] 2025/11/27 10:42:28.505402         [4:T1] 
[S2] 2025/11/27 10:42:28.505403         [5:T1] 
[S2] 2025/11/27 10:42:28.505404         [6:T1] 
[S2] 2025/11/27 10:42:28.505405         [7:T1] 
[S2] 2025/11/27 10:42:28.505406 
[S2] 2025/11/27 10:42:28.505408      📌 nextIndex:  [8 8 8]
[S2] 2025/11/27 10:42:28.505409      📎 matchIndex: [7 7 7]
[S2] 2025/11/27 10:42:28.505410 ---------------------------------------------------
[S2] 2025/11/27 10:42:28.505411 
[At the end of handleAppendEntriesReply] 🗂 S2 | Term=3 | Role=Leader | CommitIndex=6 | LastApplied=6
[S2] 2025/11/27 10:42:28.505412      📜 Log: 
[S2] 2025/11/27 10:42:28.505413         [0:T0] 
[S2] 2025/11/27 10:42:28.505415         [1:T1] 
[S2] 2025/11/27 10:42:28.505416         [2:T1] 
[S2] 2025/11/27 10:42:28.505417         [3:T1] 
[S2] 2025/11/27 10:42:28.505417         [4:T1] 
[S2] 2025/11/27 10:42:28.505418         [5:T1] 
[S2] 2025/11/27 10:42:28.505419         [6:T1] 
[S2] 2025/11/27 10:42:28.505420         [7:T1] 
[S2] 2025/11/27 10:42:28.505421 
[S2] 2025/11/27 10:42:28.505422      📌 nextIndex:  [8 8 8]
[S2] 2025/11/27 10:42:28.505423      📎 matchIndex: [7 7 7]
[S2] 2025/11/27 10:42:28.505424 ---------------------------------------------------
[S2] 2025/11/27 10:42:28.505462 
[At the start of handleAppendEntriesReply] 🗂 S2 | Term=3 | Role=Leader | CommitIndex=6 | LastApplied=6
[S2] 2025/11/27 10:42:28.505463      📜 Log: 
[S2] 2025/11/27 10:42:28.505464         [0:T0] 
[S2] 2025/11/27 10:42:28.505465         [1:T1] 
[S2] 2025/11/27 10:42:28.505466         [2:T1] 
[S2] 2025/11/27 10:42:28.505467         [3:T1] 
[S2] 2025/11/27 10:42:28.505467         [4:T1] 
[S2] 2025/11/27 10:42:28.505468         [5:T1] 
[S2] 2025/11/27 10:42:28.505469         [6:T1] 
[S2] 2025/11/27 10:42:28.505470         [7:T1] 
[S2] 2025/11/27 10:42:28.505471 
[S2] 2025/11/27 10:42:28.505472      📌 nextIndex:  [8 8 8]
[S2] 2025/11/27 10:42:28.505474      📎 matchIndex: [7 7 7]
[S2] 2025/11/27 10:42:28.505475 ---------------------------------------------------
[S2] 2025/11/27 10:42:28.505476 
[At the end of handleAppendEntriesReply] 🗂 S2 | Term=3 | Role=Leader | CommitIndex=6 | LastApplied=6
[S2] 2025/11/27 10:42:28.505477      📜 Log: 
[S2] 2025/11/27 10:42:28.505478         [0:T0] 
[S2] 2025/11/27 10:42:28.505478         [1:T1] 
[S2] 2025/11/27 10:42:28.505480         [2:T1] 
[S2] 2025/11/27 10:42:28.505481         [3:T1] 
[S2] 2025/11/27 10:42:28.505482         [4:T1] 
[S2] 2025/11/27 10:42:28.505483         [5:T1] 
[S2] 2025/11/27 10:42:28.505484         [6:T1] 
[S2] 2025/11/27 10:42:28.505484         [7:T1] 
[S2] 2025/11/27 10:42:28.505488 
[S2] 2025/11/27 10:42:28.505489      📌 nextIndex:  [8 8 8]
[S2] 2025/11/27 10:42:28.505490      📎 matchIndex: [7 7 7]
[S2] 2025/11/27 10:42:28.505491 ---------------------------------------------------
[S2] 2025/11/27 10:42:28.611740 
[At the start of broadcast] 🗂 S2 | Term=3 | Role=Leader | CommitIndex=6 | LastApplied=6
[S2] 2025/11/27 10:42:28.611764      📜 Log: 
[S2] 2025/11/27 10:42:28.611767         [0:T0] 
[S2] 2025/11/27 10:42:28.611768         [1:T1] 
[S2] 2025/11/27 10:42:28.611769         [2:T1] 
[S2] 2025/11/27 10:42:28.611770         [3:T1] 
[S2] 2025/11/27 10:42:28.611771         [4:T1] 
[S2] 2025/11/27 10:42:28.611772         [5:T1] 
[S2] 2025/11/27 10:42:28.611773         [6:T1] 
[S2] 2025/11/27 10:42:28.611774         [7:T1] 
[S2] 2025/11/27 10:42:28.611774 
[S2] 2025/11/27 10:42:28.611776      📌 nextIndex:  [8 8 8]
[S2] 2025/11/27 10:42:28.611780      📎 matchIndex: [7 7 7]
[S2] 2025/11/27 10:42:28.611781 ---------------------------------------------------
[S2] 2025/11/27 10:42:28.611786 
[At the end of broadcast] 🗂 S2 | Term=3 | Role=Leader | CommitIndex=6 | LastApplied=6
[S2] 2025/11/27 10:42:28.611787      📜 Log: 
[S2] 2025/11/27 10:42:28.611788         [0:T0] 
[S2] 2025/11/27 10:42:28.611789         [1:T1] 
[S2] 2025/11/27 10:42:28.611790         [2:T1] 
[S2] 2025/11/27 10:42:28.611791         [3:T1] 
[S2] 2025/11/27 10:42:28.611792         [4:T1] 
[S2] 2025/11/27 10:42:28.611793         [5:T1] 
[S2] 2025/11/27 10:42:28.611794         [6:T1] 
[S2] 2025/11/27 10:42:28.611794         [7:T1] 
[S2] 2025/11/27 10:42:28.611795 
[S2] 2025/11/27 10:42:28.611796      📌 nextIndex:  [8 8 8]
[S2] 2025/11/27 10:42:28.611797      📎 matchIndex: [7 7 7]
[S2] 2025/11/27 10:42:28.611799 ---------------------------------------------------
[S2] 2025/11/27 10:42:28.611949 
[At the start of handleAppendEntriesReply] 🗂 S2 | Term=3 | Role=Leader | CommitIndex=6 | LastApplied=6
[S2] 2025/11/27 10:42:28.611950      📜 Log: 
[S2] 2025/11/27 10:42:28.611951         [0:T0] 
[S2] 2025/11/27 10:42:28.611952         [1:T1] 
[S2] 2025/11/27 10:42:28.611953         [2:T1] 
[S2] 2025/11/27 10:42:28.611954         [3:T1] 
[S2] 2025/11/27 10:42:28.611955         [4:T1] 
[S2] 2025/11/27 10:42:28.611956         [5:T1] 
[S2] 2025/11/27 10:42:28.611957         [6:T1] 
[S2] 2025/11/27 10:42:28.611958         [7:T1] 
[S2] 2025/11/27 10:42:28.611958 
[S2] 2025/11/27 10:42:28.611959      📌 nextIndex:  [8 8 8]
[S2] 2025/11/27 10:42:28.611961      📎 matchIndex: [7 7 7]
[S2] 2025/11/27 10:42:28.611962 ---------------------------------------------------
[S2] 2025/11/27 10:42:28.611963 
[At the end of handleAppendEntriesReply] 🗂 S2 | Term=3 | Role=Leader | CommitIndex=6 | LastApplied=6
[S2] 2025/11/27 10:42:28.611964      📜 Log: 
[S2] 2025/11/27 10:42:28.611965         [0:T0] 
[S2] 2025/11/27 10:42:28.611966         [1:T1] 
[S2] 2025/11/27 10:42:28.611967         [2:T1] 
[S2] 2025/11/27 10:42:28.611968         [3:T1] 
[S2] 2025/11/27 10:42:28.611969         [4:T1] 
[S2] 2025/11/27 10:42:28.611971         [5:T1] 
[S2] 2025/11/27 10:42:28.611972         [6:T1] 
[S2] 2025/11/27 10:42:28.611973         [7:T1] 
[S2] 2025/11/27 10:42:28.611974 
[S2] 2025/11/27 10:42:28.611975      📌 nextIndex:  [8 8 8]
[S2] 2025/11/27 10:42:28.611976      📎 matchIndex: [7 7 7]
[S2] 2025/11/27 10:42:28.611978 ---------------------------------------------------
[S2] 2025/11/27 10:42:28.612038 
[At the start of handleAppendEntriesReply] 🗂 S2 | Term=3 | Role=Leader | CommitIndex=6 | LastApplied=6
[S2] 2025/11/27 10:42:28.612042      📜 Log: 
[S2] 2025/11/27 10:42:28.612044         [0:T0] 
[S2] 2025/11/27 10:42:28.612046         [1:T1] 
[S2] 2025/11/27 10:42:28.612048         [2:T1] 
[S2] 2025/11/27 10:42:28.612049         [3:T1] 
[S2] 2025/11/27 10:42:28.612051         [4:T1] 
[S2] 2025/11/27 10:42:28.612053         [5:T1] 
[S2] 2025/11/27 10:42:28.612054         [6:T1] 
[S2] 2025/11/27 10:42:28.612056         [7:T1] 
[S2] 2025/11/27 10:42:28.612058 
[S2] 2025/11/27 10:42:28.612068      📌 nextIndex:  [8 8 8]
[S2] 2025/11/27 10:42:28.612072      📎 matchIndex: [7 7 7]
[S2] 2025/11/27 10:42:28.612074 ---------------------------------------------------
[S2] 2025/11/27 10:42:28.612076 
[At the end of handleAppendEntriesReply] 🗂 S2 | Term=3 | Role=Leader | CommitIndex=6 | LastApplied=6
[S2] 2025/11/27 10:42:28.612078      📜 Log: 
[S2] 2025/11/27 10:42:28.612080         [0:T0] 
[S2] 2025/11/27 10:42:28.612082         [1:T1] 
[S2] 2025/11/27 10:42:28.612083         [2:T1] 
[S2] 2025/11/27 10:42:28.612085         [3:T1] 
[S2] 2025/11/27 10:42:28.612087         [4:T1] 
[S2] 2025/11/27 10:42:28.612088         [5:T1] 
[S2] 2025/11/27 10:42:28.612090         [6:T1] 
[S2] 2025/11/27 10:42:28.612092         [7:T1] 
[S2] 2025/11/27 10:42:28.612093 
[S2] 2025/11/27 10:42:28.612095      📌 nextIndex:  [8 8 8]
[S2] 2025/11/27 10:42:28.612097      📎 matchIndex: [7 7 7]
[S2] 2025/11/27 10:42:28.612099 ---------------------------------------------------
[S2] 2025/11/27 10:42:28.717838 
[At the start of broadcast] 🗂 S2 | Term=3 | Role=Leader | CommitIndex=6 | LastApplied=6
[S2] 2025/11/27 10:42:28.717866      📜 Log: 
[S2] 2025/11/27 10:42:28.717869         [0:T0] 
[S2] 2025/11/27 10:42:28.717871         [1:T1] 
[S2] 2025/11/27 10:42:28.717873         [2:T1] 
[S2] 2025/11/27 10:42:28.717875         [3:T1] 
[S2] 2025/11/27 10:42:28.717876         [4:T1] 
[S2] 2025/11/27 10:42:28.717878         [5:T1] 
[S2] 2025/11/27 10:42:28.717880         [6:T1] 
[S2] 2025/11/27 10:42:28.717881         [7:T1] 
[S2] 2025/11/27 10:42:28.717883 
[S2] 2025/11/27 10:42:28.717885      📌 nextIndex:  [8 8 8]
[S2] 2025/11/27 10:42:28.717891      📎 matchIndex: [7 7 7]
[S2] 2025/11/27 10:42:28.717893 ---------------------------------------------------
[S2] 2025/11/27 10:42:28.717900 
[At the end of broadcast] 🗂 S2 | Term=3 | Role=Leader | CommitIndex=6 | LastApplied=6
[S2] 2025/11/27 10:42:28.717902      📜 Log: 
[S2] 2025/11/27 10:42:28.717904         [0:T0] 
[S2] 2025/11/27 10:42:28.717905         [1:T1] 
[S2] 2025/11/27 10:42:28.717907         [2:T1] 
[S2] 2025/11/27 10:42:28.717909         [3:T1] 
[S2] 2025/11/27 10:42:28.717910         [4:T1] 
[S2] 2025/11/27 10:42:28.717912         [5:T1] 
[S2] 2025/11/27 10:42:28.717914         [6:T1] 
[S2] 2025/11/27 10:42:28.717915         [7:T1] 
[S2] 2025/11/27 10:42:28.717917 
[S2] 2025/11/27 10:42:28.717918      📌 nextIndex:  [8 8 8]
[S2] 2025/11/27 10:42:28.717921      📎 matchIndex: [7 7 7]
[S2] 2025/11/27 10:42:28.717923 ---------------------------------------------------
[S2] 2025/11/27 10:42:28.718131 
[At the start of handleAppendEntriesReply] 🗂 S2 | Term=3 | Role=Leader | CommitIndex=6 | LastApplied=6
[S2] 2025/11/27 10:42:28.718135      📜 Log: 
[S2] 2025/11/27 10:42:28.718138         [0:T0] 
[S2] 2025/11/27 10:42:28.718139         [1:T1] 
[S2] 2025/11/27 10:42:28.718143         [2:T1] 
[S2] 2025/11/27 10:42:28.718144         [3:T1] 
[S2] 2025/11/27 10:42:28.718146         [4:T1] 
[S2] 2025/11/27 10:42:28.718148         [5:T1] 
[S2] 2025/11/27 10:42:28.718149         [6:T1] 
[S2] 2025/11/27 10:42:28.718151         [7:T1] 
[S2] 2025/11/27 10:42:28.718153 
[S2] 2025/11/27 10:42:28.718155      📌 nextIndex:  [8 8 8]
[S2] 2025/11/27 10:42:28.718158      📎 matchIndex: [7 7 7]
[S2] 2025/11/27 10:42:28.718160 ---------------------------------------------------
[S2] 2025/11/27 10:42:28.718162 
[At the end of handleAppendEntriesReply] 🗂 S2 | Term=3 | Role=Leader | CommitIndex=6 | LastApplied=6
[S2] 2025/11/27 10:42:28.718165      📜 Log: 
[S2] 2025/11/27 10:42:28.718166         [0:T0] 
[S2] 2025/11/27 10:42:28.718168         [1:T1] 
[S2] 2025/11/27 10:42:28.718170         [2:T1] 
[S2] 2025/11/27 10:42:28.718171         [3:T1] 
[S2] 2025/11/27 10:42:28.718173         [4:T1] 
[S2] 2025/11/27 10:42:28.718175         [5:T1] 
[S2] 2025/11/27 10:42:28.718176         [6:T1] 
[S2] 2025/11/27 10:42:28.718178         [7:T1] 
[S2] 2025/11/27 10:42:28.718179 
[S2] 2025/11/27 10:42:28.718181      📌 nextIndex:  [8 8 8]
[S2] 2025/11/27 10:42:28.718183      📎 matchIndex: [7 7 7]
[S2] 2025/11/27 10:42:28.718191 ---------------------------------------------------
[S2] 2025/11/27 10:42:28.718196 
[At the start of handleAppendEntriesReply] 🗂 S2 | Term=3 | Role=Leader | CommitIndex=6 | LastApplied=6
[S2] 2025/11/27 10:42:28.718198      📜 Log: 
[S2] 2025/11/27 10:42:28.718200         [0:T0] 
[S2] 2025/11/27 10:42:28.718201         [1:T1] 
[S2] 2025/11/27 10:42:28.718203         [2:T1] 
[S2] 2025/11/27 10:42:28.718205         [3:T1] 
[S2] 2025/11/27 10:42:28.718206         [4:T1] 
[S2] 2025/11/27 10:42:28.718208         [5:T1] 
[S2] 2025/11/27 10:42:28.718210         [6:T1] 
[S2] 2025/11/27 10:42:28.718211         [7:T1] 
[S2] 2025/11/27 10:42:28.718213 
[S2] 2025/11/27 10:42:28.718215      📌 nextIndex:  [8 8 8]
[S2] 2025/11/27 10:42:28.718217      📎 matchIndex: [7 7 7]
[S2] 2025/11/27 10:42:28.718219 ---------------------------------------------------
[S2] 2025/11/27 10:42:28.718221 
[At the end of handleAppendEntriesReply] 🗂 S2 | Term=3 | Role=Leader | CommitIndex=6 | LastApplied=6
[S2] 2025/11/27 10:42:28.718223      📜 Log: 
[S2] 2025/11/27 10:42:28.718225         [0:T0] 
[S2] 2025/11/27 10:42:28.718226         [1:T1] 
[S2] 2025/11/27 10:42:28.718228         [2:T1] 
[S2] 2025/11/27 10:42:28.718229         [3:T1] 
[S2] 2025/11/27 10:42:28.718231         [4:T1] 
[S2] 2025/11/27 10:42:28.718233         [5:T1] 
[S2] 2025/11/27 10:42:28.718234         [6:T1] 
[S2] 2025/11/27 10:42:28.718236         [7:T1] 
[S2] 2025/11/27 10:42:28.718238 
[S2] 2025/11/27 10:42:28.718239      📌 nextIndex:  [8 8 8]
[S2] 2025/11/27 10:42:28.718242      📎 matchIndex: [7 7 7]
[S2] 2025/11/27 10:42:28.718244 ---------------------------------------------------
[S2] 2025/11/27 10:42:28.781973 
[At the start of AppendEntries] 🗂 S2 | Term=4 | Role=Follower | CommitIndex=6 | LastApplied=6
[S2] 2025/11/27 10:42:28.781984      📜 Log: 
[S2] 2025/11/27 10:42:28.781987         [0:T0] 
[S2] 2025/11/27 10:42:28.781989         [1:T1] 
[S2] 2025/11/27 10:42:28.781991         [2:T1] 
[S2] 2025/11/27 10:42:28.781993         [3:T1] 
[S2] 2025/11/27 10:42:28.781995         [4:T1] 
[S2] 2025/11/27 10:42:28.781997         [5:T1] 
[S2] 2025/11/27 10:42:28.781998         [6:T1] 
[S2] 2025/11/27 10:42:28.782000         [7:T1] 
[S2] 2025/11/27 10:42:28.782002 
[S2] 2025/11/27 10:42:28.782004 ---------------------------------------------------
[S2] 2025/11/27 10:42:28.782006 
[At the end of AppendEntries] 🗂 S2 | Term=4 | Role=Follower | CommitIndex=6 | LastApplied=6
[S2] 2025/11/27 10:42:28.782008      📜 Log: 
[S2] 2025/11/27 10:42:28.782010         [0:T0] 
[S2] 2025/11/27 10:42:28.782012         [1:T1] 
[S2] 2025/11/27 10:42:28.782014         [2:T1] 
[S2] 2025/11/27 10:42:28.782016         [3:T1] 
[S2] 2025/11/27 10:42:28.782018         [4:T1] 
[S2] 2025/11/27 10:42:28.782019         [5:T1] 
[S2] 2025/11/27 10:42:28.782021         [6:T1] 
[S2] 2025/11/27 10:42:28.782023         [7:T1] 
[S2] 2025/11/27 10:42:28.782025 
[S2] 2025/11/27 10:42:28.782027 ---------------------------------------------------
[S2] 2025/11/27 10:42:28.886615 
[At the start of AppendEntries] 🗂 S2 | Term=4 | Role=Follower | CommitIndex=6 | LastApplied=6
[S2] 2025/11/27 10:42:28.886630      📜 Log: 
[S2] 2025/11/27 10:42:28.886633         [0:T0] 
[S2] 2025/11/27 10:42:28.886635         [1:T1] 
[S2] 2025/11/27 10:42:28.886636         [2:T1] 
[S2] 2025/11/27 10:42:28.886638         [3:T1] 
[S2] 2025/11/27 10:42:28.886639         [4:T1] 
[S2] 2025/11/27 10:42:28.886641         [5:T1] 
[S2] 2025/11/27 10:42:28.886642         [6:T1] 
[S2] 2025/11/27 10:42:28.886643         [7:T1] 
[S2] 2025/11/27 10:42:28.886644 
[S2] 2025/11/27 10:42:28.886646 ---------------------------------------------------
[S2] 2025/11/27 10:42:28.886648 
[At the end of AppendEntries] 🗂 S2 | Term=4 | Role=Follower | CommitIndex=6 | LastApplied=6
[S2] 2025/11/27 10:42:28.886649      📜 Log: 
[S2] 2025/11/27 10:42:28.886651         [0:T0] 
[S2] 2025/11/27 10:42:28.886652         [1:T1] 
[S2] 2025/11/27 10:42:28.886653         [2:T1] 
[S2] 2025/11/27 10:42:28.886666         [3:T1] 
[S2] 2025/11/27 10:42:28.886668         [4:T1] 
[S2] 2025/11/27 10:42:28.886669         [5:T1] 
[S2] 2025/11/27 10:42:28.886670         [6:T1] 
[S2] 2025/11/27 10:42:28.886672         [7:T1] 
[S2] 2025/11/27 10:42:28.886674 
[S2] 2025/11/27 10:42:28.886675 ---------------------------------------------------
[S2] 2025/11/27 10:42:28.991247 
[At the start of AppendEntries] 🗂 S2 | Term=4 | Role=Follower | CommitIndex=6 | LastApplied=6
[S2] 2025/11/27 10:42:28.991262      📜 Log: 
[S2] 2025/11/27 10:42:28.991263         [0:T0] 
[S2] 2025/11/27 10:42:28.991264         [1:T1] 
[S2] 2025/11/27 10:42:28.991266         [2:T1] 
[S2] 2025/11/27 10:42:28.991267         [3:T1] 
[S2] 2025/11/27 10:42:28.991267         [4:T1] 
[S2] 2025/11/27 10:42:28.991268         [5:T1] 
[S2] 2025/11/27 10:42:28.991269         [6:T1] 
[S2] 2025/11/27 10:42:28.991270         [7:T1] 
[S2] 2025/11/27 10:42:28.991271 
[S2] 2025/11/27 10:42:28.991272 ---------------------------------------------------
[S2] 2025/11/27 10:42:28.991273 
[At the end of AppendEntries] 🗂 S2 | Term=4 | Role=Follower | CommitIndex=6 | LastApplied=6
[S2] 2025/11/27 10:42:28.991275      📜 Log: 
[S2] 2025/11/27 10:42:28.991276         [0:T0] 
[S2] 2025/11/27 10:42:28.991277         [1:T1] 
[S2] 2025/11/27 10:42:28.991278         [2:T1] 
[S2] 2025/11/27 10:42:28.991279         [3:T1] 
[S2] 2025/11/27 10:42:28.991280         [4:T1] 
[S2] 2025/11/27 10:42:28.991280         [5:T1] 
[S2] 2025/11/27 10:42:28.991281         [6:T1] 
[S2] 2025/11/27 10:42:28.991282         [7:T1] 
[S2] 2025/11/27 10:42:28.991283 
[S2] 2025/11/27 10:42:28.991284 ---------------------------------------------------
[S2] 2025/11/27 10:42:29.096651 
[At the start of AppendEntries] 🗂 S2 | Term=4 | Role=Follower | CommitIndex=6 | LastApplied=6
[S2] 2025/11/27 10:42:29.096674      📜 Log: 
[S2] 2025/11/27 10:42:29.096679         [0:T0] 
[S2] 2025/11/27 10:42:29.096684         [1:T1] 
[S2] 2025/11/27 10:42:29.096689         [2:T1] 
[S2] 2025/11/27 10:42:29.096692         [3:T1] 
[S2] 2025/11/27 10:42:29.096694         [4:T1] 
[S2] 2025/11/27 10:42:29.096696         [5:T1] 
[S2] 2025/11/27 10:42:29.096700         [6:T1] 
[S2] 2025/11/27 10:42:29.096703         [7:T1] 
[S2] 2025/11/27 10:42:29.096705 
[S2] 2025/11/27 10:42:29.096707 ---------------------------------------------------
[S2] 2025/11/27 10:42:29.096711 
[At the end of AppendEntries] 🗂 S2 | Term=4 | Role=Follower | CommitIndex=6 | LastApplied=6
[S2] 2025/11/27 10:42:29.096721      📜 Log: 
[S2] 2025/11/27 10:42:29.096727         [0:T0] 
[S2] 2025/11/27 10:42:29.096732         [1:T1] 
[S2] 2025/11/27 10:42:29.096734         [2:T1] 
[S2] 2025/11/27 10:42:29.096736         [3:T1] 
[S2] 2025/11/27 10:42:29.096738         [4:T1] 
[S2] 2025/11/27 10:42:29.096740         [5:T1] 
[S2] 2025/11/27 10:42:29.096742         [6:T1] 
[S2] 2025/11/27 10:42:29.096743         [7:T1] 
[S2] 2025/11/27 10:42:29.096745 
[S2] 2025/11/27 10:42:29.096747 ---------------------------------------------------
[S2] 2025/11/27 10:42:29.201559 
[At the start of AppendEntries] 🗂 S2 | Term=4 | Role=Follower | CommitIndex=6 | LastApplied=6
[S2] 2025/11/27 10:42:29.201573      📜 Log: 
[S2] 2025/11/27 10:42:29.201575         [0:T0] 
[S2] 2025/11/27 10:42:29.201577         [1:T1] 
[S2] 2025/11/27 10:42:29.201579         [2:T1] 
[S2] 2025/11/27 10:42:29.201581         [3:T1] 
[S2] 2025/11/27 10:42:29.201583         [4:T1] 
[S2] 2025/11/27 10:42:29.201585         [5:T1] 
[S2] 2025/11/27 10:42:29.201587         [6:T1] 
[S2] 2025/11/27 10:42:29.201589         [7:T1] 
[S2] 2025/11/27 10:42:29.201591 
[S2] 2025/11/27 10:42:29.201593 ---------------------------------------------------
[S2] 2025/11/27 10:42:29.201598 
[At the end of AppendEntries] 🗂 S2 | Term=4 | Role=Follower | CommitIndex=6 | LastApplied=6
[S2] 2025/11/27 10:42:29.201602      📜 Log: 
[S2] 2025/11/27 10:42:29.201604         [0:T0] 
[S2] 2025/11/27 10:42:29.201605         [1:T1] 
[S2] 2025/11/27 10:42:29.201607         [2:T1] 
[S2] 2025/11/27 10:42:29.201609         [3:T1] 
[S2] 2025/11/27 10:42:29.201619         [4:T1] 
[S2] 2025/11/27 10:42:29.201633         [5:T1] 
[S2] 2025/11/27 10:42:29.201639         [6:T1] 
[S2] 2025/11/27 10:42:29.201641         [7:T1] 
[S2] 2025/11/27 10:42:29.201643 
[S2] 2025/11/27 10:42:29.201645 ---------------------------------------------------
