[S0] 2025/11/27 11:02:15.266379 
[At the start of applier] 🗂 S0 | Term=21 | Role=Follower | CommitIndex=0 | LastApplied=0
[S0] 2025/11/27 11:02:15.266440      📜 Log: 
[S0] 2025/11/27 11:02:15.266444         [0:T0] 
[S0] 2025/11/27 11:02:15.266448         [1:T1] 
[S0] 2025/11/27 11:02:15.266449         [2:T2] 
[S0] 2025/11/27 11:02:15.266450         [3:T6] 
[S0] 2025/11/27 11:02:15.266451         [4:T6] 
[S0] 2025/11/27 11:02:15.266453         [5:T7] 
[S0] 2025/11/27 11:02:15.266454         [6:T10] 
[S0] 2025/11/27 11:02:15.266455         [7:T10] 
[S0] 2025/11/27 11:02:15.266457         [8:T11] 
[S0] 2025/11/27 11:02:15.266458         [9:T16] 
[S0] 2025/11/27 11:02:15.266459         [10:T16] 
[S0] 2025/11/27 11:02:15.266461         [11:T16] 
[S0] 2025/11/27 11:02:15.266462         [12:T20] 
[S0] 2025/11/27 11:02:15.266463         [13:T20] 
[S0] 2025/11/27 11:02:15.266465 
[S0] 2025/11/27 11:02:15.266468 ---------------------------------------------------
[S0] 2025/11/27 11:02:16.023345 
[At the start of startElection] 🗂 S0 | Term=21 | Role=Follower | CommitIndex=0 | LastApplied=0
[S0] 2025/11/27 11:02:16.023380      📜 Log: 
[S0] 2025/11/27 11:02:16.023382         [0:T0] 
[S0] 2025/11/27 11:02:16.023384         [1:T1] 
[S0] 2025/11/27 11:02:16.023385         [2:T2] 
[S0] 2025/11/27 11:02:16.023386         [3:T6] 
[S0] 2025/11/27 11:02:16.023388         [4:T6] 
[S0] 2025/11/27 11:02:16.023389         [5:T7] 
[S0] 2025/11/27 11:02:16.023390         [6:T10] 
[S0] 2025/11/27 11:02:16.023392         [7:T10] 
[S0] 2025/11/27 11:02:16.023393         [8:T11] 
[S0] 2025/11/27 11:02:16.023394         [9:T16] 
[S0] 2025/11/27 11:02:16.023395         [10:T16] 
[S0] 2025/11/27 11:02:16.023397         [11:T16] 
[S0] 2025/11/27 11:02:16.023398         [12:T20] 
[S0] 2025/11/27 11:02:16.023399         [13:T20] 
[S0] 2025/11/27 11:02:16.023400 
[S0] 2025/11/27 11:02:16.023402 ---------------------------------------------------
[S0] 2025/11/27 11:02:16.023442 
[At the end of startElection] 🗂 S0 | Term=22 | Role=Candidate | CommitIndex=0 | LastApplied=0
[S0] 2025/11/27 11:02:16.023444      📜 Log: 
[S0] 2025/11/27 11:02:16.023445         [0:T0] 
[S0] 2025/11/27 11:02:16.023446         [1:T1] 
[S0] 2025/11/27 11:02:16.023448         [2:T2] 
[S0] 2025/11/27 11:02:16.023449         [3:T6] 
[S0] 2025/11/27 11:02:16.023450         [4:T6] 
[S0] 2025/11/27 11:02:16.023451         [5:T7] 
[S0] 2025/11/27 11:02:16.023453         [6:T10] 
[S0] 2025/11/27 11:02:16.023454         [7:T10] 
[S0] 2025/11/27 11:02:16.023455         [8:T11] 
[S0] 2025/11/27 11:02:16.023456         [9:T16] 
[S0] 2025/11/27 11:02:16.023457         [10:T16] 
[S0] 2025/11/27 11:02:16.023459         [11:T16] 
[S0] 2025/11/27 11:02:16.023460         [12:T20] 
[S0] 2025/11/27 11:02:16.023461         [13:T20] 
[S0] 2025/11/27 11:02:16.023462 
[S0] 2025/11/27 11:02:16.023463 ---------------------------------------------------
[S0] 2025/11/27 11:02:16.645416 
[At the start of startElection] 🗂 S0 | Term=22 | Role=Candidate | CommitIndex=0 | LastApplied=0
[S0] 2025/11/27 11:02:16.645456      📜 Log: 
[S0] 2025/11/27 11:02:16.645461         [0:T0] 
[S0] 2025/11/27 11:02:16.645464         [1:T1] 
[S0] 2025/11/27 11:02:16.645467         [2:T2] 
[S0] 2025/11/27 11:02:16.645469         [3:T6] 
[S0] 2025/11/27 11:02:16.645472         [4:T6] 
[S0] 2025/11/27 11:02:16.645474         [5:T7] 
[S0] 2025/11/27 11:02:16.645477         [6:T10] 
[S0] 2025/11/27 11:02:16.645479         [7:T10] 
[S0] 2025/11/27 11:02:16.645481         [8:T11] 
[S0] 2025/11/27 11:02:16.645484         [9:T16] 
[S0] 2025/11/27 11:02:16.645486         [10:T16] 
[S0] 2025/11/27 11:02:16.645488         [11:T16] 
[S0] 2025/11/27 11:02:16.645491         [12:T20] 
[S0] 2025/11/27 11:02:16.645493         [13:T20] 
[S0] 2025/11/27 11:02:16.645495 
[S0] 2025/11/27 11:02:16.645498 ---------------------------------------------------
[S0] 2025/11/27 11:02:16.645560 
[At the end of startElection] 🗂 S0 | Term=23 | Role=Candidate | CommitIndex=0 | LastApplied=0
[S0] 2025/11/27 11:02:16.645565      📜 Log: 
[S0] 2025/11/27 11:02:16.645568         [0:T0] 
[S0] 2025/11/27 11:02:16.645581         [1:T1] 
[S0] 2025/11/27 11:02:16.645583         [2:T2] 
[S0] 2025/11/27 11:02:16.645584         [3:T6] 
[S0] 2025/11/27 11:02:16.645586         [4:T6] 
[S0] 2025/11/27 11:02:16.645588         [5:T7] 
[S0] 2025/11/27 11:02:16.645589         [6:T10] 
[S0] 2025/11/27 11:02:16.645591         [7:T10] 
[S0] 2025/11/27 11:02:16.645593         [8:T11] 
[S0] 2025/11/27 11:02:16.645594         [9:T16] 
[S0] 2025/11/27 11:02:16.645596         [10:T16] 
[S0] 2025/11/27 11:02:16.645598         [11:T16] 
[S0] 2025/11/27 11:02:16.645599         [12:T20] 
[S0] 2025/11/27 11:02:16.645601         [13:T20] 
[S0] 2025/11/27 11:02:16.645602 
[S0] 2025/11/27 11:02:16.645604 ---------------------------------------------------
[S0] 2025/11/27 11:02:17.367896 
[At the start of AppendEntries] 🗂 S0 | Term=24 | Role=Follower | CommitIndex=0 | LastApplied=0
[S0] 2025/11/27 11:02:17.367939      📜 Log: 
[S0] 2025/11/27 11:02:17.367944         [0:T0] 
[S0] 2025/11/27 11:02:17.367948         [1:T1] 
[S0] 2025/11/27 11:02:17.367951         [2:T2] 
[S0] 2025/11/27 11:02:17.367953         [3:T6] 
[S0] 2025/11/27 11:02:17.367955         [4:T6] 
[S0] 2025/11/27 11:02:17.367957         [5:T7] 
[S0] 2025/11/27 11:02:17.367959         [6:T10] 
[S0] 2025/11/27 11:02:17.367961         [7:T10] 
[S0] 2025/11/27 11:02:17.367963         [8:T11] 
[S0] 2025/11/27 11:02:17.367965         [9:T16] 
[S0] 2025/11/27 11:02:17.367967         [10:T16] 
[S0] 2025/11/27 11:02:17.367969         [11:T16] 
[S0] 2025/11/27 11:02:17.367972         [12:T20] 
[S0] 2025/11/27 11:02:17.367974         [13:T20] 
[S0] 2025/11/27 11:02:17.367976 
[S0] 2025/11/27 11:02:17.367978 ---------------------------------------------------
[S0] 2025/11/27 11:02:17.380991 
[At the start of AppendEntries] 🗂 S0 | Term=24 | Role=Follower | CommitIndex=0 | LastApplied=0
[S0] 2025/11/27 11:02:17.381004      📜 Log: 
[S0] 2025/11/27 11:02:17.381006         [0:T0] 
[S0] 2025/11/27 11:02:17.381007         [1:T1] 
[S0] 2025/11/27 11:02:17.381008         [2:T2] 
[S0] 2025/11/27 11:02:17.381009         [3:T6] 
[S0] 2025/11/27 11:02:17.381010         [4:T6] 
[S0] 2025/11/27 11:02:17.381012         [5:T7] 
[S0] 2025/11/27 11:02:17.381013         [6:T10] 
[S0] 2025/11/27 11:02:17.381014         [7:T10] 
[S0] 2025/11/27 11:02:17.381015         [8:T11] 
[S0] 2025/11/27 11:02:17.381016         [9:T16] 
[S0] 2025/11/27 11:02:17.381018         [10:T16] 
[S0] 2025/11/27 11:02:17.381019         [11:T16] 
[S0] 2025/11/27 11:02:17.381020         [12:T20] 
[S0] 2025/11/27 11:02:17.381022         [13:T20] 
[S0] 2025/11/27 11:02:17.381023 
[S0] 2025/11/27 11:02:17.381024 ---------------------------------------------------
[S0] 2025/11/27 11:02:17.381037 
[At the end of AppendEntries] 🗂 S0 | Term=24 | Role=Follower | CommitIndex=0 | LastApplied=0
[S0] 2025/11/27 11:02:17.381038      📜 Log: 
[S0] 2025/11/27 11:02:17.381039         [0:T0] 
[S0] 2025/11/27 11:02:17.381040         [1:T1] 
[S0] 2025/11/27 11:02:17.381041         [2:T2] 
[S0] 2025/11/27 11:02:17.381042         [3:T6] 
[S0] 2025/11/27 11:02:17.381043         [4:T6] 
[S0] 2025/11/27 11:02:17.381045         [5:T7] 
[S0] 2025/11/27 11:02:17.381046         [6:T10] 
[S0] 2025/11/27 11:02:17.381047         [7:T10] 
[S0] 2025/11/27 11:02:17.381048         [8:T11] 
[S0] 2025/11/27 11:02:17.381049         [9:T16] 
[S0] 2025/11/27 11:02:17.381050         [10:T16] 
[S0] 2025/11/27 11:02:17.381051         [11:T16] 
[S0] 2025/11/27 11:02:17.381052         [12:T20] 
[S0] 2025/11/27 11:02:17.381054         [13:T20] 
[S0] 2025/11/27 11:02:17.381055         [14:T21] 
[S0] 2025/11/27 11:02:17.381056         [15:T24] 
[S0] 2025/11/27 11:02:17.381057 
[S0] 2025/11/27 11:02:17.381058 ---------------------------------------------------
[S0] 2025/11/27 11:02:17.474169 
[At the start of AppendEntries] 🗂 S0 | Term=24 | Role=Follower | CommitIndex=0 | LastApplied=0
[S0] 2025/11/27 11:02:17.474177      📜 Log: 
[S0] 2025/11/27 11:02:17.474180         [0:T0] 
[S0] 2025/11/27 11:02:17.474181         [1:T1] 
[S0] 2025/11/27 11:02:17.474192         [2:T2] 
[S0] 2025/11/27 11:02:17.474194         [3:T6] 
[S0] 2025/11/27 11:02:17.474196         [4:T6] 
[S0] 2025/11/27 11:02:17.474197         [5:T7] 
[S0] 2025/11/27 11:02:17.474199         [6:T10] 
[S0] 2025/11/27 11:02:17.474201         [7:T10] 
[S0] 2025/11/27 11:02:17.474203         [8:T11] 
[S0] 2025/11/27 11:02:17.474204         [9:T16] 
[S0] 2025/11/27 11:02:17.474206         [10:T16] 
[S0] 2025/11/27 11:02:17.474208         [11:T16] 
[S0] 2025/11/27 11:02:17.474209         [12:T20] 
[S0] 2025/11/27 11:02:17.474211         [13:T20] 
[S0] 2025/11/27 11:02:17.474213         [14:T21] 
[S0] 2025/11/27 11:02:17.474214         [15:T24] 
[S0] 2025/11/27 11:02:17.474216 
[S0] 2025/11/27 11:02:17.474218 ---------------------------------------------------
[S0] 2025/11/27 11:02:17.474222 
[At the end of AppendEntries] 🗂 S0 | Term=24 | Role=Follower | CommitIndex=15 | LastApplied=0
[S0] 2025/11/27 11:02:17.474224      📜 Log: 
[S0] 2025/11/27 11:02:17.474226         [0:T0] 
[S0] 2025/11/27 11:02:17.474228         [1:T1] 
[S0] 2025/11/27 11:02:17.474229         [2:T2] 
[S0] 2025/11/27 11:02:17.474231         [3:T6] 
[S0] 2025/11/27 11:02:17.474232         [4:T6] 
[S0] 2025/11/27 11:02:17.474234         [5:T7] 
[S0] 2025/11/27 11:02:17.474236         [6:T10] 
[S0] 2025/11/27 11:02:17.474237         [7:T10] 
[S0] 2025/11/27 11:02:17.474239         [8:T11] 
[S0] 2025/11/27 11:02:17.474240         [9:T16] 
[S0] 2025/11/27 11:02:17.474242         [10:T16] 
[S0] 2025/11/27 11:02:17.474244         [11:T16] 
[S0] 2025/11/27 11:02:17.474245         [12:T20] 
[S0] 2025/11/27 11:02:17.474247         [13:T20] 
[S0] 2025/11/27 11:02:17.474251         [14:T21] 
[S0] 2025/11/27 11:02:17.474253         [15:T24] 
[S0] 2025/11/27 11:02:17.474255 
[S0] 2025/11/27 11:02:17.474256 ---------------------------------------------------
[S0] 2025/11/27 11:02:17.484569 
[At the start of AppendEntries] 🗂 S0 | Term=24 | Role=Follower | CommitIndex=15 | LastApplied=15
[S0] 2025/11/27 11:02:17.484597      📜 Log: 
[S0] 2025/11/27 11:02:17.484602         [0:T0] 
[S0] 2025/11/27 11:02:17.484606         [1:T1] 
[S0] 2025/11/27 11:02:17.484612         [2:T2] 
[S0] 2025/11/27 11:02:17.484618         [3:T6] 
[S0] 2025/11/27 11:02:17.484627         [4:T6] 
[S0] 2025/11/27 11:02:17.484636         [5:T7] 
[S0] 2025/11/27 11:02:17.484640         [6:T10] 
[S0] 2025/11/27 11:02:17.484643         [7:T10] 
[S0] 2025/11/27 11:02:17.484646         [8:T11] 
[S0] 2025/11/27 11:02:17.484650         [9:T16] 
[S0] 2025/11/27 11:02:17.484656         [10:T16] 
[S0] 2025/11/27 11:02:17.484660         [11:T16] 
[S0] 2025/11/27 11:02:17.484666         [12:T20] 
[S0] 2025/11/27 11:02:17.484671         [13:T20] 
[S0] 2025/11/27 11:02:17.484672         [14:T21] 
[S0] 2025/11/27 11:02:17.484676         [15:T24] 
[S0] 2025/11/27 11:02:17.484678 
[S0] 2025/11/27 11:02:17.484680 ---------------------------------------------------
[S0] 2025/11/27 11:02:17.484716 
[At the end of AppendEntries] 🗂 S0 | Term=24 | Role=Follower | CommitIndex=15 | LastApplied=15
[S0] 2025/11/27 11:02:17.484721      📜 Log: 
[S0] 2025/11/27 11:02:17.484724         [0:T0] 
[S0] 2025/11/27 11:02:17.484726         [1:T1] 
[S0] 2025/11/27 11:02:17.484728         [2:T2] 
[S0] 2025/11/27 11:02:17.484730         [3:T6] 
[S0] 2025/11/27 11:02:17.484734         [4:T6] 
[S0] 2025/11/27 11:02:17.484736         [5:T7] 
[S0] 2025/11/27 11:02:17.484740         [6:T10] 
[S0] 2025/11/27 11:02:17.484741         [7:T10] 
[S0] 2025/11/27 11:02:17.484746         [8:T11] 
[S0] 2025/11/27 11:02:17.484748         [9:T16] 
[S0] 2025/11/27 11:02:17.484751         [10:T16] 
[S0] 2025/11/27 11:02:17.484757         [11:T16] 
[S0] 2025/11/27 11:02:17.484760         [12:T20] 
[S0] 2025/11/27 11:02:17.484762         [13:T20] 
[S0] 2025/11/27 11:02:17.484765         [14:T21] 
[S0] 2025/11/27 11:02:17.484767         [15:T24] 
[S0] 2025/11/27 11:02:17.484769         [16:T24] 
[S0] 2025/11/27 11:02:17.484772 
[S0] 2025/11/27 11:02:17.484773 ---------------------------------------------------
[S0] 2025/11/27 11:02:17.580172 
[At the start of AppendEntries] 🗂 S0 | Term=24 | Role=Follower | CommitIndex=15 | LastApplied=15
[S0] 2025/11/27 11:02:17.580187      📜 Log: 
[S0] 2025/11/27 11:02:17.580191         [0:T0] 
[S0] 2025/11/27 11:02:17.580194         [1:T1] 
[S0] 2025/11/27 11:02:17.580199         [2:T2] 
[S0] 2025/11/27 11:02:17.580201         [3:T6] 
[S0] 2025/11/27 11:02:17.580203         [4:T6] 
[S0] 2025/11/27 11:02:17.580205         [5:T7] 
[S0] 2025/11/27 11:02:17.580207         [6:T10] 
[S0] 2025/11/27 11:02:17.580209         [7:T10] 
[S0] 2025/11/27 11:02:17.580211         [8:T11] 
[S0] 2025/11/27 11:02:17.580215         [9:T16] 
[S0] 2025/11/27 11:02:17.580218         [10:T16] 
[S0] 2025/11/27 11:02:17.580220         [11:T16] 
[S0] 2025/11/27 11:02:17.580222         [12:T20] 
[S0] 2025/11/27 11:02:17.580224         [13:T20] 
[S0] 2025/11/27 11:02:17.580226         [14:T21] 
[S0] 2025/11/27 11:02:17.580228         [15:T24] 
[S0] 2025/11/27 11:02:17.580230         [16:T24] 
[S0] 2025/11/27 11:02:17.580232 
[S0] 2025/11/27 11:02:17.580234 ---------------------------------------------------
[S0] 2025/11/27 11:02:17.580238 
[At the end of AppendEntries] 🗂 S0 | Term=24 | Role=Follower | CommitIndex=16 | LastApplied=15
[S0] 2025/11/27 11:02:17.580241      📜 Log: 
[S0] 2025/11/27 11:02:17.580242         [0:T0] 
[S0] 2025/11/27 11:02:17.580244         [1:T1] 
[S0] 2025/11/27 11:02:17.580246         [2:T2] 
[S0] 2025/11/27 11:02:17.580249         [3:T6] 
[S0] 2025/11/27 11:02:17.580251         [4:T6] 
[S0] 2025/11/27 11:02:17.580254         [5:T7] 
[S0] 2025/11/27 11:02:17.580256         [6:T10] 
[S0] 2025/11/27 11:02:17.580258         [7:T10] 
[S0] 2025/11/27 11:02:17.580261         [8:T11] 
[S0] 2025/11/27 11:02:17.580264         [9:T16] 
[S0] 2025/11/27 11:02:17.580266         [10:T16] 
[S0] 2025/11/27 11:02:17.580268         [11:T16] 
[S0] 2025/11/27 11:02:17.580271         [12:T20] 
[S0] 2025/11/27 11:02:17.580273         [13:T20] 
[S0] 2025/11/27 11:02:17.580275         [14:T21] 
[S0] 2025/11/27 11:02:17.580277         [15:T24] 
[S0] 2025/11/27 11:02:17.580279         [16:T24] 
[S0] 2025/11/27 11:02:17.580281 
[S0] 2025/11/27 11:02:17.580284 ---------------------------------------------------
