[S6] 2025/11/27 09:19:11.022983 
[At the start of applier] 🗂 S6 | Term=0 | Role=Follower | CommitIndex=0 | LastApplied=0
[S6] 2025/11/27 09:19:11.022989      📜 Log: 
[S6] 2025/11/27 09:19:11.022990         [0:T0] 
[S6] 2025/11/27 09:19:11.022992 
[S6] 2025/11/27 09:19:11.022993 ---------------------------------------------------
[S6] 2025/11/27 09:19:11.033050 
[At the start of startElection] 🗂 S6 | Term=0 | Role=Follower | CommitIndex=0 | LastApplied=0
[S6] 2025/11/27 09:19:11.033141      📜 Log: 
[S6] 2025/11/27 09:19:11.033146         [0:T0] 
[S6] 2025/11/27 09:19:11.033148 
[S6] 2025/11/27 09:19:11.033150 ---------------------------------------------------
[S6] 2025/11/27 09:19:11.033254 
[At the end of startElection] 🗂 S6 | Term=1 | Role=Candidate | CommitIndex=0 | LastApplied=0
[S6] 2025/11/27 09:19:11.033265      📜 Log: 
[S6] 2025/11/27 09:19:11.033269         [0:T0] 
[S6] 2025/11/27 09:19:11.033270 
[S6] 2025/11/27 09:19:11.033274 ---------------------------------------------------
[S6] 2025/11/27 09:19:11.604262 
[At the start of AppendEntries] 🗂 S6 | Term=2 | Role=Follower | CommitIndex=0 | LastApplied=0
[S6] 2025/11/27 09:19:11.604280      📜 Log: 
[S6] 2025/11/27 09:19:11.604288         [0:T0] 
[S6] 2025/11/27 09:19:11.604294 
[S6] 2025/11/27 09:19:11.604300 ---------------------------------------------------
[S6] 2025/11/27 09:19:11.604309 
[At the end of AppendEntries] 🗂 S6 | Term=2 | Role=Follower | CommitIndex=0 | LastApplied=0
[S6] 2025/11/27 09:19:11.604316      📜 Log: 
[S6] 2025/11/27 09:19:11.604322         [0:T0] 
[S6] 2025/11/27 09:19:11.604328 
[S6] 2025/11/27 09:19:11.604336 ---------------------------------------------------
[S6] 2025/11/27 09:19:11.706899 
[At the start of AppendEntries] 🗂 S6 | Term=2 | Role=Follower | CommitIndex=0 | LastApplied=0
[S6] 2025/11/27 09:19:11.706911      📜 Log: 
[S6] 2025/11/27 09:19:11.706914         [0:T0] 
[S6] 2025/11/27 09:19:11.706917 
[S6] 2025/11/27 09:19:11.706919 ---------------------------------------------------
[S6] 2025/11/27 09:19:11.706922 
[At the end of AppendEntries] 🗂 S6 | Term=2 | Role=Follower | CommitIndex=0 | LastApplied=0
[S6] 2025/11/27 09:19:11.706924      📜 Log: 
[S6] 2025/11/27 09:19:11.706929         [0:T0] 
[S6] 2025/11/27 09:19:11.706931 
[S6] 2025/11/27 09:19:11.706932 ---------------------------------------------------
[S6] 2025/11/27 09:19:11.811252 
[At the start of AppendEntries] 🗂 S6 | Term=2 | Role=Follower | CommitIndex=0 | LastApplied=0
[S6] 2025/11/27 09:19:11.811256      📜 Log: 
[S6] 2025/11/27 09:19:11.811256         [0:T0] 
[S6] 2025/11/27 09:19:11.811257 
[S6] 2025/11/27 09:19:11.811258 ---------------------------------------------------
[S6] 2025/11/27 09:19:11.811260 
[At the end of AppendEntries] 🗂 S6 | Term=2 | Role=Follower | CommitIndex=0 | LastApplied=0
[S6] 2025/11/27 09:19:11.811261      📜 Log: 
[S6] 2025/11/27 09:19:11.811262         [0:T0] 
[S6] 2025/11/27 09:19:11.811263 
[S6] 2025/11/27 09:19:11.811264 ---------------------------------------------------
[S6] 2025/11/27 09:19:11.914798 
[At the start of AppendEntries] 🗂 S6 | Term=2 | Role=Follower | CommitIndex=0 | LastApplied=0
[S6] 2025/11/27 09:19:11.914822      📜 Log: 
[S6] 2025/11/27 09:19:11.914826         [0:T0] 
[S6] 2025/11/27 09:19:11.914830 
[S6] 2025/11/27 09:19:11.914833 ---------------------------------------------------
[S6] 2025/11/27 09:19:11.914838 
[At the end of AppendEntries] 🗂 S6 | Term=2 | Role=Follower | CommitIndex=0 | LastApplied=0
[S6] 2025/11/27 09:19:11.914845      📜 Log: 
[S6] 2025/11/27 09:19:11.914850         [0:T0] 
[S6] 2025/11/27 09:19:11.914854 
[S6] 2025/11/27 09:19:11.914857 ---------------------------------------------------
[S6] 2025/11/27 09:19:12.018394 
[At the start of AppendEntries] 🗂 S6 | Term=2 | Role=Follower | CommitIndex=0 | LastApplied=0
[S6] 2025/11/27 09:19:12.018428      📜 Log: 
[S6] 2025/11/27 09:19:12.018435         [0:T0] 
[S6] 2025/11/27 09:19:12.018440 
[S6] 2025/11/27 09:19:12.018445 ---------------------------------------------------
[S6] 2025/11/27 09:19:12.018484 
[At the end of AppendEntries] 🗂 S6 | Term=2 | Role=Follower | CommitIndex=0 | LastApplied=0
[S6] 2025/11/27 09:19:12.018493      📜 Log: 
[S6] 2025/11/27 09:19:12.018498         [0:T0] 
[S6] 2025/11/27 09:19:12.018503 
[S6] 2025/11/27 09:19:12.018509 ---------------------------------------------------
[S6] 2025/11/27 09:19:12.120461 
[At the start of AppendEntries] 🗂 S6 | Term=2 | Role=Follower | CommitIndex=0 | LastApplied=0
[S6] 2025/11/27 09:19:12.120469      📜 Log: 
[S6] 2025/11/27 09:19:12.120471         [0:T0] 
[S6] 2025/11/27 09:19:12.120473 
[S6] 2025/11/27 09:19:12.120474 ---------------------------------------------------
[S6] 2025/11/27 09:19:12.120477 
[At the end of AppendEntries] 🗂 S6 | Term=2 | Role=Follower | CommitIndex=0 | LastApplied=0
[S6] 2025/11/27 09:19:12.120480      📜 Log: 
[S6] 2025/11/27 09:19:12.120481         [0:T0] 
[S6] 2025/11/27 09:19:12.120483 
[S6] 2025/11/27 09:19:12.120484 ---------------------------------------------------
[S6] 2025/11/27 09:19:12.223188 
[At the start of AppendEntries] 🗂 S6 | Term=2 | Role=Follower | CommitIndex=0 | LastApplied=0
[S6] 2025/11/27 09:19:12.223221      📜 Log: 
[S6] 2025/11/27 09:19:12.223230         [0:T0] 
[S6] 2025/11/27 09:19:12.223236 
[S6] 2025/11/27 09:19:12.223242 ---------------------------------------------------
[S6] 2025/11/27 09:19:12.223251 
[At the end of AppendEntries] 🗂 S6 | Term=2 | Role=Follower | CommitIndex=0 | LastApplied=0
[S6] 2025/11/27 09:19:12.223258      📜 Log: 
[S6] 2025/11/27 09:19:12.223263         [0:T0] 
[S6] 2025/11/27 09:19:12.223269 
[S6] 2025/11/27 09:19:12.223274 ---------------------------------------------------
[S6] 2025/11/27 09:19:12.325828 
[At the start of AppendEntries] 🗂 S6 | Term=2 | Role=Follower | CommitIndex=0 | LastApplied=0
[S6] 2025/11/27 09:19:12.325863      📜 Log: 
[S6] 2025/11/27 09:19:12.325874         [0:T0] 
[S6] 2025/11/27 09:19:12.325882 
[S6] 2025/11/27 09:19:12.325891 ---------------------------------------------------
[S6] 2025/11/27 09:19:12.325903 
[At the end of AppendEntries] 🗂 S6 | Term=2 | Role=Follower | CommitIndex=0 | LastApplied=0
[S6] 2025/11/27 09:19:12.325916      📜 Log: 
[S6] 2025/11/27 09:19:12.325924         [0:T0] 
[S6] 2025/11/27 09:19:12.325933 
[S6] 2025/11/27 09:19:12.325943 ---------------------------------------------------
[S6] 2025/11/27 09:19:12.429354 
[At the start of AppendEntries] 🗂 S6 | Term=2 | Role=Follower | CommitIndex=0 | LastApplied=0
[S6] 2025/11/27 09:19:12.429452      📜 Log: 
[S6] 2025/11/27 09:19:12.429467         [0:T0] 
[S6] 2025/11/27 09:19:12.429475 
[S6] 2025/11/27 09:19:12.429481 ---------------------------------------------------
[S6] 2025/11/27 09:19:12.429492 
[At the end of AppendEntries] 🗂 S6 | Term=2 | Role=Follower | CommitIndex=0 | LastApplied=0
[S6] 2025/11/27 09:19:12.429500      📜 Log: 
[S6] 2025/11/27 09:19:12.429506         [0:T0] 
[S6] 2025/11/27 09:19:12.429513 
[S6] 2025/11/27 09:19:12.429519 ---------------------------------------------------
[S6] 2025/11/27 09:19:12.544107 
[At the start of AppendEntries] 🗂 S6 | Term=3 | Role=Follower | CommitIndex=0 | LastApplied=0
[S6] 2025/11/27 09:19:12.544172      📜 Log: 
[S6] 2025/11/27 09:19:12.544182         [0:T0] 
[S6] 2025/11/27 09:19:12.544190 
[S6] 2025/11/27 09:19:12.544197 ---------------------------------------------------
[S6] 2025/11/27 09:19:12.544209 
[At the end of AppendEntries] 🗂 S6 | Term=3 | Role=Follower | CommitIndex=0 | LastApplied=0
[S6] 2025/11/27 09:19:12.544218      📜 Log: 
[S6] 2025/11/27 09:19:12.544225         [0:T0] 
[S6] 2025/11/27 09:19:12.544233 
[S6] 2025/11/27 09:19:12.544243 ---------------------------------------------------
[S6] 2025/11/27 09:19:12.645813 
[At the start of AppendEntries] 🗂 S6 | Term=3 | Role=Follower | CommitIndex=0 | LastApplied=0
[S6] 2025/11/27 09:19:12.645832      📜 Log: 
[S6] 2025/11/27 09:19:12.645837         [0:T0] 
[S6] 2025/11/27 09:19:12.645843 
[S6] 2025/11/27 09:19:12.645848 ---------------------------------------------------
[S6] 2025/11/27 09:19:12.645877 
[At the end of AppendEntries] 🗂 S6 | Term=3 | Role=Follower | CommitIndex=0 | LastApplied=0
[S6] 2025/11/27 09:19:12.645884      📜 Log: 
[S6] 2025/11/27 09:19:12.645889         [0:T0] 
[S6] 2025/11/27 09:19:12.645895 
[S6] 2025/11/27 09:19:12.645900 ---------------------------------------------------
[S6] 2025/11/27 09:19:12.749317 
[At the start of AppendEntries] 🗂 S6 | Term=3 | Role=Follower | CommitIndex=0 | LastApplied=0
[S6] 2025/11/27 09:19:12.749327      📜 Log: 
[S6] 2025/11/27 09:19:12.749329         [0:T0] 
[S6] 2025/11/27 09:19:12.749331 
[S6] 2025/11/27 09:19:12.749333 ---------------------------------------------------
[S6] 2025/11/27 09:19:12.749336 
[At the end of AppendEntries] 🗂 S6 | Term=3 | Role=Follower | CommitIndex=0 | LastApplied=0
[S6] 2025/11/27 09:19:12.749339      📜 Log: 
[S6] 2025/11/27 09:19:12.749341         [0:T0] 
[S6] 2025/11/27 09:19:12.749343 
[S6] 2025/11/27 09:19:12.749345 ---------------------------------------------------
[S6] 2025/11/27 09:19:12.853082 
[At the start of AppendEntries] 🗂 S6 | Term=3 | Role=Follower | CommitIndex=0 | LastApplied=0
[S6] 2025/11/27 09:19:12.853102      📜 Log: 
[S6] 2025/11/27 09:19:12.853108         [0:T0] 
[S6] 2025/11/27 09:19:12.853113 
[S6] 2025/11/27 09:19:12.853117 ---------------------------------------------------
[S6] 2025/11/27 09:19:12.853123 
[At the end of AppendEntries] 🗂 S6 | Term=3 | Role=Follower | CommitIndex=0 | LastApplied=0
[S6] 2025/11/27 09:19:12.853128      📜 Log: 
[S6] 2025/11/27 09:19:12.853132         [0:T0] 
[S6] 2025/11/27 09:19:12.853136 
[S6] 2025/11/27 09:19:12.853140 ---------------------------------------------------
[S6] 2025/11/27 09:19:12.957952 
[At the start of AppendEntries] 🗂 S6 | Term=3 | Role=Follower | CommitIndex=0 | LastApplied=0
[S6] 2025/11/27 09:19:12.958012      📜 Log: 
[S6] 2025/11/27 09:19:12.958019         [0:T0] 
[S6] 2025/11/27 09:19:12.958026 
[S6] 2025/11/27 09:19:12.958031 ---------------------------------------------------
[S6] 2025/11/27 09:19:12.958039 
[At the end of AppendEntries] 🗂 S6 | Term=3 | Role=Follower | CommitIndex=0 | LastApplied=0
[S6] 2025/11/27 09:19:12.958047      📜 Log: 
[S6] 2025/11/27 09:19:12.958053         [0:T0] 
[S6] 2025/11/27 09:19:12.958058 
[S6] 2025/11/27 09:19:12.958065 ---------------------------------------------------
[S6] 2025/11/27 09:19:13.474568 
[At the start of AppendEntries] 🗂 S6 | Term=3 | Role=Follower | CommitIndex=0 | LastApplied=0
[S6] 2025/11/27 09:19:13.474577      📜 Log: 
[S6] 2025/11/27 09:19:13.474579         [0:T0] 
[S6] 2025/11/27 09:19:13.474581 
[S6] 2025/11/27 09:19:13.474583 ---------------------------------------------------
[S6] 2025/11/27 09:19:13.474585 
[At the end of AppendEntries] 🗂 S6 | Term=3 | Role=Follower | CommitIndex=0 | LastApplied=0
[S6] 2025/11/27 09:19:13.474586      📜 Log: 
[S6] 2025/11/27 09:19:13.474588         [0:T0] 
[S6] 2025/11/27 09:19:13.474589 
[S6] 2025/11/27 09:19:13.474590 ---------------------------------------------------
[S6] 2025/11/27 09:19:13.579009 
[At the start of AppendEntries] 🗂 S6 | Term=3 | Role=Follower | CommitIndex=0 | LastApplied=0
[S6] 2025/11/27 09:19:13.579028      📜 Log: 
[S6] 2025/11/27 09:19:13.579034         [0:T0] 
[S6] 2025/11/27 09:19:13.579041 
[S6] 2025/11/27 09:19:13.579046 ---------------------------------------------------
[S6] 2025/11/27 09:19:13.579056 
[At the end of AppendEntries] 🗂 S6 | Term=3 | Role=Follower | CommitIndex=0 | LastApplied=0
[S6] 2025/11/27 09:19:13.579062      📜 Log: 
[S6] 2025/11/27 09:19:13.579067         [0:T0] 
[S6] 2025/11/27 09:19:13.579072 
[S6] 2025/11/27 09:19:13.579077 ---------------------------------------------------
[S6] 2025/11/27 09:19:13.682336 
[At the start of AppendEntries] 🗂 S6 | Term=3 | Role=Follower | CommitIndex=0 | LastApplied=0
[S6] 2025/11/27 09:19:13.682371      📜 Log: 
[S6] 2025/11/27 09:19:13.682379         [0:T0] 
[S6] 2025/11/27 09:19:13.682386 
[S6] 2025/11/27 09:19:13.682391 ---------------------------------------------------
[S6] 2025/11/27 09:19:13.682416 
[At the end of AppendEntries] 🗂 S6 | Term=3 | Role=Follower | CommitIndex=0 | LastApplied=0
[S6] 2025/11/27 09:19:13.682428      📜 Log: 
[S6] 2025/11/27 09:19:13.682433         [0:T0] 
[S6] 2025/11/27 09:19:13.682439 
[S6] 2025/11/27 09:19:13.682443 ---------------------------------------------------
[S6] 2025/11/27 09:19:13.786783 
[At the start of AppendEntries] 🗂 S6 | Term=3 | Role=Follower | CommitIndex=0 | LastApplied=0
[S6] 2025/11/27 09:19:13.786824      📜 Log: 
[S6] 2025/11/27 09:19:13.786836         [0:T0] 
[S6] 2025/11/27 09:19:13.786846 
[S6] 2025/11/27 09:19:13.786855 ---------------------------------------------------
[S6] 2025/11/27 09:19:13.786867 
[At the end of AppendEntries] 🗂 S6 | Term=3 | Role=Follower | CommitIndex=0 | LastApplied=0
[S6] 2025/11/27 09:19:13.786877      📜 Log: 
[S6] 2025/11/27 09:19:13.786885         [0:T0] 
[S6] 2025/11/27 09:19:13.786894 
[S6] 2025/11/27 09:19:13.786902 ---------------------------------------------------
[S6] 2025/11/27 09:19:13.889054 
[At the start of AppendEntries] 🗂 S6 | Term=3 | Role=Follower | CommitIndex=0 | LastApplied=0
[S6] 2025/11/27 09:19:13.889136      📜 Log: 
[S6] 2025/11/27 09:19:13.889146         [0:T0] 
[S6] 2025/11/27 09:19:13.889152 
[S6] 2025/11/27 09:19:13.889157 ---------------------------------------------------
[S6] 2025/11/27 09:19:13.889166 
[At the end of AppendEntries] 🗂 S6 | Term=3 | Role=Follower | CommitIndex=0 | LastApplied=0
[S6] 2025/11/27 09:19:13.889172      📜 Log: 
[S6] 2025/11/27 09:19:13.889177         [0:T0] 
[S6] 2025/11/27 09:19:13.889181 
[S6] 2025/11/27 09:19:13.889186 ---------------------------------------------------
[S6] 2025/11/27 09:19:13.993774 
[At the start of AppendEntries] 🗂 S6 | Term=3 | Role=Follower | CommitIndex=0 | LastApplied=0
[S6] 2025/11/27 09:19:13.993795      📜 Log: 
[S6] 2025/11/27 09:19:13.993798         [0:T0] 
[S6] 2025/11/27 09:19:13.993800 
[S6] 2025/11/27 09:19:13.993801 ---------------------------------------------------
[S6] 2025/11/27 09:19:13.993804 
[At the end of AppendEntries] 🗂 S6 | Term=3 | Role=Follower | CommitIndex=0 | LastApplied=0
[S6] 2025/11/27 09:19:13.993806      📜 Log: 
[S6] 2025/11/27 09:19:13.993807         [0:T0] 
[S6] 2025/11/27 09:19:13.993808 
[S6] 2025/11/27 09:19:13.993810 ---------------------------------------------------
[S6] 2025/11/27 09:19:14.523667 
[At the start of AppendEntries] 🗂 S6 | Term=5 | Role=Follower | CommitIndex=0 | LastApplied=0
[S6] 2025/11/27 09:19:14.523694      📜 Log: 
[S6] 2025/11/27 09:19:14.523699         [0:T0] 
[S6] 2025/11/27 09:19:14.523704 
[S6] 2025/11/27 09:19:14.523709 ---------------------------------------------------
[S6] 2025/11/27 09:19:14.523716 
[At the end of AppendEntries] 🗂 S6 | Term=5 | Role=Follower | CommitIndex=0 | LastApplied=0
[S6] 2025/11/27 09:19:14.523722      📜 Log: 
[S6] 2025/11/27 09:19:14.523727         [0:T0] 
[S6] 2025/11/27 09:19:14.523732 
[S6] 2025/11/27 09:19:14.523737 ---------------------------------------------------
[S6] 2025/11/27 09:19:14.626190 
[At the start of AppendEntries] 🗂 S6 | Term=5 | Role=Follower | CommitIndex=0 | LastApplied=0
[S6] 2025/11/27 09:19:14.626262      📜 Log: 
[S6] 2025/11/27 09:19:14.626271         [0:T0] 
[S6] 2025/11/27 09:19:14.626277 
[S6] 2025/11/27 09:19:14.626282 ---------------------------------------------------
[S6] 2025/11/27 09:19:14.626292 
[At the end of AppendEntries] 🗂 S6 | Term=5 | Role=Follower | CommitIndex=0 | LastApplied=0
[S6] 2025/11/27 09:19:14.626298      📜 Log: 
[S6] 2025/11/27 09:19:14.626303         [0:T0] 
[S6] 2025/11/27 09:19:14.626308 
[S6] 2025/11/27 09:19:14.626313 ---------------------------------------------------
[S6] 2025/11/27 09:19:14.730449 
[At the start of AppendEntries] 🗂 S6 | Term=5 | Role=Follower | CommitIndex=0 | LastApplied=0
[S6] 2025/11/27 09:19:14.730462      📜 Log: 
[S6] 2025/11/27 09:19:14.730468         [0:T0] 
[S6] 2025/11/27 09:19:14.730473 
[S6] 2025/11/27 09:19:14.730477 ---------------------------------------------------
[S6] 2025/11/27 09:19:14.730489 
[At the end of AppendEntries] 🗂 S6 | Term=5 | Role=Follower | CommitIndex=0 | LastApplied=0
[S6] 2025/11/27 09:19:14.730495      📜 Log: 
[S6] 2025/11/27 09:19:14.730500         [0:T0] 
[S6] 2025/11/27 09:19:14.730504 
[S6] 2025/11/27 09:19:14.730508 ---------------------------------------------------
[S6] 2025/11/27 09:19:14.834399 
[At the start of AppendEntries] 🗂 S6 | Term=5 | Role=Follower | CommitIndex=0 | LastApplied=0
[S6] 2025/11/27 09:19:14.834422      📜 Log: 
[S6] 2025/11/27 09:19:14.834428         [0:T0] 
[S6] 2025/11/27 09:19:14.834434 
[S6] 2025/11/27 09:19:14.834439 ---------------------------------------------------
[S6] 2025/11/27 09:19:14.834448 
[At the end of AppendEntries] 🗂 S6 | Term=5 | Role=Follower | CommitIndex=0 | LastApplied=0
[S6] 2025/11/27 09:19:14.834456      📜 Log: 
[S6] 2025/11/27 09:19:14.834462         [0:T0] 
[S6] 2025/11/27 09:19:14.834469 
[S6] 2025/11/27 09:19:14.834475 ---------------------------------------------------
[S6] 2025/11/27 09:19:15.446496 
[At the start of startElection] 🗂 S6 | Term=5 | Role=Follower | CommitIndex=0 | LastApplied=0
[S6] 2025/11/27 09:19:15.446548      📜 Log: 
[S6] 2025/11/27 09:19:15.446556         [0:T0] 
[S6] 2025/11/27 09:19:15.446561 
[S6] 2025/11/27 09:19:15.446565 ---------------------------------------------------
[S6] 2025/11/27 09:19:15.446683 
[At the end of startElection] 🗂 S6 | Term=6 | Role=Candidate | CommitIndex=0 | LastApplied=0
[S6] 2025/11/27 09:19:15.446693      📜 Log: 
[S6] 2025/11/27 09:19:15.446698         [0:T0] 
[S6] 2025/11/27 09:19:15.446703 
[S6] 2025/11/27 09:19:15.446706 ---------------------------------------------------
[S6] 2025/11/27 09:19:16.382297 
[At the start of startElection] 🗂 S6 | Term=6 | Role=Candidate | CommitIndex=0 | LastApplied=0
[S6] 2025/11/27 09:19:16.382348      📜 Log: 
[S6] 2025/11/27 09:19:16.382355         [0:T0] 
[S6] 2025/11/27 09:19:16.382361 
[S6] 2025/11/27 09:19:16.382365 ---------------------------------------------------
[S6] 2025/11/27 09:19:16.382424 
[At the end of startElection] 🗂 S6 | Term=7 | Role=Candidate | CommitIndex=0 | LastApplied=0
[S6] 2025/11/27 09:19:16.382432      📜 Log: 
[S6] 2025/11/27 09:19:16.382436         [0:T0] 
[S6] 2025/11/27 09:19:16.382441 
[S6] 2025/11/27 09:19:16.382444 ---------------------------------------------------
[S6] 2025/11/27 09:19:16.382870 
[At the start of broadcast] 🗂 S6 | Term=7 | Role=Leader | CommitIndex=0 | LastApplied=0
[S6] 2025/11/27 09:19:16.382898      📜 Log: 
[S6] 2025/11/27 09:19:16.382905         [0:T0] 
[S6] 2025/11/27 09:19:16.382910 
[S6] 2025/11/27 09:19:16.382915      📌 nextIndex:  [1 1 1 1 1 1 1]
[S6] 2025/11/27 09:19:16.382925      📎 matchIndex: [0 0 0 0 0 0 0]
[S6] 2025/11/27 09:19:16.382932 ---------------------------------------------------
[S6] 2025/11/27 09:19:16.382946 
[At the end of broadcast] 🗂 S6 | Term=7 | Role=Leader | CommitIndex=0 | LastApplied=0
[S6] 2025/11/27 09:19:16.382953      📜 Log: 
[S6] 2025/11/27 09:19:16.382957         [0:T0] 
[S6] 2025/11/27 09:19:16.382962 
[S6] 2025/11/27 09:19:16.382966      📌 nextIndex:  [1 1 1 1 1 1 1]
[S6] 2025/11/27 09:19:16.382972      📎 matchIndex: [0 0 0 0 0 0 0]
[S6] 2025/11/27 09:19:16.382979 ---------------------------------------------------
[S6] 2025/11/27 09:19:16.383322 
[At the start of handleAppendEntriesReply] 🗂 S6 | Term=7 | Role=Leader | CommitIndex=0 | LastApplied=0
[S6] 2025/11/27 09:19:16.383332      📜 Log: 
[S6] 2025/11/27 09:19:16.383337         [0:T0] 
[S6] 2025/11/27 09:19:16.383343 
[S6] 2025/11/27 09:19:16.383348      📌 nextIndex:  [1 1 1 1 1 1 1]
[S6] 2025/11/27 09:19:16.383357      📎 matchIndex: [0 0 0 0 0 0 0]
[S6] 2025/11/27 09:19:16.383365 ---------------------------------------------------
[S6] 2025/11/27 09:19:16.383372 
[At the end of handleAppendEntriesReply] 🗂 S6 | Term=7 | Role=Leader | CommitIndex=0 | LastApplied=0
[S6] 2025/11/27 09:19:16.383378      📜 Log: 
[S6] 2025/11/27 09:19:16.383383         [0:T0] 
[S6] 2025/11/27 09:19:16.383402 
[S6] 2025/11/27 09:19:16.383407      📌 nextIndex:  [1 1 1 1 1 1 1]
[S6] 2025/11/27 09:19:16.383414      📎 matchIndex: [0 0 0 0 0 0 0]
[S6] 2025/11/27 09:19:16.383420 ---------------------------------------------------
[S6] 2025/11/27 09:19:16.383483 
[At the start of handleAppendEntriesReply] 🗂 S6 | Term=7 | Role=Leader | CommitIndex=0 | LastApplied=0
[S6] 2025/11/27 09:19:16.383495      📜 Log: 
[S6] 2025/11/27 09:19:16.383500         [0:T0] 
[S6] 2025/11/27 09:19:16.383504 
[S6] 2025/11/27 09:19:16.383509      📌 nextIndex:  [1 1 1 1 1 1 1]
[S6] 2025/11/27 09:19:16.383518      📎 matchIndex: [0 0 0 0 0 0 0]
[S6] 2025/11/27 09:19:16.383524 ---------------------------------------------------
[S6] 2025/11/27 09:19:16.383529 
[At the end of handleAppendEntriesReply] 🗂 S6 | Term=7 | Role=Leader | CommitIndex=0 | LastApplied=0
[S6] 2025/11/27 09:19:16.383534      📜 Log: 
[S6] 2025/11/27 09:19:16.383538         [0:T0] 
[S6] 2025/11/27 09:19:16.383543 
[S6] 2025/11/27 09:19:16.383547      📌 nextIndex:  [1 1 1 1 1 1 1]
[S6] 2025/11/27 09:19:16.383553      📎 matchIndex: [0 0 0 0 0 0 0]
[S6] 2025/11/27 09:19:16.383560 ---------------------------------------------------
[S6] 2025/11/27 09:19:16.383571 
[At the start of handleAppendEntriesReply] 🗂 S6 | Term=7 | Role=Leader | CommitIndex=0 | LastApplied=0
[S6] 2025/11/27 09:19:16.383577      📜 Log: 
[S6] 2025/11/27 09:19:16.383581         [0:T0] 
[S6] 2025/11/27 09:19:16.383586 
[S6] 2025/11/27 09:19:16.383590      📌 nextIndex:  [1 1 1 1 1 1 1]
[S6] 2025/11/27 09:19:16.383597      📎 matchIndex: [0 0 0 0 0 0 0]
[S6] 2025/11/27 09:19:16.383603 ---------------------------------------------------
[S6] 2025/11/27 09:19:16.383607 
[At the end of handleAppendEntriesReply] 🗂 S6 | Term=7 | Role=Leader | CommitIndex=0 | LastApplied=0
[S6] 2025/11/27 09:19:16.383612      📜 Log: 
[S6] 2025/11/27 09:19:16.383617         [0:T0] 
[S6] 2025/11/27 09:19:16.383621 
[S6] 2025/11/27 09:19:16.383644      📌 nextIndex:  [1 1 1 1 1 1 1]
[S6] 2025/11/27 09:19:16.383651      📎 matchIndex: [0 0 0 0 0 0 0]
[S6] 2025/11/27 09:19:16.383658 ---------------------------------------------------
[S6] 2025/11/27 09:19:16.485764 
[At the start of broadcast] 🗂 S6 | Term=7 | Role=Leader | CommitIndex=0 | LastApplied=0
[S6] 2025/11/27 09:19:16.485866      📜 Log: 
[S6] 2025/11/27 09:19:16.485882         [0:T0] 
[S6] 2025/11/27 09:19:16.485891 
[S6] 2025/11/27 09:19:16.485901      📌 nextIndex:  [1 1 1 1 1 1 1]
[S6] 2025/11/27 09:19:16.485925      📎 matchIndex: [0 0 0 0 0 0 0]
[S6] 2025/11/27 09:19:16.485937 ---------------------------------------------------
[S6] 2025/11/27 09:19:16.485969 
[At the end of broadcast] 🗂 S6 | Term=7 | Role=Leader | CommitIndex=0 | LastApplied=0
[S6] 2025/11/27 09:19:16.485982      📜 Log: 
[S6] 2025/11/27 09:19:16.485990         [0:T0] 
[S6] 2025/11/27 09:19:16.485999 
[S6] 2025/11/27 09:19:16.486008      📌 nextIndex:  [1 1 1 1 1 1 1]
[S6] 2025/11/27 09:19:16.486023      📎 matchIndex: [0 0 0 0 0 0 0]
[S6] 2025/11/27 09:19:16.486036 ---------------------------------------------------
[S6] 2025/11/27 09:19:16.487023 
[At the start of handleAppendEntriesReply] 🗂 S6 | Term=7 | Role=Leader | CommitIndex=0 | LastApplied=0
[S6] 2025/11/27 09:19:16.487038      📜 Log: 
[S6] 2025/11/27 09:19:16.487045         [0:T0] 
[S6] 2025/11/27 09:19:16.487051 
[S6] 2025/11/27 09:19:16.487057      📌 nextIndex:  [1 1 1 1 1 1 1]
[S6] 2025/11/27 09:19:16.487074      📎 matchIndex: [0 0 0 0 0 0 0]
[S6] 2025/11/27 09:19:16.487083 ---------------------------------------------------
[S6] 2025/11/27 09:19:16.487090 
[At the end of handleAppendEntriesReply] 🗂 S6 | Term=7 | Role=Leader | CommitIndex=0 | LastApplied=0
[S6] 2025/11/27 09:19:16.487097      📜 Log: 
[S6] 2025/11/27 09:19:16.487103         [0:T0] 
[S6] 2025/11/27 09:19:16.487109 
[S6] 2025/11/27 09:19:16.487115      📌 nextIndex:  [1 1 1 1 1 1 1]
[S6] 2025/11/27 09:19:16.487125      📎 matchIndex: [0 0 0 0 0 0 0]
[S6] 2025/11/27 09:19:16.487134 ---------------------------------------------------
[S6] 2025/11/27 09:19:16.487150 
[At the start of handleAppendEntriesReply] 🗂 S6 | Term=7 | Role=Leader | CommitIndex=0 | LastApplied=0
[S6] 2025/11/27 09:19:16.487173      📜 Log: 
[S6] 2025/11/27 09:19:16.487182         [0:T0] 
[S6] 2025/11/27 09:19:16.487191 
[S6] 2025/11/27 09:19:16.487199      📌 nextIndex:  [1 1 1 1 1 1 1]
[S6] 2025/11/27 09:19:16.487216      📎 matchIndex: [0 0 0 0 0 0 0]
[S6] 2025/11/27 09:19:16.487228 ---------------------------------------------------
[S6] 2025/11/27 09:19:16.487237 
[At the end of handleAppendEntriesReply] 🗂 S6 | Term=7 | Role=Leader | CommitIndex=0 | LastApplied=0
[S6] 2025/11/27 09:19:16.487247      📜 Log: 
[S6] 2025/11/27 09:19:16.487254         [0:T0] 
[S6] 2025/11/27 09:19:16.487262 
[S6] 2025/11/27 09:19:16.487270      📌 nextIndex:  [1 1 1 1 1 1 1]
[S6] 2025/11/27 09:19:16.487281      📎 matchIndex: [0 0 0 0 0 0 0]
[S6] 2025/11/27 09:19:16.487292 ---------------------------------------------------
[S6] 2025/11/27 09:19:16.487314 
[At the start of handleAppendEntriesReply] 🗂 S6 | Term=7 | Role=Leader | CommitIndex=0 | LastApplied=0
[S6] 2025/11/27 09:19:16.487326      📜 Log: 
[S6] 2025/11/27 09:19:16.487333         [0:T0] 
[S6] 2025/11/27 09:19:16.487341 
[S6] 2025/11/27 09:19:16.487349      📌 nextIndex:  [1 1 1 1 1 1 1]
[S6] 2025/11/27 09:19:16.487361      📎 matchIndex: [0 0 0 0 0 0 0]
[S6] 2025/11/27 09:19:16.487373 ---------------------------------------------------
[S6] 2025/11/27 09:19:16.487381 
[At the end of handleAppendEntriesReply] 🗂 S6 | Term=7 | Role=Leader | CommitIndex=0 | LastApplied=0
[S6] 2025/11/27 09:19:16.487391      📜 Log: 
[S6] 2025/11/27 09:19:16.487398         [0:T0] 
[S6] 2025/11/27 09:19:16.487406 
[S6] 2025/11/27 09:19:16.487413      📌 nextIndex:  [1 1 1 1 1 1 1]
[S6] 2025/11/27 09:19:16.487425      📎 matchIndex: [0 0 0 0 0 0 0]
[S6] 2025/11/27 09:19:16.487436 ---------------------------------------------------
[S6] 2025/11/27 09:19:16.590339 
[At the start of broadcast] 🗂 S6 | Term=7 | Role=Leader | CommitIndex=0 | LastApplied=0
[S6] 2025/11/27 09:19:16.590368      📜 Log: 
[S6] 2025/11/27 09:19:16.590371         [0:T0] 
[S6] 2025/11/27 09:19:16.590373 
[S6] 2025/11/27 09:19:16.590375      📌 nextIndex:  [1 1 1 1 1 1 1]
[S6] 2025/11/27 09:19:16.590381      📎 matchIndex: [0 0 0 0 0 0 0]
[S6] 2025/11/27 09:19:16.590384 ---------------------------------------------------
[S6] 2025/11/27 09:19:16.590393 
[At the end of broadcast] 🗂 S6 | Term=7 | Role=Leader | CommitIndex=0 | LastApplied=0
[S6] 2025/11/27 09:19:16.590395      📜 Log: 
[S6] 2025/11/27 09:19:16.590396         [0:T0] 
[S6] 2025/11/27 09:19:16.590398 
[S6] 2025/11/27 09:19:16.590400      📌 nextIndex:  [1 1 1 1 1 1 1]
[S6] 2025/11/27 09:19:16.590402      📎 matchIndex: [0 0 0 0 0 0 0]
[S6] 2025/11/27 09:19:16.590404 ---------------------------------------------------
[S6] 2025/11/27 09:19:16.590656 
[At the start of handleAppendEntriesReply] 🗂 S6 | Term=7 | Role=Leader | CommitIndex=0 | LastApplied=0
[S6] 2025/11/27 09:19:16.590660      📜 Log: 
[S6] 2025/11/27 09:19:16.590661         [0:T0] 
[S6] 2025/11/27 09:19:16.590663 
[S6] 2025/11/27 09:19:16.590664      📌 nextIndex:  [1 1 1 1 1 1 1]
[S6] 2025/11/27 09:19:16.590667      📎 matchIndex: [0 0 0 0 0 0 0]
[S6] 2025/11/27 09:19:16.590669 ---------------------------------------------------
[S6] 2025/11/27 09:19:16.590671 
[At the end of handleAppendEntriesReply] 🗂 S6 | Term=7 | Role=Leader | CommitIndex=0 | LastApplied=0
[S6] 2025/11/27 09:19:16.590673      📜 Log: 
[S6] 2025/11/27 09:19:16.590674         [0:T0] 
[S6] 2025/11/27 09:19:16.590676 
[S6] 2025/11/27 09:19:16.590677      📌 nextIndex:  [1 1 1 1 1 1 1]
[S6] 2025/11/27 09:19:16.590679      📎 matchIndex: [0 0 0 0 0 0 0]
[S6] 2025/11/27 09:19:16.590681 ---------------------------------------------------
[S6] 2025/11/27 09:19:16.590824 
[At the start of handleAppendEntriesReply] 🗂 S6 | Term=7 | Role=Leader | CommitIndex=0 | LastApplied=0
[S6] 2025/11/27 09:19:16.590835      📜 Log: 
[S6] 2025/11/27 09:19:16.590837         [0:T0] 
[S6] 2025/11/27 09:19:16.590838 
[S6] 2025/11/27 09:19:16.590840      📌 nextIndex:  [1 1 1 1 1 1 1]
[S6] 2025/11/27 09:19:16.590843      📎 matchIndex: [0 0 0 0 0 0 0]
[S6] 2025/11/27 09:19:16.590846 ---------------------------------------------------
[S6] 2025/11/27 09:19:16.590848 
[At the end of handleAppendEntriesReply] 🗂 S6 | Term=7 | Role=Leader | CommitIndex=0 | LastApplied=0
[S6] 2025/11/27 09:19:16.590849      📜 Log: 
[S6] 2025/11/27 09:19:16.590851         [0:T0] 
[S6] 2025/11/27 09:19:16.590852 
[S6] 2025/11/27 09:19:16.590854      📌 nextIndex:  [1 1 1 1 1 1 1]
[S6] 2025/11/27 09:19:16.590856      📎 matchIndex: [0 0 0 0 0 0 0]
[S6] 2025/11/27 09:19:16.590858 ---------------------------------------------------
[S6] 2025/11/27 09:19:16.590863 
[At the start of handleAppendEntriesReply] 🗂 S6 | Term=7 | Role=Leader | CommitIndex=0 | LastApplied=0
[S6] 2025/11/27 09:19:16.590865      📜 Log: 
[S6] 2025/11/27 09:19:16.590867         [0:T0] 
[S6] 2025/11/27 09:19:16.590868 
[S6] 2025/11/27 09:19:16.590870      📌 nextIndex:  [1 1 1 1 1 1 1]
[S6] 2025/11/27 09:19:16.590872      📎 matchIndex: [0 0 0 0 0 0 0]
[S6] 2025/11/27 09:19:16.590874 ---------------------------------------------------
[S6] 2025/11/27 09:19:16.590876 
[At the end of handleAppendEntriesReply] 🗂 S6 | Term=7 | Role=Leader | CommitIndex=0 | LastApplied=0
[S6] 2025/11/27 09:19:16.590877      📜 Log: 
[S6] 2025/11/27 09:19:16.590879         [0:T0] 
[S6] 2025/11/27 09:19:16.590880 
[S6] 2025/11/27 09:19:16.590882      📌 nextIndex:  [1 1 1 1 1 1 1]
[S6] 2025/11/27 09:19:16.590884      📎 matchIndex: [0 0 0 0 0 0 0]
[S6] 2025/11/27 09:19:16.590886 ---------------------------------------------------
[S6] 2025/11/27 09:19:16.693458 
[At the start of broadcast] 🗂 S6 | Term=7 | Role=Leader | CommitIndex=0 | LastApplied=0
[S6] 2025/11/27 09:19:16.693494      📜 Log: 
[S6] 2025/11/27 09:19:16.693501         [0:T0] 
[S6] 2025/11/27 09:19:16.693504 
[S6] 2025/11/27 09:19:16.693507      📌 nextIndex:  [1 1 1 1 1 1 1]
[S6] 2025/11/27 09:19:16.693515      📎 matchIndex: [0 0 0 0 0 0 0]
[S6] 2025/11/27 09:19:16.693518 ---------------------------------------------------
[S6] 2025/11/27 09:19:16.693528 
[At the end of broadcast] 🗂 S6 | Term=7 | Role=Leader | CommitIndex=0 | LastApplied=0
[S6] 2025/11/27 09:19:16.693531      📜 Log: 
[S6] 2025/11/27 09:19:16.693533         [0:T0] 
[S6] 2025/11/27 09:19:16.693535 
[S6] 2025/11/27 09:19:16.693537      📌 nextIndex:  [1 1 1 1 1 1 1]
[S6] 2025/11/27 09:19:16.693541      📎 matchIndex: [0 0 0 0 0 0 0]
[S6] 2025/11/27 09:19:16.693544 ---------------------------------------------------
[S6] 2025/11/27 09:19:16.693888 
[At the start of handleAppendEntriesReply] 🗂 S6 | Term=7 | Role=Leader | CommitIndex=0 | LastApplied=0
[S6] 2025/11/27 09:19:16.693892      📜 Log: 
[S6] 2025/11/27 09:19:16.693894         [0:T0] 
[S6] 2025/11/27 09:19:16.693896 
[S6] 2025/11/27 09:19:16.693898      📌 nextIndex:  [1 1 1 1 1 1 1]
[S6] 2025/11/27 09:19:16.693902      📎 matchIndex: [0 0 0 0 0 0 0]
[S6] 2025/11/27 09:19:16.693905 ---------------------------------------------------
[S6] 2025/11/27 09:19:16.693907 
[At the end of handleAppendEntriesReply] 🗂 S6 | Term=7 | Role=Leader | CommitIndex=0 | LastApplied=0
[S6] 2025/11/27 09:19:16.693910      📜 Log: 
[S6] 2025/11/27 09:19:16.693912         [0:T0] 
[S6] 2025/11/27 09:19:16.693914 
[S6] 2025/11/27 09:19:16.693916      📌 nextIndex:  [1 1 1 1 1 1 1]
[S6] 2025/11/27 09:19:16.693919      📎 matchIndex: [0 0 0 0 0 0 0]
[S6] 2025/11/27 09:19:16.693922 ---------------------------------------------------
[S6] 2025/11/27 09:19:16.694032 
[At the start of handleAppendEntriesReply] 🗂 S6 | Term=7 | Role=Leader | CommitIndex=0 | LastApplied=0
[S6] 2025/11/27 09:19:16.694036      📜 Log: 
[S6] 2025/11/27 09:19:16.694038         [0:T0] 
[S6] 2025/11/27 09:19:16.694040 
[S6] 2025/11/27 09:19:16.694043      📌 nextIndex:  [1 1 1 1 1 1 1]
[S6] 2025/11/27 09:19:16.694050      📎 matchIndex: [0 0 0 0 0 0 0]
[S6] 2025/11/27 09:19:16.694054 ---------------------------------------------------
[S6] 2025/11/27 09:19:16.694057 
[At the end of handleAppendEntriesReply] 🗂 S6 | Term=7 | Role=Leader | CommitIndex=0 | LastApplied=0
[S6] 2025/11/27 09:19:16.694059      📜 Log: 
[S6] 2025/11/27 09:19:16.694061         [0:T0] 
[S6] 2025/11/27 09:19:16.694063 
[S6] 2025/11/27 09:19:16.694066      📌 nextIndex:  [1 1 1 1 1 1 1]
[S6] 2025/11/27 09:19:16.694069      📎 matchIndex: [0 0 0 0 0 0 0]
[S6] 2025/11/27 09:19:16.694072 ---------------------------------------------------
[S6] 2025/11/27 09:19:16.694115 
[At the start of handleAppendEntriesReply] 🗂 S6 | Term=7 | Role=Leader | CommitIndex=0 | LastApplied=0
[S6] 2025/11/27 09:19:16.694119      📜 Log: 
[S6] 2025/11/27 09:19:16.694122         [0:T0] 
[S6] 2025/11/27 09:19:16.694124 
[S6] 2025/11/27 09:19:16.694126      📌 nextIndex:  [1 1 1 1 1 1 1]
[S6] 2025/11/27 09:19:16.694131      📎 matchIndex: [0 0 0 0 0 0 0]
[S6] 2025/11/27 09:19:16.694134 ---------------------------------------------------
[S6] 2025/11/27 09:19:16.694137 
[At the end of handleAppendEntriesReply] 🗂 S6 | Term=7 | Role=Leader | CommitIndex=0 | LastApplied=0
[S6] 2025/11/27 09:19:16.694139      📜 Log: 
[S6] 2025/11/27 09:19:16.694141         [0:T0] 
[S6] 2025/11/27 09:19:16.694143 
[S6] 2025/11/27 09:19:16.694145      📌 nextIndex:  [1 1 1 1 1 1 1]
[S6] 2025/11/27 09:19:16.694148      📎 matchIndex: [0 0 0 0 0 0 0]
[S6] 2025/11/27 09:19:16.694151 ---------------------------------------------------
[S6] 2025/11/27 09:19:16.796746 
[At the start of broadcast] 🗂 S6 | Term=7 | Role=Leader | CommitIndex=0 | LastApplied=0
[S6] 2025/11/27 09:19:16.796786      📜 Log: 
[S6] 2025/11/27 09:19:16.796790         [0:T0] 
[S6] 2025/11/27 09:19:16.796793 
[S6] 2025/11/27 09:19:16.796796      📌 nextIndex:  [1 1 1 1 1 1 1]
[S6] 2025/11/27 09:19:16.796804      📎 matchIndex: [0 0 0 0 0 0 0]
[S6] 2025/11/27 09:19:16.796808 ---------------------------------------------------
[S6] 2025/11/27 09:19:16.796819 
[At the end of broadcast] 🗂 S6 | Term=7 | Role=Leader | CommitIndex=0 | LastApplied=0
[S6] 2025/11/27 09:19:16.796822      📜 Log: 
[S6] 2025/11/27 09:19:16.796824         [0:T0] 
[S6] 2025/11/27 09:19:16.796827 
[S6] 2025/11/27 09:19:16.796829      📌 nextIndex:  [1 1 1 1 1 1 1]
[S6] 2025/11/27 09:19:16.796832      📎 matchIndex: [0 0 0 0 0 0 0]
[S6] 2025/11/27 09:19:16.796835 ---------------------------------------------------
[S6] 2025/11/27 09:19:16.797195 
[At the start of handleAppendEntriesReply] 🗂 S6 | Term=7 | Role=Leader | CommitIndex=0 | LastApplied=0
[S6] 2025/11/27 09:19:16.797198      📜 Log: 
[S6] 2025/11/27 09:19:16.797200         [0:T0] 
[S6] 2025/11/27 09:19:16.797202 
[S6] 2025/11/27 09:19:16.797204      📌 nextIndex:  [1 1 1 1 1 1 1]
[S6] 2025/11/27 09:19:16.797208      📎 matchIndex: [0 0 0 0 0 0 0]
[S6] 2025/11/27 09:19:16.797211 ---------------------------------------------------
[S6] 2025/11/27 09:19:16.797214 
[At the end of handleAppendEntriesReply] 🗂 S6 | Term=7 | Role=Leader | CommitIndex=0 | LastApplied=0
[S6] 2025/11/27 09:19:16.797216      📜 Log: 
[S6] 2025/11/27 09:19:16.797218         [0:T0] 
[S6] 2025/11/27 09:19:16.797220 
[S6] 2025/11/27 09:19:16.797222      📌 nextIndex:  [1 1 1 1 1 1 1]
[S6] 2025/11/27 09:19:16.797227      📎 matchIndex: [0 0 0 0 0 0 0]
[S6] 2025/11/27 09:19:16.797231 ---------------------------------------------------
[S6] 2025/11/27 09:19:16.797238 
[At the start of handleAppendEntriesReply] 🗂 S6 | Term=7 | Role=Leader | CommitIndex=0 | LastApplied=0
[S6] 2025/11/27 09:19:16.797240      📜 Log: 
[S6] 2025/11/27 09:19:16.797242         [0:T0] 
[S6] 2025/11/27 09:19:16.797244 
[S6] 2025/11/27 09:19:16.797246      📌 nextIndex:  [1 1 1 1 1 1 1]
[S6] 2025/11/27 09:19:16.797249      📎 matchIndex: [0 0 0 0 0 0 0]
[S6] 2025/11/27 09:19:16.797253 ---------------------------------------------------
[S6] 2025/11/27 09:19:16.797255 
[At the end of handleAppendEntriesReply] 🗂 S6 | Term=7 | Role=Leader | CommitIndex=0 | LastApplied=0
[S6] 2025/11/27 09:19:16.797267      📜 Log: 
[S6] 2025/11/27 09:19:16.797269         [0:T0] 
[S6] 2025/11/27 09:19:16.797272 
[S6] 2025/11/27 09:19:16.797274      📌 nextIndex:  [1 1 1 1 1 1 1]
[S6] 2025/11/27 09:19:16.797281      📎 matchIndex: [0 0 0 0 0 0 0]
[S6] 2025/11/27 09:19:16.797284 ---------------------------------------------------
[S6] 2025/11/27 09:19:16.797465 
[At the start of handleAppendEntriesReply] 🗂 S6 | Term=7 | Role=Leader | CommitIndex=0 | LastApplied=0
[S6] 2025/11/27 09:19:16.797475      📜 Log: 
[S6] 2025/11/27 09:19:16.797481         [0:T0] 
[S6] 2025/11/27 09:19:16.797486 
[S6] 2025/11/27 09:19:16.797491      📌 nextIndex:  [1 1 1 1 1 1 1]
[S6] 2025/11/27 09:19:16.797501      📎 matchIndex: [0 0 0 0 0 0 0]
[S6] 2025/11/27 09:19:16.797508 ---------------------------------------------------
[S6] 2025/11/27 09:19:16.797513 
[At the end of handleAppendEntriesReply] 🗂 S6 | Term=7 | Role=Leader | CommitIndex=0 | LastApplied=0
[S6] 2025/11/27 09:19:16.797518      📜 Log: 
[S6] 2025/11/27 09:19:16.797523         [0:T0] 
[S6] 2025/11/27 09:19:16.797527 
[S6] 2025/11/27 09:19:16.797532      📌 nextIndex:  [1 1 1 1 1 1 1]
[S6] 2025/11/27 09:19:16.797539      📎 matchIndex: [0 0 0 0 0 0 0]
[S6] 2025/11/27 09:19:16.797545 ---------------------------------------------------
[S6] 2025/11/27 09:19:16.901161 
[At the start of broadcast] 🗂 S6 | Term=7 | Role=Leader | CommitIndex=0 | LastApplied=0
[S6] 2025/11/27 09:19:16.901182      📜 Log: 
[S6] 2025/11/27 09:19:16.901184         [0:T0] 
[S6] 2025/11/27 09:19:16.901185 
[S6] 2025/11/27 09:19:16.901186      📌 nextIndex:  [1 1 1 1 1 1 1]
[S6] 2025/11/27 09:19:16.901190      📎 matchIndex: [0 0 0 0 0 0 0]
[S6] 2025/11/27 09:19:16.901191 ---------------------------------------------------
[S6] 2025/11/27 09:19:16.901197 
[At the end of broadcast] 🗂 S6 | Term=7 | Role=Leader | CommitIndex=0 | LastApplied=0
[S6] 2025/11/27 09:19:16.901198      📜 Log: 
[S6] 2025/11/27 09:19:16.901199         [0:T0] 
[S6] 2025/11/27 09:19:16.901200 
[S6] 2025/11/27 09:19:16.901200      📌 nextIndex:  [1 1 1 1 1 1 1]
[S6] 2025/11/27 09:19:16.901204      📎 matchIndex: [0 0 0 0 0 0 0]
[S6] 2025/11/27 09:19:16.901205 ---------------------------------------------------
[S6] 2025/11/27 09:19:16.901359 
[At the start of handleAppendEntriesReply] 🗂 S6 | Term=7 | Role=Leader | CommitIndex=0 | LastApplied=0
[S6] 2025/11/27 09:19:16.901361      📜 Log: 
[S6] 2025/11/27 09:19:16.901361         [0:T0] 
[S6] 2025/11/27 09:19:16.901362 
[S6] 2025/11/27 09:19:16.901363      📌 nextIndex:  [1 1 1 1 1 1 1]
[S6] 2025/11/27 09:19:16.901364      📎 matchIndex: [0 0 0 0 0 0 0]
[S6] 2025/11/27 09:19:16.901365 ---------------------------------------------------
[S6] 2025/11/27 09:19:16.901366 
[At the end of handleAppendEntriesReply] 🗂 S6 | Term=7 | Role=Leader | CommitIndex=0 | LastApplied=0
[S6] 2025/11/27 09:19:16.901367      📜 Log: 
[S6] 2025/11/27 09:19:16.901368         [0:T0] 
[S6] 2025/11/27 09:19:16.901369 
[S6] 2025/11/27 09:19:16.901369      📌 nextIndex:  [1 1 1 1 1 1 1]
[S6] 2025/11/27 09:19:16.901371      📎 matchIndex: [0 0 0 0 0 0 0]
[S6] 2025/11/27 09:19:16.901372 ---------------------------------------------------
[S6] 2025/11/27 09:19:16.901386 
[At the start of handleAppendEntriesReply] 🗂 S6 | Term=7 | Role=Leader | CommitIndex=0 | LastApplied=0
[S6] 2025/11/27 09:19:16.901388      📜 Log: 
[S6] 2025/11/27 09:19:16.901389         [0:T0] 
[S6] 2025/11/27 09:19:16.901389 
[S6] 2025/11/27 09:19:16.901390      📌 nextIndex:  [1 1 1 1 1 1 1]
[S6] 2025/11/27 09:19:16.901392      📎 matchIndex: [0 0 0 0 0 0 0]
[S6] 2025/11/27 09:19:16.901394 ---------------------------------------------------
[S6] 2025/11/27 09:19:16.901394 
[At the end of handleAppendEntriesReply] 🗂 S6 | Term=7 | Role=Leader | CommitIndex=0 | LastApplied=0
[S6] 2025/11/27 09:19:16.901395      📜 Log: 
[S6] 2025/11/27 09:19:16.901396         [0:T0] 
[S6] 2025/11/27 09:19:16.901397 
[S6] 2025/11/27 09:19:16.901403      📌 nextIndex:  [1 1 1 1 1 1 1]
[S6] 2025/11/27 09:19:16.901404      📎 matchIndex: [0 0 0 0 0 0 0]
[S6] 2025/11/27 09:19:16.901405 ---------------------------------------------------
[S6] 2025/11/27 09:19:16.901446 
[At the start of handleAppendEntriesReply] 🗂 S6 | Term=7 | Role=Leader | CommitIndex=0 | LastApplied=0
[S6] 2025/11/27 09:19:16.901447      📜 Log: 
[S6] 2025/11/27 09:19:16.901448         [0:T0] 
[S6] 2025/11/27 09:19:16.901449 
[S6] 2025/11/27 09:19:16.901449      📌 nextIndex:  [1 1 1 1 1 1 1]
[S6] 2025/11/27 09:19:16.901451      📎 matchIndex: [0 0 0 0 0 0 0]
[S6] 2025/11/27 09:19:16.901452 ---------------------------------------------------
[S6] 2025/11/27 09:19:16.901452 
[At the end of handleAppendEntriesReply] 🗂 S6 | Term=7 | Role=Leader | CommitIndex=0 | LastApplied=0
[S6] 2025/11/27 09:19:16.901453      📜 Log: 
[S6] 2025/11/27 09:19:16.901454         [0:T0] 
[S6] 2025/11/27 09:19:16.901455 
[S6] 2025/11/27 09:19:16.901455      📌 nextIndex:  [1 1 1 1 1 1 1]
[S6] 2025/11/27 09:19:16.901457      📎 matchIndex: [0 0 0 0 0 0 0]
[S6] 2025/11/27 09:19:16.901458 ---------------------------------------------------
[S6] 2025/11/27 09:19:17.005716 
[At the start of broadcast] 🗂 S6 | Term=7 | Role=Leader | CommitIndex=0 | LastApplied=0
[S6] 2025/11/27 09:19:17.005799      📜 Log: 
[S6] 2025/11/27 09:19:17.005810         [0:T0] 
[S6] 2025/11/27 09:19:17.005816 
[S6] 2025/11/27 09:19:17.005823      📌 nextIndex:  [1 1 1 1 1 1 1]
[S6] 2025/11/27 09:19:17.005842      📎 matchIndex: [0 0 0 0 0 0 0]
[S6] 2025/11/27 09:19:17.005851 ---------------------------------------------------
[S6] 2025/11/27 09:19:17.005878 
[At the end of broadcast] 🗂 S6 | Term=7 | Role=Leader | CommitIndex=0 | LastApplied=0
[S6] 2025/11/27 09:19:17.005889      📜 Log: 
[S6] 2025/11/27 09:19:17.005894         [0:T0] 
[S6] 2025/11/27 09:19:17.005899 
[S6] 2025/11/27 09:19:17.005904      📌 nextIndex:  [1 1 1 1 1 1 1]
[S6] 2025/11/27 09:19:17.005912      📎 matchIndex: [0 0 0 0 0 0 0]
[S6] 2025/11/27 09:19:17.005920 ---------------------------------------------------
[S6] 2025/11/27 09:19:17.006650 
[At the start of handleAppendEntriesReply] 🗂 S6 | Term=7 | Role=Leader | CommitIndex=0 | LastApplied=0
[S6] 2025/11/27 09:19:17.006659      📜 Log: 
[S6] 2025/11/27 09:19:17.006663         [0:T0] 
[S6] 2025/11/27 09:19:17.006667 
[S6] 2025/11/27 09:19:17.006684      📌 nextIndex:  [1 1 1 1 1 1 1]
[S6] 2025/11/27 09:19:17.006696      📎 matchIndex: [0 0 0 0 0 0 0]
[S6] 2025/11/27 09:19:17.006703 ---------------------------------------------------
[S6] 2025/11/27 09:19:17.006707 
[At the end of handleAppendEntriesReply] 🗂 S6 | Term=7 | Role=Leader | CommitIndex=0 | LastApplied=0
[S6] 2025/11/27 09:19:17.006712      📜 Log: 
[S6] 2025/11/27 09:19:17.006715         [0:T0] 
[S6] 2025/11/27 09:19:17.006719 
[S6] 2025/11/27 09:19:17.006722      📌 nextIndex:  [1 1 1 1 1 1 1]
[S6] 2025/11/27 09:19:17.006728      📎 matchIndex: [0 0 0 0 0 0 0]
[S6] 2025/11/27 09:19:17.006733 ---------------------------------------------------
[S6] 2025/11/27 09:19:17.006744 
[At the start of handleAppendEntriesReply] 🗂 S6 | Term=7 | Role=Leader | CommitIndex=0 | LastApplied=0
[S6] 2025/11/27 09:19:17.006748      📜 Log: 
[S6] 2025/11/27 09:19:17.006752         [0:T0] 
[S6] 2025/11/27 09:19:17.006755 
[S6] 2025/11/27 09:19:17.006759      📌 nextIndex:  [1 1 1 1 1 1 1]
[S6] 2025/11/27 09:19:17.006764      📎 matchIndex: [0 0 0 0 0 0 0]
[S6] 2025/11/27 09:19:17.006769 ---------------------------------------------------
[S6] 2025/11/27 09:19:17.006773 
[At the end of handleAppendEntriesReply] 🗂 S6 | Term=7 | Role=Leader | CommitIndex=0 | LastApplied=0
[S6] 2025/11/27 09:19:17.006777      📜 Log: 
[S6] 2025/11/27 09:19:17.006780         [0:T0] 
[S6] 2025/11/27 09:19:17.006784 
[S6] 2025/11/27 09:19:17.006787      📌 nextIndex:  [1 1 1 1 1 1 1]
[S6] 2025/11/27 09:19:17.006793      📎 matchIndex: [0 0 0 0 0 0 0]
[S6] 2025/11/27 09:19:17.006798 ---------------------------------------------------
[S6] 2025/11/27 09:19:17.006823 
[At the start of handleAppendEntriesReply] 🗂 S6 | Term=7 | Role=Leader | CommitIndex=0 | LastApplied=0
[S6] 2025/11/27 09:19:17.006827      📜 Log: 
[S6] 2025/11/27 09:19:17.006831         [0:T0] 
[S6] 2025/11/27 09:19:17.006834 
[S6] 2025/11/27 09:19:17.006838      📌 nextIndex:  [1 1 1 1 1 1 1]
[S6] 2025/11/27 09:19:17.006843      📎 matchIndex: [0 0 0 0 0 0 0]
[S6] 2025/11/27 09:19:17.006849 ---------------------------------------------------
[S6] 2025/11/27 09:19:17.006852 
[At the end of handleAppendEntriesReply] 🗂 S6 | Term=7 | Role=Leader | CommitIndex=0 | LastApplied=0
[S6] 2025/11/27 09:19:17.006856      📜 Log: 
[S6] 2025/11/27 09:19:17.006860         [0:T0] 
[S6] 2025/11/27 09:19:17.006863 
[S6] 2025/11/27 09:19:17.006867      📌 nextIndex:  [1 1 1 1 1 1 1]
[S6] 2025/11/27 09:19:17.006872      📎 matchIndex: [0 0 0 0 0 0 0]
[S6] 2025/11/27 09:19:17.006877 ---------------------------------------------------
[S6] 2025/11/27 09:19:17.109060 
[At the start of broadcast] 🗂 S6 | Term=7 | Role=Leader | CommitIndex=0 | LastApplied=0
[S6] 2025/11/27 09:19:17.109159      📜 Log: 
[S6] 2025/11/27 09:19:17.109173         [0:T0] 
[S6] 2025/11/27 09:19:17.109182 
[S6] 2025/11/27 09:19:17.109190      📌 nextIndex:  [1 1 1 1 1 1 1]
[S6] 2025/11/27 09:19:17.109213      📎 matchIndex: [0 0 0 0 0 0 0]
[S6] 2025/11/27 09:19:17.109224 ---------------------------------------------------
[S6] 2025/11/27 09:19:17.109257 
[At the end of broadcast] 🗂 S6 | Term=7 | Role=Leader | CommitIndex=0 | LastApplied=0
[S6] 2025/11/27 09:19:17.109269      📜 Log: 
[S6] 2025/11/27 09:19:17.109276         [0:T0] 
[S6] 2025/11/27 09:19:17.109283 
[S6] 2025/11/27 09:19:17.109291      📌 nextIndex:  [1 1 1 1 1 1 1]
[S6] 2025/11/27 09:19:17.109303      📎 matchIndex: [0 0 0 0 0 0 0]
[S6] 2025/11/27 09:19:17.109313 ---------------------------------------------------
[S6] 2025/11/27 09:19:17.111370 
[At the start of handleAppendEntriesReply] 🗂 S6 | Term=7 | Role=Leader | CommitIndex=0 | LastApplied=0
[S6] 2025/11/27 09:19:17.111387      📜 Log: 
[S6] 2025/11/27 09:19:17.111393         [0:T0] 
[S6] 2025/11/27 09:19:17.111400 
[S6] 2025/11/27 09:19:17.111406      📌 nextIndex:  [1 1 1 1 1 1 1]
[S6] 2025/11/27 09:19:17.111425      📎 matchIndex: [0 0 0 0 0 0 0]
[S6] 2025/11/27 09:19:17.111450 ---------------------------------------------------
[S6] 2025/11/27 09:19:17.111458 
[At the end of handleAppendEntriesReply] 🗂 S6 | Term=7 | Role=Leader | CommitIndex=0 | LastApplied=0
[S6] 2025/11/27 09:19:17.111468      📜 Log: 
[S6] 2025/11/27 09:19:17.111474         [0:T0] 
[S6] 2025/11/27 09:19:17.111480 
[S6] 2025/11/27 09:19:17.111487      📌 nextIndex:  [1 1 1 1 1 1 1]
[S6] 2025/11/27 09:19:17.111497      📎 matchIndex: [0 0 0 0 0 0 0]
[S6] 2025/11/27 09:19:17.111519 ---------------------------------------------------
[S6] 2025/11/27 09:19:17.113571 
[At the start of handleAppendEntriesReply] 🗂 S6 | Term=7 | Role=Leader | CommitIndex=0 | LastApplied=0
[S6] 2025/11/27 09:19:17.113589      📜 Log: 
[S6] 2025/11/27 09:19:17.113595         [0:T0] 
[S6] 2025/11/27 09:19:17.113600 
[S6] 2025/11/27 09:19:17.113605      📌 nextIndex:  [1 1 1 1 1 1 1]
[S6] 2025/11/27 09:19:17.113618      📎 matchIndex: [0 0 0 0 0 0 0]
[S6] 2025/11/27 09:19:17.113646 ---------------------------------------------------
[S6] 2025/11/27 09:19:17.113654 
[At the end of handleAppendEntriesReply] 🗂 S6 | Term=7 | Role=Leader | CommitIndex=0 | LastApplied=0
[S6] 2025/11/27 09:19:17.113663      📜 Log: 
[S6] 2025/11/27 09:19:17.113668         [0:T0] 
[S6] 2025/11/27 09:19:17.113673 
[S6] 2025/11/27 09:19:17.113677      📌 nextIndex:  [1 1 1 1 1 1 1]
[S6] 2025/11/27 09:19:17.113685      📎 matchIndex: [0 0 0 0 0 0 0]
[S6] 2025/11/27 09:19:17.113691 ---------------------------------------------------
[S6] 2025/11/27 09:19:17.114041 
[At the start of handleAppendEntriesReply] 🗂 S6 | Term=7 | Role=Leader | CommitIndex=0 | LastApplied=0
[S6] 2025/11/27 09:19:17.114059      📜 Log: 
[S6] 2025/11/27 09:19:17.114077         [0:T0] 
[S6] 2025/11/27 09:19:17.114084 
[S6] 2025/11/27 09:19:17.114091      📌 nextIndex:  [1 1 1 1 1 1 1]
[S6] 2025/11/27 09:19:17.114106      📎 matchIndex: [0 0 0 0 0 0 0]
[S6] 2025/11/27 09:19:17.114116 ---------------------------------------------------
[S6] 2025/11/27 09:19:17.114123 
[At the end of handleAppendEntriesReply] 🗂 S6 | Term=7 | Role=Leader | CommitIndex=0 | LastApplied=0
[S6] 2025/11/27 09:19:17.114130      📜 Log: 
[S6] 2025/11/27 09:19:17.114136         [0:T0] 
[S6] 2025/11/27 09:19:17.114141 
[S6] 2025/11/27 09:19:17.114147      📌 nextIndex:  [1 1 1 1 1 1 1]
[S6] 2025/11/27 09:19:17.114156      📎 matchIndex: [0 0 0 0 0 0 0]
[S6] 2025/11/27 09:19:17.114166 ---------------------------------------------------
[S6] 2025/11/27 09:19:17.212095 
[At the start of broadcast] 🗂 S6 | Term=7 | Role=Leader | CommitIndex=0 | LastApplied=0
[S6] 2025/11/27 09:19:17.212135      📜 Log: 
[S6] 2025/11/27 09:19:17.212141         [0:T0] 
[S6] 2025/11/27 09:19:17.212144 
[S6] 2025/11/27 09:19:17.212147      📌 nextIndex:  [1 1 1 1 1 1 1]
[S6] 2025/11/27 09:19:17.212181      📎 matchIndex: [0 0 0 0 0 0 0]
[S6] 2025/11/27 09:19:17.212186 ---------------------------------------------------
[S6] 2025/11/27 09:19:17.212196 
[At the end of broadcast] 🗂 S6 | Term=7 | Role=Leader | CommitIndex=0 | LastApplied=0
[S6] 2025/11/27 09:19:17.212200      📜 Log: 
[S6] 2025/11/27 09:19:17.212202         [0:T0] 
[S6] 2025/11/27 09:19:17.212205 
[S6] 2025/11/27 09:19:17.212208      📌 nextIndex:  [1 1 1 1 1 1 1]
[S6] 2025/11/27 09:19:17.212212      📎 matchIndex: [0 0 0 0 0 0 0]
[S6] 2025/11/27 09:19:17.212215 ---------------------------------------------------
[S6] 2025/11/27 09:19:17.212606 
[At the start of handleAppendEntriesReply] 🗂 S6 | Term=7 | Role=Leader | CommitIndex=0 | LastApplied=0
[S6] 2025/11/27 09:19:17.212610      📜 Log: 
[S6] 2025/11/27 09:19:17.212613         [0:T0] 
[S6] 2025/11/27 09:19:17.212616 
[S6] 2025/11/27 09:19:17.212618      📌 nextIndex:  [1 1 1 1 1 1 1]
[S6] 2025/11/27 09:19:17.212639      📎 matchIndex: [0 0 0 0 0 0 0]
[S6] 2025/11/27 09:19:17.212647 ---------------------------------------------------
[S6] 2025/11/27 09:19:17.212652 
[At the end of handleAppendEntriesReply] 🗂 S6 | Term=7 | Role=Leader | CommitIndex=0 | LastApplied=0
[S6] 2025/11/27 09:19:17.212656      📜 Log: 
[S6] 2025/11/27 09:19:17.212659         [0:T0] 
[S6] 2025/11/27 09:19:17.212662 
[S6] 2025/11/27 09:19:17.212666      📌 nextIndex:  [1 1 1 1 1 1 1]
[S6] 2025/11/27 09:19:17.212670      📎 matchIndex: [0 0 0 0 0 0 0]
[S6] 2025/11/27 09:19:17.212675 ---------------------------------------------------
[S6] 2025/11/27 09:19:17.212791 
[At the start of handleAppendEntriesReply] 🗂 S6 | Term=7 | Role=Leader | CommitIndex=0 | LastApplied=0
[S6] 2025/11/27 09:19:17.212796      📜 Log: 
[S6] 2025/11/27 09:19:17.212799         [0:T0] 
[S6] 2025/11/27 09:19:17.212801 
[S6] 2025/11/27 09:19:17.212804      📌 nextIndex:  [1 1 1 1 1 1 1]
[S6] 2025/11/27 09:19:17.212811      📎 matchIndex: [0 0 0 0 0 0 0]
[S6] 2025/11/27 09:19:17.212815 ---------------------------------------------------
[S6] 2025/11/27 09:19:17.212819 
[At the end of handleAppendEntriesReply] 🗂 S6 | Term=7 | Role=Leader | CommitIndex=0 | LastApplied=0
[S6] 2025/11/27 09:19:17.212822      📜 Log: 
[S6] 2025/11/27 09:19:17.212824         [0:T0] 
[S6] 2025/11/27 09:19:17.212827 
[S6] 2025/11/27 09:19:17.212830      📌 nextIndex:  [1 1 1 1 1 1 1]
[S6] 2025/11/27 09:19:17.212835      📎 matchIndex: [0 0 0 0 0 0 0]
[S6] 2025/11/27 09:19:17.212839 ---------------------------------------------------
[S6] 2025/11/27 09:19:17.212847 
[At the start of handleAppendEntriesReply] 🗂 S6 | Term=7 | Role=Leader | CommitIndex=0 | LastApplied=0
[S6] 2025/11/27 09:19:17.212850      📜 Log: 
[S6] 2025/11/27 09:19:17.212853         [0:T0] 
[S6] 2025/11/27 09:19:17.212855 
[S6] 2025/11/27 09:19:17.212858      📌 nextIndex:  [1 1 1 1 1 1 1]
[S6] 2025/11/27 09:19:17.212862      📎 matchIndex: [0 0 0 0 0 0 0]
[S6] 2025/11/27 09:19:17.212879 ---------------------------------------------------
[S6] 2025/11/27 09:19:17.212882 
[At the end of handleAppendEntriesReply] 🗂 S6 | Term=7 | Role=Leader | CommitIndex=0 | LastApplied=0
[S6] 2025/11/27 09:19:17.212885      📜 Log: 
[S6] 2025/11/27 09:19:17.212888         [0:T0] 
[S6] 2025/11/27 09:19:17.212890 
[S6] 2025/11/27 09:19:17.212893      📌 nextIndex:  [1 1 1 1 1 1 1]
[S6] 2025/11/27 09:19:17.212897      📎 matchIndex: [0 0 0 0 0 0 0]
[S6] 2025/11/27 09:19:17.212901 ---------------------------------------------------
[S6] 2025/11/27 09:19:17.317013 
[At the start of broadcast] 🗂 S6 | Term=7 | Role=Leader | CommitIndex=0 | LastApplied=0
[S6] 2025/11/27 09:19:17.317086      📜 Log: 
[S6] 2025/11/27 09:19:17.317095         [0:T0] 
[S6] 2025/11/27 09:19:17.317101 
[S6] 2025/11/27 09:19:17.317107      📌 nextIndex:  [1 1 1 1 1 1 1]
[S6] 2025/11/27 09:19:17.317123      📎 matchIndex: [0 0 0 0 0 0 0]
[S6] 2025/11/27 09:19:17.317130 ---------------------------------------------------
[S6] 2025/11/27 09:19:17.317160 
[At the end of broadcast] 🗂 S6 | Term=7 | Role=Leader | CommitIndex=0 | LastApplied=0
[S6] 2025/11/27 09:19:17.317170      📜 Log: 
[S6] 2025/11/27 09:19:17.317175         [0:T0] 
[S6] 2025/11/27 09:19:17.317181 
[S6] 2025/11/27 09:19:17.317189      📌 nextIndex:  [1 1 1 1 1 1 1]
[S6] 2025/11/27 09:19:17.317198      📎 matchIndex: [0 0 0 0 0 0 0]
[S6] 2025/11/27 09:19:17.317207 ---------------------------------------------------
[S6] 2025/11/27 09:19:17.317876 
[At the start of handleAppendEntriesReply] 🗂 S6 | Term=7 | Role=Leader | CommitIndex=0 | LastApplied=0
[S6] 2025/11/27 09:19:17.317888      📜 Log: 
[S6] 2025/11/27 09:19:17.317893         [0:T0] 
[S6] 2025/11/27 09:19:17.317897 
[S6] 2025/11/27 09:19:17.317901      📌 nextIndex:  [1 1 1 1 1 1 1]
[S6] 2025/11/27 09:19:17.317913      📎 matchIndex: [0 0 0 0 0 0 0]
[S6] 2025/11/27 09:19:17.317920 ---------------------------------------------------
[S6] 2025/11/27 09:19:17.317924 
[At the end of handleAppendEntriesReply] 🗂 S6 | Term=7 | Role=Leader | CommitIndex=0 | LastApplied=0
[S6] 2025/11/27 09:19:17.317929      📜 Log: 
[S6] 2025/11/27 09:19:17.317933         [0:T0] 
[S6] 2025/11/27 09:19:17.317937 
[S6] 2025/11/27 09:19:17.317941      📌 nextIndex:  [1 1 1 1 1 1 1]
[S6] 2025/11/27 09:19:17.317947      📎 matchIndex: [0 0 0 0 0 0 0]
[S6] 2025/11/27 09:19:17.317953 ---------------------------------------------------
[S6] 2025/11/27 09:19:17.317959 
[At the start of handleAppendEntriesReply] 🗂 S6 | Term=7 | Role=Leader | CommitIndex=0 | LastApplied=0
[S6] 2025/11/27 09:19:17.317975      📜 Log: 
[S6] 2025/11/27 09:19:17.317982         [0:T0] 
[S6] 2025/11/27 09:19:17.317989 
[S6] 2025/11/27 09:19:17.317996      📌 nextIndex:  [1 1 1 1 1 1 1]
[S6] 2025/11/27 09:19:17.318008      📎 matchIndex: [0 0 0 0 0 0 0]
[S6] 2025/11/27 09:19:17.318018 ---------------------------------------------------
[S6] 2025/11/27 09:19:17.318024 
[At the end of handleAppendEntriesReply] 🗂 S6 | Term=7 | Role=Leader | CommitIndex=0 | LastApplied=0
[S6] 2025/11/27 09:19:17.318032      📜 Log: 
[S6] 2025/11/27 09:19:17.318037         [0:T0] 
[S6] 2025/11/27 09:19:17.318043 
[S6] 2025/11/27 09:19:17.318049      📌 nextIndex:  [1 1 1 1 1 1 1]
[S6] 2025/11/27 09:19:17.318058      📎 matchIndex: [0 0 0 0 0 0 0]
[S6] 2025/11/27 09:19:17.318067 ---------------------------------------------------
[S6] 2025/11/27 09:19:17.318085 
[At the start of handleAppendEntriesReply] 🗂 S6 | Term=7 | Role=Leader | CommitIndex=0 | LastApplied=0
[S6] 2025/11/27 09:19:17.318093      📜 Log: 
[S6] 2025/11/27 09:19:17.318099         [0:T0] 
[S6] 2025/11/27 09:19:17.318105 
[S6] 2025/11/27 09:19:17.318111      📌 nextIndex:  [1 1 1 1 1 1 1]
[S6] 2025/11/27 09:19:17.318120      📎 matchIndex: [0 0 0 0 0 0 0]
[S6] 2025/11/27 09:19:17.318129 ---------------------------------------------------
[S6] 2025/11/27 09:19:17.318136 
[At the end of handleAppendEntriesReply] 🗂 S6 | Term=7 | Role=Leader | CommitIndex=0 | LastApplied=0
[S6] 2025/11/27 09:19:17.318160      📜 Log: 
[S6] 2025/11/27 09:19:17.318168         [0:T0] 
[S6] 2025/11/27 09:19:17.318175 
[S6] 2025/11/27 09:19:17.318182      📌 nextIndex:  [1 1 1 1 1 1 1]
[S6] 2025/11/27 09:19:17.318193      📎 matchIndex: [0 0 0 0 0 0 0]
[S6] 2025/11/27 09:19:17.318203 ---------------------------------------------------
[S6] 2025/11/27 09:19:17.420948 
[At the start of broadcast] 🗂 S6 | Term=7 | Role=Leader | CommitIndex=0 | LastApplied=0
[S6] 2025/11/27 09:19:17.421039      📜 Log: 
[S6] 2025/11/27 09:19:17.421051         [0:T0] 
[S6] 2025/11/27 09:19:17.421059 
[S6] 2025/11/27 09:19:17.421067      📌 nextIndex:  [1 1 1 1 1 1 1]
[S6] 2025/11/27 09:19:17.421085      📎 matchIndex: [0 0 0 0 0 0 0]
[S6] 2025/11/27 09:19:17.421094 ---------------------------------------------------
[S6] 2025/11/27 09:19:17.421128 
[At the end of broadcast] 🗂 S6 | Term=7 | Role=Leader | CommitIndex=0 | LastApplied=0
[S6] 2025/11/27 09:19:17.421138      📜 Log: 
[S6] 2025/11/27 09:19:17.421145         [0:T0] 
[S6] 2025/11/27 09:19:17.421151 
[S6] 2025/11/27 09:19:17.421158      📌 nextIndex:  [1 1 1 1 1 1 1]
[S6] 2025/11/27 09:19:17.421167      📎 matchIndex: [0 0 0 0 0 0 0]
[S6] 2025/11/27 09:19:17.421176 ---------------------------------------------------
[S6] 2025/11/27 09:19:17.421784 
[At the start of handleAppendEntriesReply] 🗂 S6 | Term=7 | Role=Leader | CommitIndex=0 | LastApplied=0
[S6] 2025/11/27 09:19:17.421797      📜 Log: 
[S6] 2025/11/27 09:19:17.421803         [0:T0] 
[S6] 2025/11/27 09:19:17.421809 
[S6] 2025/11/27 09:19:17.421815      📌 nextIndex:  [1 1 1 1 1 1 1]
[S6] 2025/11/27 09:19:17.421825      📎 matchIndex: [0 0 0 0 0 0 0]
[S6] 2025/11/27 09:19:17.421833 ---------------------------------------------------
[S6] 2025/11/27 09:19:17.421839 
[At the end of handleAppendEntriesReply] 🗂 S6 | Term=7 | Role=Leader | CommitIndex=0 | LastApplied=0
[S6] 2025/11/27 09:19:17.421846      📜 Log: 
[S6] 2025/11/27 09:19:17.421851         [0:T0] 
[S6] 2025/11/27 09:19:17.421857 
[S6] 2025/11/27 09:19:17.421862      📌 nextIndex:  [1 1 1 1 1 1 1]
[S6] 2025/11/27 09:19:17.421870      📎 matchIndex: [0 0 0 0 0 0 0]
[S6] 2025/11/27 09:19:17.421878 ---------------------------------------------------
[S6] 2025/11/27 09:19:17.421885 
[At the start of handleAppendEntriesReply] 🗂 S6 | Term=7 | Role=Leader | CommitIndex=0 | LastApplied=0
[S6] 2025/11/27 09:19:17.421895      📜 Log: 
[S6] 2025/11/27 09:19:17.421899         [0:T0] 
[S6] 2025/11/27 09:19:17.421903 
[S6] 2025/11/27 09:19:17.421907      📌 nextIndex:  [1 1 1 1 1 1 1]
[S6] 2025/11/27 09:19:17.421917      📎 matchIndex: [0 0 0 0 0 0 0]
[S6] 2025/11/27 09:19:17.421922 ---------------------------------------------------
[S6] 2025/11/27 09:19:17.421926 
[At the end of handleAppendEntriesReply] 🗂 S6 | Term=7 | Role=Leader | CommitIndex=0 | LastApplied=0
[S6] 2025/11/27 09:19:17.421931      📜 Log: 
[S6] 2025/11/27 09:19:17.421934         [0:T0] 
[S6] 2025/11/27 09:19:17.421937 
[S6] 2025/11/27 09:19:17.421941      📌 nextIndex:  [1 1 1 1 1 1 1]
[S6] 2025/11/27 09:19:17.421947      📎 matchIndex: [0 0 0 0 0 0 0]
[S6] 2025/11/27 09:19:17.421953 ---------------------------------------------------
[S6] 2025/11/27 09:19:17.421960 
[At the start of handleAppendEntriesReply] 🗂 S6 | Term=7 | Role=Leader | CommitIndex=0 | LastApplied=0
[S6] 2025/11/27 09:19:17.421966      📜 Log: 
[S6] 2025/11/27 09:19:17.421969         [0:T0] 
[S6] 2025/11/27 09:19:17.421974 
[S6] 2025/11/27 09:19:17.421977      📌 nextIndex:  [1 1 1 1 1 1 1]
[S6] 2025/11/27 09:19:17.421983      📎 matchIndex: [0 0 0 0 0 0 0]
[S6] 2025/11/27 09:19:17.421988 ---------------------------------------------------
[S6] 2025/11/27 09:19:17.421993 
[At the end of handleAppendEntriesReply] 🗂 S6 | Term=7 | Role=Leader | CommitIndex=0 | LastApplied=0
[S6] 2025/11/27 09:19:17.421997      📜 Log: 
[S6] 2025/11/27 09:19:17.422001         [0:T0] 
[S6] 2025/11/27 09:19:17.422004 
[S6] 2025/11/27 09:19:17.422023      📌 nextIndex:  [1 1 1 1 1 1 1]
[S6] 2025/11/27 09:19:17.422029      📎 matchIndex: [0 0 0 0 0 0 0]
[S6] 2025/11/27 09:19:17.422034 ---------------------------------------------------
[S6] 2025/11/27 09:19:17.422040 
[At the start of handleAppendEntriesReply] 🗂 S6 | Term=7 | Role=Leader | CommitIndex=0 | LastApplied=0
[S6] 2025/11/27 09:19:17.422044      📜 Log: 
[S6] 2025/11/27 09:19:17.422047         [0:T0] 
[S6] 2025/11/27 09:19:17.422051 
[S6] 2025/11/27 09:19:17.422054      📌 nextIndex:  [1 1 1 1 1 1 1]
[S6] 2025/11/27 09:19:17.422060      📎 matchIndex: [0 0 0 0 0 0 0]
[S6] 2025/11/27 09:19:17.422065 ---------------------------------------------------
[S6] 2025/11/27 09:19:17.422069 
[At the end of handleAppendEntriesReply] 🗂 S6 | Term=7 | Role=Leader | CommitIndex=0 | LastApplied=0
[S6] 2025/11/27 09:19:17.422073      📜 Log: 
[S6] 2025/11/27 09:19:17.422076         [0:T0] 
[S6] 2025/11/27 09:19:17.422079 
[S6] 2025/11/27 09:19:17.422083      📌 nextIndex:  [1 1 1 1 1 1 1]
[S6] 2025/11/27 09:19:17.422088      📎 matchIndex: [0 0 0 0 0 0 0]
[S6] 2025/11/27 09:19:17.422094 ---------------------------------------------------
[S6] 2025/11/27 09:19:17.422109 
[At the start of handleAppendEntriesReply] 🗂 S6 | Term=7 | Role=Leader | CommitIndex=0 | LastApplied=0
[S6] 2025/11/27 09:19:17.422122      📜 Log: 
[S6] 2025/11/27 09:19:17.422129         [0:T0] 
[S6] 2025/11/27 09:19:17.422136 
[S6] 2025/11/27 09:19:17.422142      📌 nextIndex:  [1 1 1 1 1 1 1]
[S6] 2025/11/27 09:19:17.422156      📎 matchIndex: [0 0 0 0 0 0 0]
[S6] 2025/11/27 09:19:17.422166 ---------------------------------------------------
[S6] 2025/11/27 09:19:17.422280 
[At the start of handleAppendEntriesReply] 🗂 S6 | Term=8 | Role=Follower | CommitIndex=0 | LastApplied=0
[S6] 2025/11/27 09:19:17.422292      📜 Log: 
[S6] 2025/11/27 09:19:17.422298         [0:T0] 
[S6] 2025/11/27 09:19:17.422304 
[S6] 2025/11/27 09:19:17.422309 ---------------------------------------------------
[S6] 2025/11/27 09:19:17.992993 
[At the start of AppendEntries] 🗂 S6 | Term=8 | Role=Follower | CommitIndex=0 | LastApplied=0
[S6] 2025/11/27 09:19:17.993008      📜 Log: 
[S6] 2025/11/27 09:19:17.993012         [0:T0] 
[S6] 2025/11/27 09:19:17.993014 
[S6] 2025/11/27 09:19:17.993017 ---------------------------------------------------
[S6] 2025/11/27 09:19:17.993020 
[At the end of AppendEntries] 🗂 S6 | Term=8 | Role=Follower | CommitIndex=0 | LastApplied=0
[S6] 2025/11/27 09:19:17.993023      📜 Log: 
[S6] 2025/11/27 09:19:17.993025         [0:T0] 
[S6] 2025/11/27 09:19:17.993027 
[S6] 2025/11/27 09:19:17.993029 ---------------------------------------------------
[S6] 2025/11/27 09:19:18.095877 
[At the start of AppendEntries] 🗂 S6 | Term=8 | Role=Follower | CommitIndex=0 | LastApplied=0
[S6] 2025/11/27 09:19:18.095889      📜 Log: 
[S6] 2025/11/27 09:19:18.095892         [0:T0] 
[S6] 2025/11/27 09:19:18.095894 
[S6] 2025/11/27 09:19:18.095896 ---------------------------------------------------
[S6] 2025/11/27 09:19:18.095899 
[At the end of AppendEntries] 🗂 S6 | Term=8 | Role=Follower | CommitIndex=0 | LastApplied=0
[S6] 2025/11/27 09:19:18.095902      📜 Log: 
[S6] 2025/11/27 09:19:18.095903         [0:T0] 
[S6] 2025/11/27 09:19:18.095906 
[S6] 2025/11/27 09:19:18.095908 ---------------------------------------------------
[S6] 2025/11/27 09:19:18.199595 
[At the start of AppendEntries] 🗂 S6 | Term=8 | Role=Follower | CommitIndex=0 | LastApplied=0
[S6] 2025/11/27 09:19:18.199629      📜 Log: 
[S6] 2025/11/27 09:19:18.199634         [0:T0] 
[S6] 2025/11/27 09:19:18.199638 
[S6] 2025/11/27 09:19:18.199644 ---------------------------------------------------
[S6] 2025/11/27 09:19:18.199650 
[At the end of AppendEntries] 🗂 S6 | Term=8 | Role=Follower | CommitIndex=0 | LastApplied=0
[S6] 2025/11/27 09:19:18.199655      📜 Log: 
[S6] 2025/11/27 09:19:18.199660         [0:T0] 
[S6] 2025/11/27 09:19:18.199666 
[S6] 2025/11/27 09:19:18.199671 ---------------------------------------------------
[S6] 2025/11/27 09:19:18.304981 
[At the start of AppendEntries] 🗂 S6 | Term=8 | Role=Follower | CommitIndex=0 | LastApplied=0
[S6] 2025/11/27 09:19:18.305050      📜 Log: 
[S6] 2025/11/27 09:19:18.305066         [0:T0] 
[S6] 2025/11/27 09:19:18.305082 
[S6] 2025/11/27 09:19:18.305092 ---------------------------------------------------
[S6] 2025/11/27 09:19:18.305107 
[At the end of AppendEntries] 🗂 S6 | Term=8 | Role=Follower | CommitIndex=0 | LastApplied=0
[S6] 2025/11/27 09:19:18.305119      📜 Log: 
[S6] 2025/11/27 09:19:18.305130         [0:T0] 
[S6] 2025/11/27 09:19:18.305143 
[S6] 2025/11/27 09:19:18.305152 ---------------------------------------------------
[S6] 2025/11/27 09:19:18.408316 
[At the start of AppendEntries] 🗂 S6 | Term=8 | Role=Follower | CommitIndex=0 | LastApplied=0
[S6] 2025/11/27 09:19:18.408345      📜 Log: 
[S6] 2025/11/27 09:19:18.408353         [0:T0] 
[S6] 2025/11/27 09:19:18.408361 
[S6] 2025/11/27 09:19:18.408367 ---------------------------------------------------
[S6] 2025/11/27 09:19:18.408377 
[At the end of AppendEntries] 🗂 S6 | Term=8 | Role=Follower | CommitIndex=0 | LastApplied=0
[S6] 2025/11/27 09:19:18.408386      📜 Log: 
[S6] 2025/11/27 09:19:18.408394         [0:T0] 
[S6] 2025/11/27 09:19:18.408400 
[S6] 2025/11/27 09:19:18.408407 ---------------------------------------------------
